Archive member included to satisfy reference by file (symbol)

C:/PROGRA~2/ARMGNU~1/14EFD8~1.2RE/bin/../lib/gcc/arm-none-eabi/14.2.1/thumb/v8-m.main+fp/softfp\libm.a(libm_a-wf_sqrt.o)
                              CMakeFiles/receiver.dir/C_/Users/luong/.pico-sdk/sdk/2.2.0/src/rp2_common/pico_float/float_math.c.obj (sqrtf)
C:/PROGRA~2/ARMGNU~1/14EFD8~1.2RE/bin/../lib/gcc/arm-none-eabi/14.2.1/thumb/v8-m.main+fp/softfp\libm.a(libm_a-ef_sqrt.o)
                              C:/PROGRA~2/ARMGNU~1/14EFD8~1.2RE/bin/../lib/gcc/arm-none-eabi/14.2.1/thumb/v8-m.main+fp/softfp\libm.a(libm_a-wf_sqrt.o) (__ieee754_sqrtf)
C:/PROGRA~2/ARMGNU~1/14EFD8~1.2RE/bin/../lib/gcc/arm-none-eabi/14.2.1/thumb/v8-m.main+fp/softfp\libgcc.a(_arm_addsubdf3.o)
                              CMakeFiles/receiver.dir/C_/Users/luong/.pico-sdk/sdk/2.2.0/src/rp2_common/pico_float/float_math.c.obj (__aeabi_f2d)
C:/PROGRA~2/ARMGNU~1/14EFD8~1.2RE/bin/../lib/gcc/arm-none-eabi/14.2.1/thumb/v8-m.main+fp/softfp\libgcc.a(_aeabi_ldivmod.o)
                              CMakeFiles/receiver.dir/C_/Users/luong/.pico-sdk/sdk/2.2.0/src/common/pico_time/time.c.obj (__aeabi_ldivmod)
C:/PROGRA~2/ARMGNU~1/14EFD8~1.2RE/bin/../lib/gcc/arm-none-eabi/14.2.1/thumb/v8-m.main+fp/softfp\libgcc.a(_aeabi_uldivmod.o)
                              CMakeFiles/receiver.dir/main.c.obj (__aeabi_uldivmod)
C:/PROGRA~2/ARMGNU~1/14EFD8~1.2RE/bin/../lib/gcc/arm-none-eabi/14.2.1/thumb/v8-m.main+fp/softfp\libgcc.a(_udivmoddi4.o)
                              C:/PROGRA~2/ARMGNU~1/14EFD8~1.2RE/bin/../lib/gcc/arm-none-eabi/14.2.1/thumb/v8-m.main+fp/softfp\libgcc.a(_aeabi_ldivmod.o) (__udivmoddi4)
C:/PROGRA~2/ARMGNU~1/14EFD8~1.2RE/bin/../lib/gcc/arm-none-eabi/14.2.1/thumb/v8-m.main+fp/softfp\libgcc.a(_dvmd_tls.o)
                              C:/PROGRA~2/ARMGNU~1/14EFD8~1.2RE/bin/../lib/gcc/arm-none-eabi/14.2.1/thumb/v8-m.main+fp/softfp\libgcc.a(_aeabi_ldivmod.o) (__aeabi_ldiv0)
C:/PROGRA~2/ARMGNU~1/14EFD8~1.2RE/bin/../lib/gcc/arm-none-eabi/14.2.1/thumb/v8-m.main+fp/softfp\libg.a(libc_a-calloc.o)
                              CMakeFiles/receiver.dir/C_/Users/luong/.pico-sdk/sdk/2.2.0/src/rp2_common/pico_malloc/malloc.c.obj (calloc)
C:/PROGRA~2/ARMGNU~1/14EFD8~1.2RE/bin/../lib/gcc/arm-none-eabi/14.2.1/thumb/v8-m.main+fp/softfp\libg.a(libc_a-callocr.o)
                              C:/PROGRA~2/ARMGNU~1/14EFD8~1.2RE/bin/../lib/gcc/arm-none-eabi/14.2.1/thumb/v8-m.main+fp/softfp\libg.a(libc_a-calloc.o) (_calloc_r)
C:/PROGRA~2/ARMGNU~1/14EFD8~1.2RE/bin/../lib/gcc/arm-none-eabi/14.2.1/thumb/v8-m.main+fp/softfp\libg.a(libc_a-malloc.o)
                              CMakeFiles/receiver.dir/C_/Users/luong/.pico-sdk/sdk/2.2.0/src/rp2_common/pico_malloc/malloc.c.obj (malloc)
C:/PROGRA~2/ARMGNU~1/14EFD8~1.2RE/bin/../lib/gcc/arm-none-eabi/14.2.1/thumb/v8-m.main+fp/softfp\libg.a(libc_a-mallocr.o)
                              C:/PROGRA~2/ARMGNU~1/14EFD8~1.2RE/bin/../lib/gcc/arm-none-eabi/14.2.1/thumb/v8-m.main+fp/softfp\libg.a(libc_a-callocr.o) (_malloc_r)
C:/PROGRA~2/ARMGNU~1/14EFD8~1.2RE/bin/../lib/gcc/arm-none-eabi/14.2.1/thumb/v8-m.main+fp/softfp\libg.a(libc_a-mlock.o)
                              C:/PROGRA~2/ARMGNU~1/14EFD8~1.2RE/bin/../lib/gcc/arm-none-eabi/14.2.1/thumb/v8-m.main+fp/softfp\libg.a(libc_a-mallocr.o) (__malloc_lock)
C:/PROGRA~2/ARMGNU~1/14EFD8~1.2RE/bin/../lib/gcc/arm-none-eabi/14.2.1/thumb/v8-m.main+fp/softfp\libg.a(libc_a-realloc.o)
                              CMakeFiles/receiver.dir/C_/Users/luong/.pico-sdk/sdk/2.2.0/src/rp2_common/pico_malloc/malloc.c.obj (realloc)
C:/PROGRA~2/ARMGNU~1/14EFD8~1.2RE/bin/../lib/gcc/arm-none-eabi/14.2.1/thumb/v8-m.main+fp/softfp\libg.a(libc_a-reallocr.o)
                              C:/PROGRA~2/ARMGNU~1/14EFD8~1.2RE/bin/../lib/gcc/arm-none-eabi/14.2.1/thumb/v8-m.main+fp/softfp\libg.a(libc_a-realloc.o) (_realloc_r)
C:/PROGRA~2/ARMGNU~1/14EFD8~1.2RE/bin/../lib/gcc/arm-none-eabi/14.2.1/thumb/v8-m.main+fp/softfp\libg.a(libc_a-memcmp.o)
                              CMakeFiles/receiver.dir/C_/Users/luong/.pico-sdk/sdk/2.2.0/src/rp2_common/pico_atomic/atomic.c.obj (memcmp)
C:/PROGRA~2/ARMGNU~1/14EFD8~1.2RE/bin/../lib/gcc/arm-none-eabi/14.2.1/thumb/v8-m.main+fp/softfp\libg.a(libc_a-memmove.o)
                              C:/PROGRA~2/ARMGNU~1/14EFD8~1.2RE/bin/../lib/gcc/arm-none-eabi/14.2.1/thumb/v8-m.main+fp/softfp\libg.a(libc_a-reallocr.o) (memmove)
C:/PROGRA~2/ARMGNU~1/14EFD8~1.2RE/bin/../lib/gcc/arm-none-eabi/14.2.1/thumb/v8-m.main+fp/softfp\libg.a(libc_a-memset.o)
                              C:/PROGRA~2/ARMGNU~1/14EFD8~1.2RE/bin/../lib/gcc/arm-none-eabi/14.2.1/thumb/v8-m.main+fp/softfp/crt0.o (memset)
C:/PROGRA~2/ARMGNU~1/14EFD8~1.2RE/bin/../lib/gcc/arm-none-eabi/14.2.1/thumb/v8-m.main+fp/softfp\libg.a(libc_a-lcltime_r.o)
                              CMakeFiles/receiver.dir/C_/Users/luong/.pico-sdk/sdk/2.2.0/src/common/pico_util/datetime.c.obj (localtime_r)
[...]
Memory Configuration

Name             Origin             Length             Attributes
FLASH            0x10000000         0x00400000         xr
RAM              0x20000000         0x00080000         xrw
SCRATCH_X        0x20080000         0x00001000         xrw
SCRATCH_Y        0x20081000         0x00001000         xrw
*default*        0x00000000         0xffffffff

Linker script and memory map

LOAD C:/PROGRA~2/ARMGNU~1/14EFD8~1.2RE/bin/../lib/gcc/arm-none-eabi/14.2.1/thumb/v8-m.main+fp/softfp/crti.o
LOAD C:/PROGRA~2/ARMGNU~1/14EFD8~1.2RE/bin/../lib/gcc/arm-none-eabi/14.2.1/thumb/v8-m.main+fp/softfp/crtbegin.o
LOAD C:/PROGRA~2/ARMGNU~1/14EFD8~1.2RE/bin/../lib/gcc/arm-none-eabi/14.2.1/thumb/v8-m.main+fp/softfp/crt0.o

.flash_begin    0x10000000        0x0
                0x10000000                        __flash_binary_start = .

.text           0x10000000     0x4508
                0x10000000                        __logical_binary_start = .
 *(.vectors)
 .vectors       0x10000000      0x124 CMakeFiles/receiver.dir/C_/Users/luong/.pico-sdk/sdk/2.2.0/src/rp2_common/pico_crt0/crt0.S.obj
                0x10000000                __VECTOR_TABLE
                0x10000000                __vectors
                0x10000110                __unhandled_user_irq
                0x10000110                isr_irq49
                0x10000110                isr_irq13
                0x10000110                isr_irq43
                0x10000110                isr_irq45
                0x10000110                isr_irq27
                0x10000110                isr_irq32
                0x10000110                isr_irq31
                0x10000110                isr_irq12
                0x10000110                isr_irq5
                0x10000110                isr_irq11
                0x10000110                isr_irq3
                0x10000110                isr_irq23
                0x10000110                isr_usagefault
                0x10000110                isr_irq48
                0x10000110                isr_irq30
                0x10000110                isr_irq18
                0x10000110                isr_irq50
                0x10000110                isr_irq33
                0x10000110                isr_irq40
                0x10000110                isr_irq28
                0x10000110                isr_irq19
                0x10000110                isr_irq36
                0x10000110                isr_irq41
                0x10000110                isr_irq0
                0x10000110                isr_irq6
                0x10000110                isr_irq26
                0x10000110                isr_irq29
                0x10000110                isr_memmanage
                0x10000110                isr_irq37
                0x10000110                isr_irq42
                0x10000110                isr_irq22
                0x10000110                isr_irq35
                0x10000110                isr_irq17
                0x10000110                isr_irq38
                0x10000110                isr_irq14
                0x10000110                __vectors_end
                0x10000110                __default_isrs_start
                0x10000110                isr_irq2
                0x10000110                isr_irq10
                0x10000110                isr_irq8
                0x10000110                isr_debugmonitor
                0x10000110                isr_irq24
                0x10000110                isr_irq46
                0x10000110                isr_irq1
                0x10000110                isr_irq47
                0x10000110                isr_irq51
                0x10000110                isr_irq7
                0x10000110                isr_irq21
                0x10000110                isr_irq39
                0x10000110                isr_irq20
                0x10000110                isr_irq15
                0x10000110                isr_irq25
                0x10000110                isr_irq34
                0x10000110                isr_irq44
                0x10000110                isr_securefault
                0x10000110                isr_irq4
                0x10000110                isr_busfault
                0x10000110                isr_irq16
                0x10000110                isr_irq9
                0x10000116                unhandled_user_irq_num_in_r0
                0x10000118                isr_invalid
                0x1000011a                isr_nmi
                0x1000011c                isr_hardfault
                0x1000011e                isr_svcall
                0x10000120                isr_pendsv
                0x10000122                isr_systick
                0x10000124                __default_isrs_end
 *(.binary_info_header)
 .binary_info_header
                0x10000124       0x14 CMakeFiles/receiver.dir/C_/Users/luong/.pico-sdk/sdk/2.2.0/src/rp2_common/pico_crt0/crt0.S.obj
                0x10000138                        __binary_info_header_end = .
 *(.embedded_block)
 .embedded_block
                0x10000138       0x14 CMakeFiles/receiver.dir/C_/Users/luong/.pico-sdk/sdk/2.2.0/src/rp2_common/pico_crt0/crt0.S.obj
                0x1000014c                        __embedded_block_end = .
 *(.reset)
 .reset         0x1000014c       0x98 CMakeFiles/receiver.dir/C_/Users/luong/.pico-sdk/sdk/2.2.0/src/rp2_common/pico_crt0/crt0.S.obj
                0x1000014c                _entry_point
 *(.init)
 .init          0x100001e4        0x4 C:/PROGRA~2/ARMGNU~1/14EFD8~1.2RE/bin/../lib/gcc/arm-none-eabi/14.2.1/thumb/v8-m.main+fp/softfp/crti.o
                0x100001e4                _init
 SORT_BY_NAME(REVERSE(*libgcc.a:cmse_nonsecure_call.o))()
 *(EXCLUDE_FILE(*libm.a: *libc.a:*lib_a-mem*.o *libgcc.a:) .text*)
 .text.register_tm_clones
                0x100001e8       0x28 C:/PROGRA~2/ARMGNU~1/14EFD8~1.2RE/bin/../lib/gcc/arm-none-eabi/14.2.1/thumb/v8-m.main+fp/softfp/crtbegin.o
 .text.frame_dummy
                0x10000210       0x24 C:/PROGRA~2/ARMGNU~1/14EFD8~1.2RE/bin/../lib/gcc/arm-none-eabi/14.2.1/thumb/v8-m.main+fp/softfp/crtbegin.o
 .text.update_status.part.0
                0x10000234      0x54c CMakeFiles/receiver.dir/main.c.obj
 .text.init_slot_request_cache
                0x10000780       0x64 CMakeFiles/receiver.dir/main.c.obj
                0x10000780                init_slot_request_cache
 .text.init_buzzer
                0x100007e4       0x50 CMakeFiles/receiver.dir/main.c.obj
                0x100007e4                init_buzzer
 .text.receiver_loop
                0x10000834      0x7f8 CMakeFiles/receiver.dir/main.c.obj
                0x10000834                receiver_loop
 .text.startup.main
                0x1000102c       0xe0 CMakeFiles/receiver.dir/main.c.obj
                0x1000102c                main
 .text.gpio_set_function
                0x1000110c       0x3c CMakeFiles/receiver.dir/C_/Users/luong/.pico-sdk/sdk/2.2.0/src/rp2_common/hardware_gpio/gpio.c.obj
                0x1000110c                gpio_set_function
 .text.gpio_init
                0x10001148       0x48 CMakeFiles/receiver.dir/C_/Users/luong/.pico-sdk/sdk/2.2.0/src/rp2_common/hardware_gpio/gpio.c.obj
                0x10001148                gpio_init
 .text.panic    0x10001190       0x30 CMakeFiles/receiver.dir/C_/Users/luong/.pico-sdk/sdk/2.2.0/src/rp2_common/pico_platform_panic/panic.c.obj
                0x10001190                panic
 .text.hw_claim_or_assert
                0x100011c0       0x58 CMakeFiles/receiver.dir/C_/Users/luong/.pico-sdk/sdk/2.2.0/src/common/hardware_claim/claim.c.obj
                0x100011c0                hw_claim_or_assert
 .text.next_striped_spin_lock_num
                0x10001218       0x18 CMakeFiles/receiver.dir/C_/Users/luong/.pico-sdk/sdk/2.2.0/src/rp2_common/hardware_sync/sync.c.obj
                0x10001218                next_striped_spin_lock_num
 .text.spinlock_set_extexclall
                0x10001230       0x10 CMakeFiles/receiver.dir/C_/Users/luong/.pico-sdk/sdk/2.2.0/src/rp2_common/hardware_sync_spin_lock/sync_spin_lock.c.obj
 .text.spin_locks_reset
                0x10001240       0x18 CMakeFiles/receiver.dir/C_/Users/luong/.pico-sdk/sdk/2.2.0/src/rp2_common/hardware_sync_spin_lock/sync_spin_lock.c.obj
                0x10001240                spin_locks_reset
 .text.runtime_init_per_core_irq_priorities
                0x10001258       0x40 CMakeFiles/receiver.dir/C_/Users/luong/.pico-sdk/sdk/2.2.0/src/rp2_common/hardware_irq/irq.c.obj
                0x10001258                runtime_init_per_core_irq_priorities
 .text.irq_set_enabled
                0x10001298       0x2c CMakeFiles/receiver.dir/C_/Users/luong/.pico-sdk/sdk/2.2.0/src/rp2_common/hardware_irq/irq.c.obj
                0x10001298                irq_set_enabled
 .text.irq_set_exclusive_handler
                0x100012c4       0x60 CMakeFiles/receiver.dir/C_/Users/luong/.pico-sdk/sdk/2.2.0/src/rp2_common/hardware_irq/irq.c.obj
                0x100012c4                irq_set_exclusive_handler
 .text.irq_remove_handler
                0x10001324      0x1f4 CMakeFiles/receiver.dir/C_/Users/luong/.pico-sdk/sdk/2.2.0/src/rp2_common/hardware_irq/irq.c.obj
                0x10001324                irq_remove_handler
 .text.irq_add_tail_to_free_list
                0x10001518       0xbc CMakeFiles/receiver.dir/C_/Users/luong/.pico-sdk/sdk/2.2.0/src/rp2_common/hardware_irq/irq.c.obj
                0x10001518                irq_add_tail_to_free_list
 .text.lock_init
                0x100015d4        0xc CMakeFiles/receiver.dir/C_/Users/luong/.pico-sdk/sdk/2.2.0/src/common/pico_sync/lock_core.c.obj
                0x100015d4                lock_init
 .text.runtime_init_mutex
                0x100015e0       0x4c CMakeFiles/receiver.dir/C_/Users/luong/.pico-sdk/sdk/2.2.0/src/common/pico_sync/mutex.c.obj
                0x100015e0                runtime_init_mutex
 .text.sleep_until_callback
                0x1000162c       0x3c CMakeFiles/receiver.dir/C_/Users/luong/.pico-sdk/sdk/2.2.0/src/common/pico_time/time.c.obj
 .text.alarm_pool_irq_handler
                0x10001668      0x2f0 CMakeFiles/receiver.dir/C_/Users/luong/.pico-sdk/sdk/2.2.0/src/common/pico_time/time.c.obj
 .text.runtime_init_default_alarm_pool
                0x10001958      0x100 CMakeFiles/receiver.dir/C_/Users/luong/.pico-sdk/sdk/2.2.0/src/common/pico_time/time.c.obj
                0x10001958                runtime_init_default_alarm_pool
 .text.alarm_pool_add_alarm_at_force_in_context
                0x10001a58       0xc8 CMakeFiles/receiver.dir/C_/Users/luong/.pico-sdk/sdk/2.2.0/src/common/pico_time/time.c.obj
                0x10001a58                alarm_pool_add_alarm_at_force_in_context
 .text.alarm_pool_cancel_alarm
                0x10001b20       0x80 CMakeFiles/receiver.dir/C_/Users/luong/.pico-sdk/sdk/2.2.0/src/common/pico_time/time.c.obj
                0x10001b20                alarm_pool_cancel_alarm
 .text.sleep_us
                0x10001ba0       0xd8 CMakeFiles/receiver.dir/C_/Users/luong/.pico-sdk/sdk/2.2.0/src/common/pico_time/time.c.obj
                0x10001ba0                sleep_us
 .text.sleep_ms
                0x10001c78       0xdc CMakeFiles/receiver.dir/C_/Users/luong/.pico-sdk/sdk/2.2.0/src/common/pico_time/time.c.obj
                0x10001c78                sleep_ms
 .text.best_effort_wfe_or_timeout
                0x10001d54       0xd4 CMakeFiles/receiver.dir/C_/Users/luong/.pico-sdk/sdk/2.2.0/src/common/pico_time/time.c.obj
                0x10001d54                best_effort_wfe_or_timeout
 .text.timer_hardware_alarm_claim
                0x10001e28       0x24 CMakeFiles/receiver.dir/C_/Users/luong/.pico-sdk/sdk/2.2.0/src/rp2_common/hardware_timer/timer.c.obj
                0x10001e28                timer_hardware_alarm_claim
 .text.timer_time_us_64
                0x10001e4c       0x10 CMakeFiles/receiver.dir/C_/Users/luong/.pico-sdk/sdk/2.2.0/src/rp2_common/hardware_timer/timer.c.obj
                0x10001e4c                timer_time_us_64
 .text.time_us_64
                0x10001e5c       0x14 CMakeFiles/receiver.dir/C_/Users/luong/.pico-sdk/sdk/2.2.0/src/rp2_common/hardware_timer/timer.c.obj
                0x10001e5c                time_us_64
 .text.busy_wait_us
                0x10001e70       0x5c CMakeFiles/receiver.dir/C_/Users/luong/.pico-sdk/sdk/2.2.0/src/rp2_common/hardware_timer/timer.c.obj
                0x10001e70                busy_wait_us
 .text.busy_wait_until
                0x10001ecc       0x24 CMakeFiles/receiver.dir/C_/Users/luong/.pico-sdk/sdk/2.2.0/src/rp2_common/hardware_timer/timer.c.obj
                0x10001ecc                busy_wait_until
 .text.uart_init
                0x10001ef0      0x104 CMakeFiles/receiver.dir/C_/Users/luong/.pico-sdk/sdk/2.2.0/src/rp2_common/hardware_uart/uart.c.obj
                0x10001ef0                uart_init
 .text.clock_configure_undivided
                0x10001ff4       0xd0 CMakeFiles/receiver.dir/C_/Users/luong/.pico-sdk/sdk/2.2.0/src/rp2_common/hardware_clocks/clocks.c.obj
                0x10001ff4                clock_configure_undivided
 .text.clock_get_hz
                0x100020c4        0xc CMakeFiles/receiver.dir/C_/Users/luong/.pico-sdk/sdk/2.2.0/src/rp2_common/hardware_clocks/clocks.c.obj
                0x100020c4                clock_get_hz
 .text.pll_init
                0x100020d0       0x8c CMakeFiles/receiver.dir/C_/Users/luong/.pico-sdk/sdk/2.2.0/src/rp2_common/hardware_pll/pll.c.obj
                0x100020d0                pll_init
 .text.tick_start
                0x1000215c       0x18 CMakeFiles/receiver.dir/C_/Users/luong/.pico-sdk/sdk/2.2.0/src/rp2_common/hardware_ticks/ticks.c.obj
                0x1000215c                tick_start
 .text.rom_func_lookup
                0x10002174       0x18 CMakeFiles/receiver.dir/C_/Users/luong/.pico-sdk/sdk/2.2.0/src/rp2_common/pico_bootrom/bootrom.c.obj
                0x10002174                rom_func_lookup
 .text.runtime_init_bootrom_locking_enable
                0x1000218c       0x14 CMakeFiles/receiver.dir/C_/Users/luong/.pico-sdk/sdk/2.2.0/src/rp2_common/pico_bootrom/bootrom_lock.c.obj
                0x1000218c                runtime_init_bootrom_locking_enable
 .text.runtime_init_boot_locks_reset
                0x100021a0       0x1c CMakeFiles/receiver.dir/C_/Users/luong/.pico-sdk/sdk/2.2.0/src/rp2_common/hardware_boot_lock/boot_lock.c.obj
                0x100021a0                runtime_init_boot_locks_reset
 .text.xosc_init
                0x100021bc       0x30 CMakeFiles/receiver.dir/C_/Users/luong/.pico-sdk/sdk/2.2.0/src/rp2_common/hardware_xosc/xosc.c.obj
                0x100021bc                xosc_init
 .text.first_per_core_initializer
                0x100021ec        0x4 CMakeFiles/receiver.dir/C_/Users/luong/.pico-sdk/sdk/2.2.0/src/rp2_common/pico_runtime/runtime.c.obj
 .text.hard_assertion_failure
                0x100021f0        0xc CMakeFiles/receiver.dir/C_/Users/luong/.pico-sdk/sdk/2.2.0/src/rp2_common/pico_runtime/runtime.c.obj
                0x100021f0                hard_assertion_failure
 .text.runtime_run_initializers
                0x100021fc       0x20 CMakeFiles/receiver.dir/C_/Users/luong/.pico-sdk/sdk/2.2.0/src/rp2_common/pico_runtime/runtime.c.obj
                0x100021fc                runtime_run_initializers
 .text.runtime_init_early_resets
                0x1000221c       0x34 CMakeFiles/receiver.dir/C_/Users/luong/.pico-sdk/sdk/2.2.0/src/rp2_common/pico_runtime_init/runtime_init.c.obj
                0x1000221c                runtime_init_early_resets
 .text.runtime_init_usb_power_down
                0x10002250       0x1c CMakeFiles/receiver.dir/C_/Users/luong/.pico-sdk/sdk/2.2.0/src/rp2_common/pico_runtime_init/runtime_init.c.obj
                0x10002250                runtime_init_usb_power_down
 .text.runtime_init_per_core_enable_coprocessors
                0x1000226c       0x1c CMakeFiles/receiver.dir/C_/Users/luong/.pico-sdk/sdk/2.2.0/src/rp2_common/pico_runtime_init/runtime_init.c.obj
                0x1000226c                runtime_init_per_core_enable_coprocessors
 .text.runtime_init_post_clock_resets
                0x10002288       0x20 CMakeFiles/receiver.dir/C_/Users/luong/.pico-sdk/sdk/2.2.0/src/rp2_common/pico_runtime_init/runtime_init.c.obj
                0x10002288                runtime_init_post_clock_resets
 .text.runtime_init_bootrom_reset
                0x100022a8       0x14 CMakeFiles/receiver.dir/C_/Users/luong/.pico-sdk/sdk/2.2.0/src/rp2_common/pico_runtime_init/runtime_init.c.obj
                0x100022a8                runtime_init_bootrom_reset
 .text.runtime_init_per_core_bootrom_reset
                0x100022bc       0x14 CMakeFiles/receiver.dir/C_/Users/luong/.pico-sdk/sdk/2.2.0/src/rp2_common/pico_runtime_init/runtime_init.c.obj
                0x100022bc                runtime_init_per_core_bootrom_reset
 .text.runtime_init_spin_locks_reset
                0x100022d0        0x4 CMakeFiles/receiver.dir/C_/Users/luong/.pico-sdk/sdk/2.2.0/src/rp2_common/pico_runtime_init/runtime_init.c.obj
                0x100022d0                runtime_init_spin_locks_reset
 .text.runtime_init_install_ram_vector_table
                0x100022d4       0x68 CMakeFiles/receiver.dir/C_/Users/luong/.pico-sdk/sdk/2.2.0/src/rp2_common/pico_runtime_init/runtime_init.c.obj
                0x100022d4                runtime_init_install_ram_vector_table
 .text.runtime_init_clocks
                0x1000233c       0xdc CMakeFiles/receiver.dir/C_/Users/luong/.pico-sdk/sdk/2.2.0/src/rp2_common/pico_runtime_init/runtime_init_clocks.c.obj
                0x1000233c                runtime_init_clocks
 .text.__rp2350_dcp_engaged_state_save_restore
                0x10002418       0x3a CMakeFiles/receiver.dir/C_/Users/luong/.pico-sdk/sdk/2.2.0/src/rp2_common/pico_double/double_aeabi_dcp.S.obj
 *fill*         0x10002452        0x2 
 .text.__wrap___aeabi_dadd
                0x10002454       0x28 CMakeFiles/receiver.dir/C_/Users/luong/.pico-sdk/sdk/2.2.0/src/rp2_common/pico_double/double_aeabi_dcp.S.obj
                0x1000245c                __wrap___aeabi_dadd
 .text.__wrap___aeabi_dsub
                0x1000247c       0x28 CMakeFiles/receiver.dir/C_/Users/luong/.pico-sdk/sdk/2.2.0/src/rp2_common/pico_double/double_aeabi_dcp.S.obj
                0x10002484                __wrap___aeabi_dsub
 .text.__wrap___aeabi_dmul
                0x100024a4       0x4c CMakeFiles/receiver.dir/C_/Users/luong/.pico-sdk/sdk/2.2.0/src/rp2_common/pico_double/double_aeabi_dcp.S.obj
                0x100024ac                __wrap___aeabi_dmul
 .text.__wrap___aeabi_ddiv
                0x100024f0       0x9c CMakeFiles/receiver.dir/C_/Users/luong/.pico-sdk/sdk/2.2.0/src/rp2_common/pico_double/double_aeabi_dcp.S.obj
                0x100024f8                __wrap___aeabi_ddiv
 .text.__wrap___aeabi_i2d
                0x1000258c       0x24 CMakeFiles/receiver.dir/C_/Users/luong/.pico-sdk/sdk/2.2.0/src/rp2_common/pico_double/double_aeabi_dcp.S.obj
                0x10002594                int2double
                0x10002594                __wrap___aeabi_i2d
 .text.__wrap___aeabi_ui2d
                0x100025b0       0x24 CMakeFiles/receiver.dir/C_/Users/luong/.pico-sdk/sdk/2.2.0/src/rp2_common/pico_double/double_aeabi_dcp.S.obj
                0x100025b8                uint2double
                0x100025b8                __wrap___aeabi_ui2d
 .text.__wrap___aeabi_d2iz
                0x100025d4       0x24 CMakeFiles/receiver.dir/C_/Users/luong/.pico-sdk/sdk/2.2.0/src/rp2_common/pico_double/double_aeabi_dcp.S.obj
                0x100025dc                double2int_z
                0x100025dc                __wrap___aeabi_d2iz
 .text.__wrap___aeabi_d2uiz
                0x100025f8       0x24 CMakeFiles/receiver.dir/C_/Users/luong/.pico-sdk/sdk/2.2.0/src/rp2_common/pico_double/double_aeabi_dcp.S.obj
                0x10002600                double2uint
                0x10002600                __wrap___aeabi_d2uiz
                0x10002600                double2uint_z
 .text.__wrap___aeabi_dcmpun
                0x1000261c       0x24 CMakeFiles/receiver.dir/C_/Users/luong/.pico-sdk/sdk/2.2.0/src/rp2_common/pico_double/double_aeabi_dcp.S.obj
                0x10002624                __wrap___aeabi_dcmpun
 .text.__wrap___aeabi_dcmplt
                0x10002640       0x28 CMakeFiles/receiver.dir/C_/Users/luong/.pico-sdk/sdk/2.2.0/src/rp2_common/pico_double/double_aeabi_dcp.S.obj
                0x10002648                __wrap___aeabi_dcmplt
 .text.__wrap___aeabi_dcmple
                0x10002668       0x28 CMakeFiles/receiver.dir/C_/Users/luong/.pico-sdk/sdk/2.2.0/src/rp2_common/pico_double/double_aeabi_dcp.S.obj
                0x10002670                __wrap___aeabi_dcmple
 .text.__wrap___aeabi_dcmpge
                0x10002690       0x28 CMakeFiles/receiver.dir/C_/Users/luong/.pico-sdk/sdk/2.2.0/src/rp2_common/pico_double/double_aeabi_dcp.S.obj
                0x10002698                __wrap___aeabi_dcmpge
 .text.__wrap___aeabi_dcmpgt
                0x100026b8       0x28 CMakeFiles/receiver.dir/C_/Users/luong/.pico-sdk/sdk/2.2.0/src/rp2_common/pico_double/double_aeabi_dcp.S.obj
                0x100026c0                __wrap___aeabi_dcmpgt
 .text._out_buffer
                0x100026e0        0x8 CMakeFiles/receiver.dir/C_/Users/luong/.pico-sdk/sdk/2.2.0/src/rp2_common/pico_printf/printf.c.obj
 .text._out_null
                0x100026e8        0x4 CMakeFiles/receiver.dir/C_/Users/luong/.pico-sdk/sdk/2.2.0/src/rp2_common/pico_printf/printf.c.obj
 .text._out_rev
                0x100026ec       0x9c CMakeFiles/receiver.dir/C_/Users/luong/.pico-sdk/sdk/2.2.0/src/rp2_common/pico_printf/printf.c.obj
 .text._ntoa_format
                0x10002788      0x1d4 CMakeFiles/receiver.dir/C_/Users/luong/.pico-sdk/sdk/2.2.0/src/rp2_common/pico_printf/printf.c.obj
 .text._out_char
                0x1000295c        0x8 CMakeFiles/receiver.dir/C_/Users/luong/.pico-sdk/sdk/2.2.0/src/rp2_common/pico_printf/printf.c.obj
 *fill*         0x10002964        0x4 
 .text._ftoa    0x10002968      0x4bc CMakeFiles/receiver.dir/C_/Users/luong/.pico-sdk/sdk/2.2.0/src/rp2_common/pico_printf/printf.c.obj
 *fill*         0x10002e24        0x4 
 .text._etoa    0x10002e28      0x574 CMakeFiles/receiver.dir/C_/Users/luong/.pico-sdk/sdk/2.2.0/src/rp2_common/pico_printf/printf.c.obj
 .text._vsnprintf
                0x1000339c      0x9e4 CMakeFiles/receiver.dir/C_/Users/luong/.pico-sdk/sdk/2.2.0/src/rp2_common/pico_printf/printf.c.obj
 .text.__wrap_snprintf
                0x10003d80       0x2c CMakeFiles/receiver.dir/C_/Users/luong/.pico-sdk/sdk/2.2.0/src/rp2_common/pico_printf/printf.c.obj
                0x10003d80                __wrap_snprintf
 .text.weak_raw_vprintf
                0x10003dac       0x30 CMakeFiles/receiver.dir/C_/Users/luong/.pico-sdk/sdk/2.2.0/src/rp2_common/pico_printf/printf.c.obj
                0x10003dac                weak_raw_vprintf
 .text._exit    0x10003ddc        0x4 CMakeFiles/receiver.dir/C_/Users/luong/.pico-sdk/sdk/2.2.0/src/rp2_common/pico_clib_interface/newlib_interface.c.obj
                0x10003ddc                _exit
 .text.exit     0x10003de0        0x8 CMakeFiles/receiver.dir/C_/Users/luong/.pico-sdk/sdk/2.2.0/src/rp2_common/pico_clib_interface/newlib_interface.c.obj
                0x10003de0                exit
 .text.runtime_init
                0x10003de8       0x24 CMakeFiles/receiver.dir/C_/Users/luong/.pico-sdk/sdk/2.2.0/src/rp2_common/pico_clib_interface/newlib_interface.c.obj
                0x10003de8                runtime_init
 .text.stdio_out_chars_no_crlf
                0x10003e0c        0x8 CMakeFiles/receiver.dir/C_/Users/luong/.pico-sdk/sdk/2.2.0/src/rp2_common/pico_stdio/stdio.c.obj
 .text.stdio_out_chars_crlf
                0x10003e14       0xb0 CMakeFiles/receiver.dir/C_/Users/luong/.pico-sdk/sdk/2.2.0/src/rp2_common/pico_stdio/stdio.c.obj
 .text.stdio_put_string
                0x10003ec4       0xec CMakeFiles/receiver.dir/C_/Users/luong/.pico-sdk/sdk/2.2.0/src/rp2_common/pico_stdio/stdio.c.obj
                0x10003ec4                stdio_put_string
 .text.stdio_set_driver_enabled
                0x10003fb0       0x28 CMakeFiles/receiver.dir/C_/Users/luong/.pico-sdk/sdk/2.2.0/src/rp2_common/pico_stdio/stdio.c.obj
                0x10003fb0                stdio_set_driver_enabled
 .text.__wrap_putchar
                0x10003fd8       0x84 CMakeFiles/receiver.dir/C_/Users/luong/.pico-sdk/sdk/2.2.0/src/rp2_common/pico_stdio/stdio.c.obj
                0x10003fd8                __wrap_putchar
                0x10003fd8                stdio_putchar
 .text.__wrap_puts
                0x1000405c       0x3c CMakeFiles/receiver.dir/C_/Users/luong/.pico-sdk/sdk/2.2.0/src/rp2_common/pico_stdio/stdio.c.obj
                0x1000405c                stdio_puts
                0x1000405c                __wrap_puts
 .text.stdio_uart_out_chars
                0x10004098       0x50 CMakeFiles/receiver.dir/C_/Users/luong/.pico-sdk/sdk/2.2.0/src/rp2_common/pico_stdio_uart/stdio_uart.c.obj
 .text.stdio_uart_in_chars
                0x100040e8       0x94 CMakeFiles/receiver.dir/C_/Users/luong/.pico-sdk/sdk/2.2.0/src/rp2_common/pico_stdio_uart/stdio_uart.c.obj
                0x100040e8                stdio_uart_in_chars
 .text.on_uart_rx
                0x1000417c       0x24 CMakeFiles/receiver.dir/C_/Users/luong/.pico-sdk/sdk/2.2.0/src/rp2_common/pico_stdio_uart/stdio_uart.c.obj
 .text.stdio_uart_out_flush
                0x100041a0       0x10 CMakeFiles/receiver.dir/C_/Users/luong/.pico-sdk/sdk/2.2.0/src/rp2_common/pico_stdio_uart/stdio_uart.c.obj
 .text.stdio_uart_set_chars_available_callback
                0x100041b0       0x88 CMakeFiles/receiver.dir/C_/Users/luong/.pico-sdk/sdk/2.2.0/src/rp2_common/pico_stdio_uart/stdio_uart.c.obj
 .text.stdio_uart_init
                0x10004238       0x54 CMakeFiles/receiver.dir/C_/Users/luong/.pico-sdk/sdk/2.2.0/src/rp2_common/pico_stdio_uart/stdio_uart.c.obj
                0x10004238                stdio_uart_init
 .text.startup._retrieve_unique_id_on_boot
                0x1000428c       0x30 CMakeFiles/receiver.dir/C_/Users/luong/.pico-sdk/sdk/2.2.0/src/rp2_common/pico_unique_id/unique_id.c.obj
 .text.memset   0x100042bc       0x9c C:/PROGRA~2/ARMGNU~1/14EFD8~1.2RE/bin/../lib/gcc/arm-none-eabi/14.2.1/thumb/v8-m.main+fp/softfp\libg.a(libc_a-memset.o)
                0x100042bc                memset
 .text          0x10004358       0xec C:/PROGRA~2/ARMGNU~1/14EFD8~1.2RE/bin/../lib/gcc/arm-none-eabi/14.2.1/thumb/v8-m.main+fp/softfp\libg.a(libc_a-memcpy.o)
                0x10004358                memcpy
 .text.strlen   0x10004444       0x5c C:/PROGRA~2/ARMGNU~1/14EFD8~1.2RE/bin/../lib/gcc/arm-none-eabi/14.2.1/thumb/v8-m.main+fp/softfp\libg.a(libc_a-strlen-stub.o)
                0x10004444                strlen
 *(.fini)
 .fini          0x100044a0        0x4 C:/PROGRA~2/ARMGNU~1/14EFD8~1.2RE/bin/../lib/gcc/arm-none-eabi/14.2.1/thumb/v8-m.main+fp/softfp/crti.o
                0x100044a0                _fini
 *fill*         0x100044a4        0x4 
 .fini.__stub   0x100044a8       0x18 linker stubs
 *crtbegin.o(.ctors)
 *crtbegin?.o(.ctors)
 *(EXCLUDE_FILE(*crtend.o *crtend?.o) .ctors)
 *(SORT_BY_NAME(.ctors.*))
 *(.ctors)
 *crtbegin.o(.dtors)
 *crtbegin?.o(.dtors)
 *(EXCLUDE_FILE(*crtend.o *crtend?.o) .dtors)
 *(SORT_BY_NAME(.dtors.*))
 *(.dtors)
                0x100044c0                        . = ALIGN (0x4)
                0x100044c0                        PROVIDE (__preinit_array_start = .)
 *(SORT_BY_NAME(.preinit_array.*))
 .preinit_array.00050
                0x100044c0        0x4 CMakeFiles/receiver.dir/C_/Users/luong/.pico-sdk/sdk/2.2.0/src/rp2_common/pico_runtime_init/runtime_init.c.obj
                0x100044c0                __pre_init_runtime_init_bootrom_reset
 .preinit_array.00100
                0x100044c4        0x4 CMakeFiles/receiver.dir/C_/Users/luong/.pico-sdk/sdk/2.2.0/src/rp2_common/pico_runtime_init/runtime_init.c.obj
                0x100044c4                __pre_init_runtime_init_early_resets
 .preinit_array.00101
                0x100044c8        0x4 CMakeFiles/receiver.dir/C_/Users/luong/.pico-sdk/sdk/2.2.0/src/rp2_common/pico_runtime_init/runtime_init.c.obj
                0x100044c8                __pre_init_runtime_init_usb_power_down
 .preinit_array.00500
                0x100044cc        0x4 CMakeFiles/receiver.dir/C_/Users/luong/.pico-sdk/sdk/2.2.0/src/rp2_common/pico_runtime_init/runtime_init.c.obj
                0x100044cc                __pre_init_runtime_init_clocks
 .preinit_array.00600
                0x100044d0        0x4 CMakeFiles/receiver.dir/C_/Users/luong/.pico-sdk/sdk/2.2.0/src/rp2_common/pico_runtime_init/runtime_init.c.obj
                0x100044d0                __pre_init_runtime_init_post_clock_resets
 .preinit_array.01000
                0x100044d4        0x4 CMakeFiles/receiver.dir/C_/Users/luong/.pico-sdk/sdk/2.2.0/src/rp2_common/hardware_boot_lock/boot_lock.c.obj
                0x100044d4                __pre_init_runtime_init_boot_locks_reset
 .preinit_array.01000
                0x100044d8        0x4 CMakeFiles/receiver.dir/C_/Users/luong/.pico-sdk/sdk/2.2.0/src/rp2_common/pico_runtime_init/runtime_init.c.obj
                0x100044d8                __pre_init_runtime_init_spin_locks_reset
 .preinit_array.01010
                0x100044dc        0x4 CMakeFiles/receiver.dir/C_/Users/luong/.pico-sdk/sdk/2.2.0/src/rp2_common/pico_bootrom/bootrom_lock.c.obj
                0x100044dc                __pre_init_runtime_init_bootrom_locking_enable
 .preinit_array.01100
                0x100044e0        0x4 CMakeFiles/receiver.dir/C_/Users/luong/.pico-sdk/sdk/2.2.0/src/common/pico_sync/mutex.c.obj
                0x100044e0                __pre_init_runtime_init_mutex
 .preinit_array.10080
                0x100044e4        0x4 CMakeFiles/receiver.dir/C_/Users/luong/.pico-sdk/sdk/2.2.0/src/rp2_common/pico_runtime_init/runtime_init.c.obj
                0x100044e4                __pre_init_runtime_init_install_ram_vector_table
 .preinit_array.11000
                0x100044e8        0x4 CMakeFiles/receiver.dir/C_/Users/luong/.pico-sdk/sdk/2.2.0/src/common/pico_time/time.c.obj
                0x100044e8                __pre_init_runtime_init_default_alarm_pool
 .preinit_array.YYYYY
                0x100044ec        0x4 CMakeFiles/receiver.dir/C_/Users/luong/.pico-sdk/sdk/2.2.0/src/rp2_common/pico_runtime/runtime.c.obj
                0x100044ec                __pre_init_first_per_core_initializer
 .preinit_array.ZZZZZ.00051
                0x100044f0        0x4 CMakeFiles/receiver.dir/C_/Users/luong/.pico-sdk/sdk/2.2.0/src/rp2_common/pico_runtime_init/runtime_init.c.obj
                0x100044f0                __pre_init_runtime_init_per_core_bootrom_reset
 .preinit_array.ZZZZZ.00200
                0x100044f4        0x4 CMakeFiles/receiver.dir/C_/Users/luong/.pico-sdk/sdk/2.2.0/src/rp2_common/pico_runtime_init/runtime_init.c.obj
                0x100044f4                __pre_init_runtime_init_per_core_enable_coprocessors
 .preinit_array.ZZZZZ.01000
                0x100044f8        0x4 CMakeFiles/receiver.dir/C_/Users/luong/.pico-sdk/sdk/2.2.0/src/rp2_common/hardware_sync_spin_lock/sync_spin_lock.c.obj
                0x100044f8                __pre_init_spinlock_set_extexclall
 .preinit_array.ZZZZZ.01200
                0x100044fc        0x4 CMakeFiles/receiver.dir/C_/Users/luong/.pico-sdk/sdk/2.2.0/src/rp2_common/hardware_irq/irq.c.obj
                0x100044fc                __pre_init_runtime_init_per_core_irq_priorities
 *(.preinit_array)
                0x10004500                        PROVIDE (__preinit_array_end = .)
                0x10004500                        . = ALIGN (0x4)
                0x10004500                        PROVIDE (__init_array_start = .)
 *(SORT_BY_NAME(.init_array.*))
 .init_array.01000
                0x10004500        0x4 CMakeFiles/receiver.dir/C_/Users/luong/.pico-sdk/sdk/2.2.0/src/rp2_common/pico_unique_id/unique_id.c.obj
 *(.init_array)
 .init_array    0x10004504        0x4 C:/PROGRA~2/ARMGNU~1/14EFD8~1.2RE/bin/../lib/gcc/arm-none-eabi/14.2.1/thumb/v8-m.main+fp/softfp/crtbegin.o
                0x10004508                        PROVIDE (__init_array_end = .)
                0x10004508                        . = ALIGN (0x4)
                [!provide]                        PROVIDE (__fini_array_start = .)
 *(SORT_BY_NAME(.fini_array.*))
 *(.fini_array)
                [!provide]                        PROVIDE (__fini_array_end = .)
 *(.eh_frame*)
 .eh_frame      0x10004508        0x0 C:/PROGRA~2/ARMGNU~1/14EFD8~1.2RE/bin/../lib/gcc/arm-none-eabi/14.2.1/thumb/v8-m.main+fp/softfp/crtbegin.o
                0x10004508                        . = ALIGN (0x4)

.glue_7         0x10004508        0x0
 .glue_7        0x10004508        0x0 linker stubs

.glue_7t        0x10004508        0x0
 .glue_7t       0x10004508        0x0 linker stubs

.vfp11_veneer   0x10004508        0x0
 .vfp11_veneer  0x10004508        0x0 linker stubs

.v4_bx          0x10004508        0x0
 .v4_bx         0x10004508        0x0 linker stubs

.iplt           0x10004508        0x0
 .iplt          0x10004508        0x0 C:/PROGRA~2/ARMGNU~1/14EFD8~1.2RE/bin/../lib/gcc/arm-none-eabi/14.2.1/thumb/v8-m.main+fp/softfp/crtbegin.o

.boot2          0x10004508        0x0
                0x10004508                        __boot2_start__ = .
 *(.boot2)
                0x10004508                        __boot2_end__ = .
                0x00000001                        ASSERT (((__boot2_end__ - __boot2_start__) <= 0x100), ERROR: Pico second stage bootloader must be no more than 256 bytes in size)

.rodata         0x10004508      0x1c0
 *(EXCLUDE_FILE(*libm.a: *libc.a:*lib_a-mem*.o *libgcc.a:) .rodata*)
 .rodata.init_slot_request_cache.str1.4
                0x10004508       0xfc CMakeFiles/receiver.dir/main.c.obj
                                 0x10 (size before relaxing)
 .rodata.receiver_loop.str1.4
                0x10004604       0x21 CMakeFiles/receiver.dir/main.c.obj
 .rodata.panic.str1.4
                0x10004604       0x12 CMakeFiles/receiver.dir/C_/Users/luong/.pico-sdk/sdk/2.2.0/src/rp2_common/pico_platform_panic/panic.c.obj
 .rodata.timer_hardware_alarm_claim.str1.4
                0x10004604       0x22 CMakeFiles/receiver.dir/C_/Users/luong/.pico-sdk/sdk/2.2.0/src/rp2_common/hardware_timer/timer.c.obj
 .rodata.hard_assertion_failure.str1.4
                0x10004604        0xc CMakeFiles/receiver.dir/C_/Users/luong/.pico-sdk/sdk/2.2.0/src/rp2_common/pico_runtime/runtime.c.obj
 .rodata.str1.4
                0x10004604       0x40 CMakeFiles/receiver.dir/C_/Users/luong/.pico-sdk/sdk/2.2.0/src/rp2_common/pico_standard_binary_info/standard_binary_info.c.obj
 .rodata.__bi_84
                0x10004604        0xc CMakeFiles/receiver.dir/C_/Users/luong/.pico-sdk/sdk/2.2.0/src/rp2_common/pico_standard_binary_info/standard_binary_info.c.obj
 .rodata.__bi_78
                0x10004610        0xc CMakeFiles/receiver.dir/C_/Users/luong/.pico-sdk/sdk/2.2.0/src/rp2_common/pico_standard_binary_info/standard_binary_info.c.obj
 .rodata.__bi_54
                0x1000461c        0xc CMakeFiles/receiver.dir/C_/Users/luong/.pico-sdk/sdk/2.2.0/src/rp2_common/pico_standard_binary_info/standard_binary_info.c.obj
 .rodata.__bi_48
                0x10004628        0xc CMakeFiles/receiver.dir/C_/Users/luong/.pico-sdk/sdk/2.2.0/src/rp2_common/pico_standard_binary_info/standard_binary_info.c.obj
 .rodata.__bi_42
                0x10004634        0xc CMakeFiles/receiver.dir/C_/Users/luong/.pico-sdk/sdk/2.2.0/src/rp2_common/pico_standard_binary_info/standard_binary_info.c.obj
 .rodata.__bi_34
                0x10004640        0xc CMakeFiles/receiver.dir/C_/Users/luong/.pico-sdk/sdk/2.2.0/src/rp2_common/pico_standard_binary_info/standard_binary_info.c.obj
 .rodata.__bi_26
                0x1000464c        0xc CMakeFiles/receiver.dir/C_/Users/luong/.pico-sdk/sdk/2.2.0/src/rp2_common/pico_standard_binary_info/standard_binary_info.c.obj
 .rodata._ftoa.str1.4
                0x10004658       0x15 CMakeFiles/receiver.dir/C_/Users/luong/.pico-sdk/sdk/2.2.0/src/rp2_common/pico_printf/printf.c.obj
 .rodata.pow10.0
                0x10004658       0x50 CMakeFiles/receiver.dir/C_/Users/luong/.pico-sdk/sdk/2.2.0/src/rp2_common/pico_printf/printf.c.obj
 .rodata.crlf_str.0
                0x100046a8        0x2 CMakeFiles/receiver.dir/C_/Users/luong/.pico-sdk/sdk/2.2.0/src/rp2_common/pico_stdio/stdio.c.obj
 .rodata.str1.4
                0x100046aa       0x2c CMakeFiles/receiver.dir/C_/Users/luong/.pico-sdk/sdk/2.2.0/src/rp2_common/pico_stdio_uart/stdio_uart.c.obj
 *fill*         0x100046aa        0x2 
 .rodata.__bi_45.4
                0x100046ac        0xc CMakeFiles/receiver.dir/C_/Users/luong/.pico-sdk/sdk/2.2.0/src/rp2_common/pico_stdio_uart/stdio_uart.c.obj
 .rodata.__bi_49.5
                0x100046b8        0x8 CMakeFiles/receiver.dir/C_/Users/luong/.pico-sdk/sdk/2.2.0/src/rp2_common/pico_stdio_uart/stdio_uart.c.obj
 .rodata.__bi_50.6
                0x100046c0        0x8 CMakeFiles/receiver.dir/C_/Users/luong/.pico-sdk/sdk/2.2.0/src/rp2_common/pico_stdio_uart/stdio_uart.c.obj
 *(.srodata*)
                0x100046c8                        . = ALIGN (0x4)
 *(SORT_BY_ALIGNMENT(SORT_BY_NAME(.flashdata*)))
                0x100046c8                        . = ALIGN (0x4)

.ARM.extab
 *(.ARM.extab* .gnu.linkonce.armextab.*)
                0x100046c8                        __exidx_start = .

.ARM.exidx      0x100046c8        0x8
 *(.ARM.exidx* .gnu.linkonce.armexidx.*)
 .ARM.exidx     0x100046c8        0x8 C:/PROGRA~2/ARMGNU~1/14EFD8~1.2RE/bin/../lib/gcc/arm-none-eabi/14.2.1/thumb/v8-m.main+fp/softfp\libg.a(libc_a-memcpy.o)
 .ARM.exidx.text.__udivmoddi4
                0x100046d0        0x0 C:/PROGRA~2/ARMGNU~1/14EFD8~1.2RE/bin/../lib/gcc/arm-none-eabi/14.2.1/thumb/v8-m.main+fp/softfp\libgcc.a(_udivmoddi4.o)
                                  0x8 (size before relaxing)
                0x100046d0                        __exidx_end = .
                0x100046d0                        . = ALIGN (0x4)
                0x100046d0                        __binary_info_start = .

.binary_info    0x100046d0       0x28
 *(.binary_info.keep.*)
 .binary_info.keep.__bi_ptr84
                0x100046d0        0x4 CMakeFiles/receiver.dir/C_/Users/luong/.pico-sdk/sdk/2.2.0/src/rp2_common/pico_standard_binary_info/standard_binary_info.c.obj
 .binary_info.keep.__bi_ptr78
                0x100046d4        0x4 CMakeFiles/receiver.dir/C_/Users/luong/.pico-sdk/sdk/2.2.0/src/rp2_common/pico_standard_binary_info/standard_binary_info.c.obj
 .binary_info.keep.__bi_ptr54
                0x100046d8        0x4 CMakeFiles/receiver.dir/C_/Users/luong/.pico-sdk/sdk/2.2.0/src/rp2_common/pico_standard_binary_info/standard_binary_info.c.obj
 .binary_info.keep.__bi_ptr48
                0x100046dc        0x4 CMakeFiles/receiver.dir/C_/Users/luong/.pico-sdk/sdk/2.2.0/src/rp2_common/pico_standard_binary_info/standard_binary_info.c.obj
 .binary_info.keep.__bi_ptr42
                0x100046e0        0x4 CMakeFiles/receiver.dir/C_/Users/luong/.pico-sdk/sdk/2.2.0/src/rp2_common/pico_standard_binary_info/standard_binary_info.c.obj
 .binary_info.keep.__bi_ptr34
                0x100046e4        0x4 CMakeFiles/receiver.dir/C_/Users/luong/.pico-sdk/sdk/2.2.0/src/rp2_common/pico_standard_binary_info/standard_binary_info.c.obj
 .binary_info.keep.__bi_ptr26
                0x100046e8        0x4 CMakeFiles/receiver.dir/C_/Users/luong/.pico-sdk/sdk/2.2.0/src/rp2_common/pico_standard_binary_info/standard_binary_info.c.obj
 *(.binary_info.*)
 .binary_info.__bi_ptr50
                0x100046ec        0x4 CMakeFiles/receiver.dir/C_/Users/luong/.pico-sdk/sdk/2.2.0/src/rp2_common/pico_stdio_uart/stdio_uart.c.obj
 .binary_info.__bi_ptr49
                0x100046f0        0x4 CMakeFiles/receiver.dir/C_/Users/luong/.pico-sdk/sdk/2.2.0/src/rp2_common/pico_stdio_uart/stdio_uart.c.obj
 .binary_info.__bi_ptr45
                0x100046f4        0x4 CMakeFiles/receiver.dir/C_/Users/luong/.pico-sdk/sdk/2.2.0/src/rp2_common/pico_stdio_uart/stdio_uart.c.obj
                0x100046f8                        __binary_info_end = .
                0x100046f8                        . = ALIGN (0x4)

.ram_vector_table
                0x20000000      0x110
 *(.ram_vector_table)
 .ram_vector_table
                0x20000000      0x110 CMakeFiles/receiver.dir/C_/Users/luong/.pico-sdk/sdk/2.2.0/src/rp2_common/pico_runtime_init/runtime_init.c.obj
                0x20000000                ram_vector_table

.uninitialized_data
                0x20000110        0x0
                0x20000110                        . = ALIGN (0x4)
 *(.uninitialized_data*)

.data           0x20000110      0x524 load address 0x100046f8
                0x20000110                        __data_start__ = .
 *(vtable)
 *(.time_critical*)
 .time_critical.mutex_enter_block_until
                0x20000110       0x6c CMakeFiles/receiver.dir/C_/Users/luong/.pico-sdk/sdk/2.2.0/src/common/pico_sync/mutex.c.obj
                0x20000110                mutex_enter_block_until
 .time_critical.mutex_try_enter_block_until
                0x2000017c       0x68 CMakeFiles/receiver.dir/C_/Users/luong/.pico-sdk/sdk/2.2.0/src/common/pico_sync/mutex.c.obj
                0x2000017c                mutex_try_enter_block_until
 .time_critical.mutex_exit
                0x200001e4       0x3c CMakeFiles/receiver.dir/C_/Users/luong/.pico-sdk/sdk/2.2.0/src/common/pico_sync/mutex.c.obj
                0x200001e4                mutex_exit
 *(.text*)
 .text          0x20000220       0x30 C:/PROGRA~2/ARMGNU~1/14EFD8~1.2RE/bin/../lib/gcc/arm-none-eabi/14.2.1/thumb/v8-m.main+fp/softfp\libgcc.a(_aeabi_uldivmod.o)
                0x20000220                __aeabi_uldivmod
 .text.__udivmoddi4
                0x20000250      0x34c C:/PROGRA~2/ARMGNU~1/14EFD8~1.2RE/bin/../lib/gcc/arm-none-eabi/14.2.1/thumb/v8-m.main+fp/softfp\libgcc.a(_udivmoddi4.o)
                0x20000250                __udivmoddi4
 .text          0x2000059c        0x4 C:/PROGRA~2/ARMGNU~1/14EFD8~1.2RE/bin/../lib/gcc/arm-none-eabi/14.2.1/thumb/v8-m.main+fp/softfp\libgcc.a(_dvmd_tls.o)
                0x2000059c                __aeabi_idiv0
                0x2000059c                __aeabi_ldiv0
 .text.__stub   0x200005a0        0x8 linker stubs
                0x200005a8                        . = ALIGN (0x4)
 *(.rodata*)
                0x200005a8                        . = ALIGN (0x4)
 *(.data*)
 .data.buzzer_enabled
                0x200005a8        0x8 CMakeFiles/receiver.dir/main.c.obj
                0x200005a8                buzzer_enabled
 .data.door_was_open
                0x200005b0        0x1 CMakeFiles/receiver.dir/main.c.obj
                0x200005b0                door_was_open
 .data.striped_spin_lock_num
                0x200005b1        0x1 CMakeFiles/receiver.dir/C_/Users/luong/.pico-sdk/sdk/2.2.0/src/rp2_common/hardware_sync/sync.c.obj
 *fill*         0x200005b2        0x2 
 .data          0x200005b4       0x48 CMakeFiles/receiver.dir/C_/Users/luong/.pico-sdk/sdk/2.2.0/src/rp2_common/hardware_irq/irq_handler_chain.S.obj
                0x200005b4                irq_handler_chain_slots
                0x200005e4                irq_handler_chain_first_slot
                0x200005ee                irq_handler_chain_remove_tail
 .data.default_alarm_pool
                0x200005fc       0x18 CMakeFiles/receiver.dir/C_/Users/luong/.pico-sdk/sdk/2.2.0/src/common/pico_time/time.c.obj
 .data.stdio_uart
                0x20000614       0x18 CMakeFiles/receiver.dir/C_/Users/luong/.pico-sdk/sdk/2.2.0/src/rp2_common/pico_stdio_uart/stdio_uart.c.obj
                0x20000614                stdio_uart
 *(.sdata*)
                0x2000062c                        . = ALIGN (0x4)
 *(.after_data.*)
                0x2000062c                        . = ALIGN (0x4)
                0x2000062c                        PROVIDE (__mutex_array_start = .)
 *(SORT_BY_NAME(.mutex_array.*))
 *(.mutex_array)
 .mutex_array   0x2000062c        0x8 CMakeFiles/receiver.dir/C_/Users/luong/.pico-sdk/sdk/2.2.0/src/rp2_common/pico_stdio/stdio.c.obj
                0x20000634                        PROVIDE (__mutex_array_end = .)
 *(.jcr)
                0x20000634                        . = ALIGN (0x4)

.tm_clone_table
                0x20000634        0x0 load address 0x10004c1c
 .tm_clone_table
                0x20000634        0x0 C:/PROGRA~2/ARMGNU~1/14EFD8~1.2RE/bin/../lib/gcc/arm-none-eabi/14.2.1/thumb/v8-m.main+fp/softfp/crtbegin.o
 .tm_clone_table
                0x20000634        0x0 C:/PROGRA~2/ARMGNU~1/14EFD8~1.2RE/bin/../lib/gcc/arm-none-eabi/14.2.1/thumb/v8-m.main+fp/softfp/crtend.o

.igot.plt       0x20000634        0x0 load address 0x10004c1c
 .igot.plt      0x20000634        0x0 C:/PROGRA~2/ARMGNU~1/14EFD8~1.2RE/bin/../lib/gcc/arm-none-eabi/14.2.1/thumb/v8-m.main+fp/softfp/crtbegin.o

.tdata          0x20000634        0x0 load address 0x10004c1c
                0x20000634                        . = ALIGN (0x4)
 *(.tdata .tdata.* .gnu.linkonce.td.*)
                0x20000634                        __tdata_end = .
                0x20000634                        PROVIDE (__data_end__ = .)
                0x100046f8                        __etext = LOADADDR (.data)

.tbss           0x20000634        0x0 load address 0x10004c1c
                0x20000634                        . = ALIGN (0x4)
                0x20000634                        __bss_start__ = .
                0x20000634                        __tls_base = .
 *(.tbss .tbss.* .gnu.linkonce.tb.*)
 *(.tcommon)
                0x20000634                        __tls_end = .

.bss            0x20000638      0x74c load address 0x10004c1c
                0x20000638                        . = ALIGN (0x4)
                0x20000638                        __tbss_end = .
 *(SORT_BY_ALIGNMENT(SORT_BY_NAME(.bss*)))
 .bss.default_alarm_pool_entries
                0x20000638      0x180 CMakeFiles/receiver.dir/C_/Users/luong/.pico-sdk/sdk/2.2.0/src/common/pico_time/time.c.obj
 .bss._sw_spin_locks
                0x200007b8       0x20 CMakeFiles/receiver.dir/C_/Users/luong/.pico-sdk/sdk/2.2.0/src/rp2_common/hardware_sync_spin_lock/sync_spin_lock.c.obj
                0x200007b8                _sw_spin_locks
 .bss.belt_no_status_prev
                0x200007d8        0x8 CMakeFiles/receiver.dir/main.c.obj
                0x200007d8                belt_no_status_prev
 .bss.belt_without_seat_prev
                0x200007e0        0x8 CMakeFiles/receiver.dir/main.c.obj
                0x200007e0                belt_without_seat_prev
 .bss.buckled_transmitters
                0x200007e8        0x8 CMakeFiles/receiver.dir/main.c.obj
                0x200007e8                buckled_transmitters
 .bss.chars_available_callback
                0x200007f0        0x4 CMakeFiles/receiver.dir/C_/Users/luong/.pico-sdk/sdk/2.2.0/src/rp2_common/pico_stdio_uart/stdio_uart.c.obj
 .bss.chars_available_param
                0x200007f4        0x4 CMakeFiles/receiver.dir/C_/Users/luong/.pico-sdk/sdk/2.2.0/src/rp2_common/pico_stdio_uart/stdio_uart.c.obj
 .bss.claimed   0x200007f8        0x2 CMakeFiles/receiver.dir/C_/Users/luong/.pico-sdk/sdk/2.2.0/src/rp2_common/hardware_timer/timer.c.obj
 *fill*         0x200007fa        0x2 
 .bss.configured_freq
                0x200007fc       0x28 CMakeFiles/receiver.dir/C_/Users/luong/.pico-sdk/sdk/2.2.0/src/rp2_common/hardware_clocks/clocks.c.obj
 .bss.current_status
                0x20000824       0x10 CMakeFiles/receiver.dir/main.c.obj
                0x20000824                current_status
 .bss.current_statuses
                0x20000834        0x8 CMakeFiles/receiver.dir/main.c.obj
                0x20000834                current_statuses
 .bss.disp_buf.0
                0x2000083c       0x20 CMakeFiles/receiver.dir/main.c.obj
 .bss.disp_idx.1
                0x2000085c        0x4 CMakeFiles/receiver.dir/main.c.obj
 .bss.door_close_time
                0x20000860        0x4 CMakeFiles/receiver.dir/main.c.obj
                0x20000860                door_close_time
 .bss.drivers   0x20000864        0x4 CMakeFiles/receiver.dir/C_/Users/luong/.pico-sdk/sdk/2.2.0/src/rp2_common/pico_stdio/stdio.c.obj
 .bss.error_count
                0x20000868        0x8 CMakeFiles/receiver.dir/main.c.obj
                0x20000868                error_count
 .bss.filter    0x20000870        0x4 CMakeFiles/receiver.dir/C_/Users/luong/.pico-sdk/sdk/2.2.0/src/rp2_common/pico_stdio/stdio.c.obj
 .bss.id_response_count
                0x20000874        0x8 CMakeFiles/receiver.dir/main.c.obj
                0x20000874                id_response_count
 .bss.last_disp_uart_check.3
                0x2000087c        0x4 CMakeFiles/receiver.dir/main.c.obj
 .bss.last_version_print.4
                0x20000880        0x4 CMakeFiles/receiver.dir/main.c.obj
 .bss.lazy_vsnprintf
                0x20000884        0x4 CMakeFiles/receiver.dir/C_/Users/luong/.pico-sdk/sdk/2.2.0/src/rp2_common/pico_printf/printf.c.obj
 .bss.message_buffer.5
                0x20000888       0x80 CMakeFiles/receiver.dir/main.c.obj
 .bss.object.0  0x20000908       0x18 C:/PROGRA~2/ARMGNU~1/14EFD8~1.2RE/bin/../lib/gcc/arm-none-eabi/14.2.1/thumb/v8-m.main+fp/softfp/crtbegin.o
 .bss.pools     0x20000920       0x20 CMakeFiles/receiver.dir/C_/Users/luong/.pico-sdk/sdk/2.2.0/src/common/pico_time/time.c.obj
 .bss.previous_status
                0x20000940       0x10 CMakeFiles/receiver.dir/main.c.obj
                0x20000940                previous_status
 .bss.pwm_channel
                0x20000950        0x4 CMakeFiles/receiver.dir/main.c.obj
                0x20000950                pwm_channel
 .bss.pwm_slice_num
                0x20000954        0x4 CMakeFiles/receiver.dir/main.c.obj
                0x20000954                pwm_slice_num
 .bss.retrieved_id
                0x20000958        0x8 CMakeFiles/receiver.dir/C_/Users/luong/.pico-sdk/sdk/2.2.0/src/rp2_common/pico_unique_id/unique_id.c.obj
 .bss.seat_no_status_prev
                0x20000960        0x8 CMakeFiles/receiver.dir/main.c.obj
                0x20000960                seat_no_status_prev
 .bss.sleep_notifier
                0x20000968        0x4 CMakeFiles/receiver.dir/C_/Users/luong/.pico-sdk/sdk/2.2.0/src/common/pico_time/time.c.obj
 .bss.slot_request_cache
                0x2000096c      0x400 CMakeFiles/receiver.dir/main.c.obj
 .bss.startup_status_pins
                0x20000d6c        0x8 CMakeFiles/receiver.dir/main.c.obj
                0x20000d6c                startup_status_pins
 .bss.uart_char_to_line_feed
                0x20000d74        0x4 CMakeFiles/receiver.dir/C_/Users/luong/.pico-sdk/sdk/2.2.0/src/rp2_common/hardware_uart/uart.c.obj
                0x20000d74                uart_char_to_line_feed
 .bss.uart_instance
                0x20000d78        0x4 CMakeFiles/receiver.dir/C_/Users/luong/.pico-sdk/sdk/2.2.0/src/rp2_common/pico_stdio_uart/stdio_uart.c.obj
 .bss.buzzer_state_display
                0x20000d7c        0x1 CMakeFiles/receiver.dir/main.c.obj
                0x20000d7c                buzzer_state_display
 .bss.buzzer_state_seatbelt
                0x20000d7d        0x1 CMakeFiles/receiver.dir/main.c.obj
                0x20000d7d                buzzer_state_seatbelt
 .bss.disp_uart_has_data.2
                0x20000d7e        0x1 CMakeFiles/receiver.dir/main.c.obj
 .bss.door_is_open
                0x20000d7f        0x1 CMakeFiles/receiver.dir/main.c.obj
                0x20000d7f                door_is_open
 .bss.irq_handler_chain_free_slot_head
                0x20000d80        0x1 CMakeFiles/receiver.dir/C_/Users/luong/.pico-sdk/sdk/2.2.0/src/rp2_common/hardware_irq/irq.c.obj
 .bss.slot_request_cache_init
                0x20000d81        0x1 CMakeFiles/receiver.dir/main.c.obj
 .bss.startup_complete
                0x20000d82        0x1 CMakeFiles/receiver.dir/main.c.obj
                0x20000d82                startup_complete
 .bss.system_errors
                0x20000d83        0x1 CMakeFiles/receiver.dir/main.c.obj
                0x20000d83                system_errors
 *(COMMON)
                [!provide]                        PROVIDE (__global_pointer$ = (. + 0x800))
 *(.sbss*)
                0x20000d84                        . = ALIGN (0x4)
                0x20000d84                        __bss_end__ = .

.heap           0x20000d84      0x800 load address 0x10004c1c
                0x20000d84                        __end__ = .
                0x20000d84                        end = __end__
 *(.heap*)
 .heap          0x20000d84      0x800 CMakeFiles/receiver.dir/C_/Users/luong/.pico-sdk/sdk/2.2.0/src/rp2_common/pico_crt0/crt0.S.obj
                0x20080000                        __HeapLimit = (ORIGIN (RAM) + LENGTH (RAM))

.scratch_x      0x20080000        0x0 load address 0x10004c1c
                0x20080000                        __scratch_x_start__ = .
 *(.scratch_x.*)
                0x20080000                        . = ALIGN (0x4)
                0x20080000                        __scratch_x_end__ = .
                0x10004c1c                        __scratch_x_source__ = LOADADDR (.scratch_x)

.scratch_y      0x20081000        0x0 load address 0x10004c1c
                0x20081000                        __scratch_y_start__ = .
 *(.scratch_y.*)
                0x20081000                        . = ALIGN (0x4)
                0x20081000                        __scratch_y_end__ = .
                0x10004c1c                        __scratch_y_source__ = LOADADDR (.scratch_y)

.stack1_dummy
 *(.stack1*)

.stack_dummy    0x20081000      0x800
 *(.stack*)
 .stack         0x20081000      0x800 CMakeFiles/receiver.dir/C_/Users/luong/.pico-sdk/sdk/2.2.0/src/rp2_common/pico_crt0/crt0.S.obj

.flash_end      0x10004c1c       0x14
 *(.embedded_end_block*)
 .embedded_end_block
                0x10004c1c       0x14 CMakeFiles/receiver.dir/C_/Users/luong/.pico-sdk/sdk/2.2.0/src/rp2_common/pico_crt0/crt0.S.obj
                0x10004c30                        PROVIDE (__flash_binary_end = .)
                0x20080000                        __StackLimit = (ORIGIN (RAM) + LENGTH (RAM))
                0x20081000                        __StackOneTop = (ORIGIN (SCRATCH_X) + LENGTH (SCRATCH_X))
                0x20082000                        __StackTop = (ORIGIN (SCRATCH_Y) + LENGTH (SCRATCH_Y))
                0x20081000                        __StackOneBottom = (__StackOneTop - SIZEOF (.stack1_dummy))
                0x20081800                        __StackBottom = (__StackTop - SIZEOF (.stack_dummy))
                0x20082000                        PROVIDE (__stack = __StackTop)
                [!provide]                        PROVIDE (__heap_start = __end__)
                [!provide]                        PROVIDE (__heap_end = __HeapLimit)
                [!provide]                        PROVIDE (__tls_align = MAX (ALIGNOF (.tdata), ALIGNOF (.tbss)))
                [!provide]                        PROVIDE (__tls_size_align = (((__tls_size + __tls_align) - 0x1) & ~ ((__tls_align - 0x1))))
                [!provide]                        PROVIDE (__arm32_tls_tcb_offset = MAX (0x8, __tls_align))
                [!provide]                        PROVIDE (_end = __end__)
                [!provide]                        PROVIDE (__llvm_libc_heap_limit = __HeapLimit)
                0x00000001                        ASSERT ((__StackLimit >= __HeapLimit), region RAM overflowed)
                0x00000001                        ASSERT (((__binary_info_header_end - __logical_binary_start) <= 0x400), Binary info must be in first 1024 bytes of the binary)
                0x00000001                        ASSERT (((__embedded_block_end - __logical_binary_start) <= 0x1000), Embedded block must be in first 4096 bytes of the binary)
LOAD CMakeFiles/receiver.dir/main.c.obj
LOAD CMakeFiles/receiver.dir/C_/Users/luong/.pico-sdk/sdk/2.2.0/src/rp2_common/pico_stdlib/stdlib.c.obj
LOAD CMakeFiles/receiver.dir/C_/Users/luong/.pico-sdk/sdk/2.2.0/src/rp2_common/hardware_gpio/gpio.c.obj
LOAD CMakeFiles/receiver.dir/C_/Users/luong/.pico-sdk/sdk/2.2.0/src/rp2350/pico_platform/platform.c.obj
LOAD CMakeFiles/receiver.dir/C_/Users/luong/.pico-sdk/sdk/2.2.0/src/rp2_common/pico_platform_common/common.c.obj
LOAD CMakeFiles/receiver.dir/C_/Users/luong/.pico-sdk/sdk/2.2.0/src/rp2_common/pico_platform_panic/panic.c.obj
LOAD CMakeFiles/receiver.dir/C_/Users/luong/.pico-sdk/sdk/2.2.0/src/common/hardware_claim/claim.c.obj
LOAD CMakeFiles/receiver.dir/C_/Users/luong/.pico-sdk/sdk/2.2.0/src/rp2_common/hardware_sync/sync.c.obj
LOAD CMakeFiles/receiver.dir/C_/Users/luong/.pico-sdk/sdk/2.2.0/src/rp2_common/hardware_sync_spin_lock/sync_spin_lock.c.obj
LOAD CMakeFiles/receiver.dir/C_/Users/luong/.pico-sdk/sdk/2.2.0/src/rp2_common/hardware_irq/irq.c.obj
LOAD CMakeFiles/receiver.dir/C_/Users/luong/.pico-sdk/sdk/2.2.0/src/rp2_common/hardware_irq/irq_handler_chain.S.obj
LOAD CMakeFiles/receiver.dir/C_/Users/luong/.pico-sdk/sdk/2.2.0/src/common/pico_sync/sem.c.obj
LOAD CMakeFiles/receiver.dir/C_/Users/luong/.pico-sdk/sdk/2.2.0/src/common/pico_sync/lock_core.c.obj
LOAD CMakeFiles/receiver.dir/C_/Users/luong/.pico-sdk/sdk/2.2.0/src/common/pico_sync/mutex.c.obj
LOAD CMakeFiles/receiver.dir/C_/Users/luong/.pico-sdk/sdk/2.2.0/src/common/pico_sync/critical_section.c.obj
LOAD CMakeFiles/receiver.dir/C_/Users/luong/.pico-sdk/sdk/2.2.0/src/common/pico_time/time.c.obj
LOAD CMakeFiles/receiver.dir/C_/Users/luong/.pico-sdk/sdk/2.2.0/src/common/pico_time/timeout_helper.c.obj
LOAD CMakeFiles/receiver.dir/C_/Users/luong/.pico-sdk/sdk/2.2.0/src/rp2_common/hardware_timer/timer.c.obj
LOAD CMakeFiles/receiver.dir/C_/Users/luong/.pico-sdk/sdk/2.2.0/src/common/pico_util/datetime.c.obj
LOAD CMakeFiles/receiver.dir/C_/Users/luong/.pico-sdk/sdk/2.2.0/src/common/pico_util/pheap.c.obj
LOAD CMakeFiles/receiver.dir/C_/Users/luong/.pico-sdk/sdk/2.2.0/src/common/pico_util/queue.c.obj
LOAD CMakeFiles/receiver.dir/C_/Users/luong/.pico-sdk/sdk/2.2.0/src/rp2_common/hardware_uart/uart.c.obj
LOAD CMakeFiles/receiver.dir/C_/Users/luong/.pico-sdk/sdk/2.2.0/src/rp2_common/hardware_clocks/clocks.c.obj
LOAD CMakeFiles/receiver.dir/C_/Users/luong/.pico-sdk/sdk/2.2.0/src/rp2_common/hardware_pll/pll.c.obj
LOAD CMakeFiles/receiver.dir/C_/Users/luong/.pico-sdk/sdk/2.2.0/src/rp2_common/hardware_vreg/vreg.c.obj
LOAD CMakeFiles/receiver.dir/C_/Users/luong/.pico-sdk/sdk/2.2.0/src/rp2_common/hardware_watchdog/watchdog.c.obj
LOAD CMakeFiles/receiver.dir/C_/Users/luong/.pico-sdk/sdk/2.2.0/src/rp2_common/hardware_ticks/ticks.c.obj
LOAD CMakeFiles/receiver.dir/C_/Users/luong/.pico-sdk/sdk/2.2.0/src/rp2_common/pico_bootrom/bootrom.c.obj
LOAD CMakeFiles/receiver.dir/C_/Users/luong/.pico-sdk/sdk/2.2.0/src/rp2_common/pico_bootrom/bootrom_lock.c.obj
LOAD CMakeFiles/receiver.dir/C_/Users/luong/.pico-sdk/sdk/2.2.0/src/rp2_common/hardware_boot_lock/boot_lock.c.obj
LOAD CMakeFiles/receiver.dir/C_/Users/luong/.pico-sdk/sdk/2.2.0/src/rp2_common/pico_flash/flash.c.obj
LOAD CMakeFiles/receiver.dir/C_/Users/luong/.pico-sdk/sdk/2.2.0/src/rp2_common/hardware_xosc/xosc.c.obj
LOAD CMakeFiles/receiver.dir/C_/Users/luong/.pico-sdk/sdk/2.2.0/src/rp2_common/hardware_divider/divider.c.obj
LOAD CMakeFiles/receiver.dir/C_/Users/luong/.pico-sdk/sdk/2.2.0/src/rp2_common/pico_runtime/runtime.c.obj
LOAD CMakeFiles/receiver.dir/C_/Users/luong/.pico-sdk/sdk/2.2.0/src/rp2_common/pico_runtime_init/runtime_init.c.obj
LOAD CMakeFiles/receiver.dir/C_/Users/luong/.pico-sdk/sdk/2.2.0/src/rp2_common/pico_runtime_init/runtime_init_clocks.c.obj
LOAD CMakeFiles/receiver.dir/C_/Users/luong/.pico-sdk/sdk/2.2.0/src/rp2_common/pico_runtime_init/runtime_init_stack_guard.c.obj
LOAD CMakeFiles/receiver.dir/C_/Users/luong/.pico-sdk/sdk/2.2.0/src/rp2_common/pico_bit_ops/bit_ops_aeabi.S.obj
LOAD CMakeFiles/receiver.dir/C_/Users/luong/.pico-sdk/sdk/2.2.0/src/rp2_common/pico_divider/divider_compiler.c.obj
LOAD CMakeFiles/receiver.dir/C_/Users/luong/.pico-sdk/sdk/2.2.0/src/rp2_common/pico_double/double_math.c.obj
LOAD CMakeFiles/receiver.dir/C_/Users/luong/.pico-sdk/sdk/2.2.0/src/rp2_common/pico_double/double_aeabi_dcp.S.obj
LOAD CMakeFiles/receiver.dir/C_/Users/luong/.pico-sdk/sdk/2.2.0/src/rp2_common/pico_double/double_fma_dcp.S.obj
LOAD CMakeFiles/receiver.dir/C_/Users/luong/.pico-sdk/sdk/2.2.0/src/rp2_common/pico_double/double_sci_m33.S.obj
LOAD CMakeFiles/receiver.dir/C_/Users/luong/.pico-sdk/sdk/2.2.0/src/rp2_common/pico_double/double_conv_m33.S.obj
LOAD CMakeFiles/receiver.dir/C_/Users/luong/.pico-sdk/sdk/2.2.0/src/rp2_common/pico_float/float_math.c.obj
LOAD CMakeFiles/receiver.dir/C_/Users/luong/.pico-sdk/sdk/2.2.0/src/rp2_common/pico_float/float_conv32_vfp.S.obj
LOAD CMakeFiles/receiver.dir/C_/Users/luong/.pico-sdk/sdk/2.2.0/src/rp2_common/pico_float/float_common_m33.S.obj
LOAD CMakeFiles/receiver.dir/C_/Users/luong/.pico-sdk/sdk/2.2.0/src/rp2_common/pico_float/float_sci_m33_vfp.S.obj
LOAD CMakeFiles/receiver.dir/C_/Users/luong/.pico-sdk/sdk/2.2.0/src/rp2_common/pico_malloc/malloc.c.obj
LOAD CMakeFiles/receiver.dir/C_/Users/luong/.pico-sdk/sdk/2.2.0/src/rp2_common/pico_atomic/atomic.c.obj
LOAD CMakeFiles/receiver.dir/C_/Users/luong/.pico-sdk/sdk/2.2.0/src/rp2_common/pico_cxx_options/new_delete.cpp.obj
LOAD CMakeFiles/receiver.dir/C_/Users/luong/.pico-sdk/sdk/2.2.0/src/rp2_common/pico_standard_binary_info/standard_binary_info.c.obj
LOAD CMakeFiles/receiver.dir/C_/Users/luong/.pico-sdk/sdk/2.2.0/src/rp2_common/pico_printf/printf.c.obj
LOAD CMakeFiles/receiver.dir/C_/Users/luong/.pico-sdk/sdk/2.2.0/src/rp2_common/pico_crt0/crt0.S.obj
LOAD CMakeFiles/receiver.dir/C_/Users/luong/.pico-sdk/sdk/2.2.0/src/rp2_common/pico_clib_interface/newlib_interface.c.obj
LOAD CMakeFiles/receiver.dir/C_/Users/luong/.pico-sdk/sdk/2.2.0/src/rp2_common/pico_stdio/stdio.c.obj
LOAD CMakeFiles/receiver.dir/C_/Users/luong/.pico-sdk/sdk/2.2.0/src/rp2_common/pico_stdio_uart/stdio_uart.c.obj
LOAD CMakeFiles/receiver.dir/C_/Users/luong/.pico-sdk/sdk/2.2.0/src/rp2_common/pico_stdio_usb/reset_interface.c.obj
LOAD CMakeFiles/receiver.dir/C_/Users/luong/.pico-sdk/sdk/2.2.0/src/rp2_common/pico_stdio_usb/stdio_usb.c.obj
LOAD CMakeFiles/receiver.dir/C_/Users/luong/.pico-sdk/sdk/2.2.0/src/rp2_common/pico_stdio_usb/stdio_usb_descriptors.c.obj
LOAD CMakeFiles/receiver.dir/C_/Users/luong/.pico-sdk/sdk/2.2.0/src/rp2_common/pico_unique_id/unique_id.c.obj
LOAD CMakeFiles/receiver.dir/C_/Users/luong/.pico-sdk/sdk/2.2.0/src/rp2_common/hardware_flash/flash.c.obj
LOAD CMakeFiles/receiver.dir/C_/Users/luong/.pico-sdk/sdk/2.2.0/src/rp2_common/hardware_xip_cache/xip_cache.c.obj
LOAD CMakeFiles/receiver.dir/C_/Users/luong/.pico-sdk/sdk/2.2.0/lib/tinyusb/src/portable/raspberrypi/rp2040/dcd_rp2040.c.obj
LOAD CMakeFiles/receiver.dir/C_/Users/luong/.pico-sdk/sdk/2.2.0/lib/tinyusb/src/portable/raspberrypi/rp2040/rp2040_usb.c.obj
LOAD CMakeFiles/receiver.dir/C_/Users/luong/.pico-sdk/sdk/2.2.0/lib/tinyusb/src/device/usbd.c.obj
LOAD CMakeFiles/receiver.dir/C_/Users/luong/.pico-sdk/sdk/2.2.0/lib/tinyusb/src/device/usbd_control.c.obj
LOAD CMakeFiles/receiver.dir/C_/Users/luong/.pico-sdk/sdk/2.2.0/lib/tinyusb/src/class/audio/audio_device.c.obj
LOAD CMakeFiles/receiver.dir/C_/Users/luong/.pico-sdk/sdk/2.2.0/lib/tinyusb/src/class/cdc/cdc_device.c.obj
LOAD CMakeFiles/receiver.dir/C_/Users/luong/.pico-sdk/sdk/2.2.0/lib/tinyusb/src/class/dfu/dfu_device.c.obj
LOAD CMakeFiles/receiver.dir/C_/Users/luong/.pico-sdk/sdk/2.2.0/lib/tinyusb/src/class/dfu/dfu_rt_device.c.obj
LOAD CMakeFiles/receiver.dir/C_/Users/luong/.pico-sdk/sdk/2.2.0/lib/tinyusb/src/class/hid/hid_device.c.obj
LOAD CMakeFiles/receiver.dir/C_/Users/luong/.pico-sdk/sdk/2.2.0/lib/tinyusb/src/class/midi/midi_device.c.obj
LOAD CMakeFiles/receiver.dir/C_/Users/luong/.pico-sdk/sdk/2.2.0/lib/tinyusb/src/class/msc/msc_device.c.obj
LOAD CMakeFiles/receiver.dir/C_/Users/luong/.pico-sdk/sdk/2.2.0/lib/tinyusb/src/class/net/ecm_rndis_device.c.obj
LOAD CMakeFiles/receiver.dir/C_/Users/luong/.pico-sdk/sdk/2.2.0/lib/tinyusb/src/class/net/ncm_device.c.obj
LOAD CMakeFiles/receiver.dir/C_/Users/luong/.pico-sdk/sdk/2.2.0/lib/tinyusb/src/class/usbtmc/usbtmc_device.c.obj
LOAD CMakeFiles/receiver.dir/C_/Users/luong/.pico-sdk/sdk/2.2.0/lib/tinyusb/src/class/vendor/vendor_device.c.obj
LOAD CMakeFiles/receiver.dir/C_/Users/luong/.pico-sdk/sdk/2.2.0/lib/tinyusb/src/class/video/video_device.c.obj
LOAD CMakeFiles/receiver.dir/C_/Users/luong/.pico-sdk/sdk/2.2.0/lib/tinyusb/src/tusb.c.obj
LOAD CMakeFiles/receiver.dir/C_/Users/luong/.pico-sdk/sdk/2.2.0/lib/tinyusb/src/common/tusb_fifo.c.obj
LOAD CMakeFiles/receiver.dir/C_/Users/luong/.pico-sdk/sdk/2.2.0/src/rp2_common/pico_fix/rp2040_usb_device_enumeration/rp2040_usb_device_enumeration.c.obj
LOAD pico-sdk/src/rp2350/boot_stage2/CMakeFiles/bs2_default_library.dir/./bs2_default_padded_checksummed.S.obj
LOAD C:/PROGRA~2/ARMGNU~1/14EFD8~1.2RE/bin/../lib/gcc/arm-none-eabi/14.2.1/thumb/v8-m.main+fp/softfp\libstdc++.a
LOAD C:/PROGRA~2/ARMGNU~1/14EFD8~1.2RE/bin/../lib/gcc/arm-none-eabi/14.2.1/thumb/v8-m.main+fp/softfp\libm.a
START GROUP
LOAD C:/PROGRA~2/ARMGNU~1/14EFD8~1.2RE/bin/../lib/gcc/arm-none-eabi/14.2.1/thumb/v8-m.main+fp/softfp\libgcc.a
LOAD C:/PROGRA~2/ARMGNU~1/14EFD8~1.2RE/bin/../lib/gcc/arm-none-eabi/14.2.1/thumb/v8-m.main+fp/softfp\libg.a
LOAD C:/PROGRA~2/ARMGNU~1/14EFD8~1.2RE/bin/../lib/gcc/arm-none-eabi/14.2.1/thumb/v8-m.main+fp/softfp\libc.a
END GROUP
START GROUP
LOAD C:/PROGRA~2/ARMGNU~1/14EFD8~1.2RE/bin/../lib/gcc/arm-none-eabi/14.2.1/thumb/v8-m.main+fp/softfp\libgcc.a
LOAD C:/PROGRA~2/ARMGNU~1/14EFD8~1.2RE/bin/../lib/gcc/arm-none-eabi/14.2.1/thumb/v8-m.main+fp/softfp\libc.a
LOAD C:/PROGRA~2/ARMGNU~1/14EFD8~1.2RE/bin/../lib/gcc/arm-none-eabi/14.2.1/thumb/v8-m.main+fp/softfp\libnosys.a
END GROUP
LOAD C:/PROGRA~2/ARMGNU~1/14EFD8~1.2RE/bin/../lib/gcc/arm-none-eabi/14.2.1/thumb/v8-m.main+fp/softfp/crtend.o
LOAD C:/PROGRA~2/ARMGNU~1/14EFD8~1.2RE/bin/../lib/gcc/arm-none-eabi/14.2.1/thumb/v8-m.main+fp/softfp/crtn.o
OUTPUT(receiver.elf elf32-littlearm)
LOAD linker stubs

.rel.dyn        0x10004c30        0x0
 .rel.iplt      0x10004c30        0x0 C:/PROGRA~2/ARMGNU~1/14EFD8~1.2RE/bin/../lib/gcc/arm-none-eabi/14.2.1/thumb/v8-m.main+fp/softfp/crtbegin.o

.ARM.attributes
                0x00000000       0x34
 .ARM.attributes
                0x00000000       0x26 C:/PROGRA~2/ARMGNU~1/14EFD8~1.2RE/bin/../lib/gcc/arm-none-eabi/14.2.1/thumb/v8-m.main+fp/softfp/crti.o
 .ARM.attributes
                0x00000026       0x36 C:/PROGRA~2/ARMGNU~1/14EFD8~1.2RE/bin/../lib/gcc/arm-none-eabi/14.2.1/thumb/v8-m.main+fp/softfp/crtbegin.o
 .ARM.attributes
                0x0000005c       0x38 CMakeFiles/receiver.dir/main.c.obj
 .ARM.attributes
                0x00000094       0x38 CMakeFiles/receiver.dir/C_/Users/luong/.pico-sdk/sdk/2.2.0/src/rp2_common/hardware_gpio/gpio.c.obj
 .ARM.attributes
                0x000000cc       0x38 CMakeFiles/receiver.dir/C_/Users/luong/.pico-sdk/sdk/2.2.0/src/rp2_common/pico_platform_panic/panic.c.obj
 .ARM.attributes
                0x00000104       0x38 CMakeFiles/receiver.dir/C_/Users/luong/.pico-sdk/sdk/2.2.0/src/common/hardware_claim/claim.c.obj
 .ARM.attributes
                0x0000013c       0x38 CMakeFiles/receiver.dir/C_/Users/luong/.pico-sdk/sdk/2.2.0/src/rp2_common/hardware_sync/sync.c.obj
 .ARM.attributes
                0x00000174       0x38 CMakeFiles/receiver.dir/C_/Users/luong/.pico-sdk/sdk/2.2.0/src/rp2_common/hardware_sync_spin_lock/sync_spin_lock.c.obj
 .ARM.attributes
                0x000001ac       0x38 CMakeFiles/receiver.dir/C_/Users/luong/.pico-sdk/sdk/2.2.0/src/rp2_common/hardware_irq/irq.c.obj
 .ARM.attributes
                0x000001e4       0x28 CMakeFiles/receiver.dir/C_/Users/luong/.pico-sdk/sdk/2.2.0/src/rp2_common/hardware_irq/irq_handler_chain.S.obj
 .ARM.attributes
                0x0000020c       0x38 CMakeFiles/receiver.dir/C_/Users/luong/.pico-sdk/sdk/2.2.0/src/common/pico_sync/lock_core.c.obj
 .ARM.attributes
                0x00000244       0x38 CMakeFiles/receiver.dir/C_/Users/luong/.pico-sdk/sdk/2.2.0/src/common/pico_sync/mutex.c.obj
 .ARM.attributes
                0x0000027c       0x38 CMakeFiles/receiver.dir/C_/Users/luong/.pico-sdk/sdk/2.2.0/src/common/pico_time/time.c.obj
 .ARM.attributes
                0x000002b4       0x38 CMakeFiles/receiver.dir/C_/Users/luong/.pico-sdk/sdk/2.2.0/src/rp2_common/hardware_timer/timer.c.obj
 .ARM.attributes
                0x000002ec       0x38 CMakeFiles/receiver.dir/C_/Users/luong/.pico-sdk/sdk/2.2.0/src/rp2_common/hardware_uart/uart.c.obj
 .ARM.attributes
                0x00000324       0x38 CMakeFiles/receiver.dir/C_/Users/luong/.pico-sdk/sdk/2.2.0/src/rp2_common/hardware_clocks/clocks.c.obj
 .ARM.attributes
                0x0000035c       0x38 CMakeFiles/receiver.dir/C_/Users/luong/.pico-sdk/sdk/2.2.0/src/rp2_common/hardware_pll/pll.c.obj
 .ARM.attributes
                0x00000394       0x38 CMakeFiles/receiver.dir/C_/Users/luong/.pico-sdk/sdk/2.2.0/src/rp2_common/hardware_ticks/ticks.c.obj
 .ARM.attributes
                0x000003cc       0x38 CMakeFiles/receiver.dir/C_/Users/luong/.pico-sdk/sdk/2.2.0/src/rp2_common/pico_bootrom/bootrom.c.obj
 .ARM.attributes
                0x00000404       0x38 CMakeFiles/receiver.dir/C_/Users/luong/.pico-sdk/sdk/2.2.0/src/rp2_common/pico_bootrom/bootrom_lock.c.obj
 .ARM.attributes
                0x0000043c       0x38 CMakeFiles/receiver.dir/C_/Users/luong/.pico-sdk/sdk/2.2.0/src/rp2_common/hardware_boot_lock/boot_lock.c.obj
 .ARM.attributes
                0x00000474       0x38 CMakeFiles/receiver.dir/C_/Users/luong/.pico-sdk/sdk/2.2.0/src/rp2_common/hardware_xosc/xosc.c.obj
 .ARM.attributes
                0x000004ac       0x38 CMakeFiles/receiver.dir/C_/Users/luong/.pico-sdk/sdk/2.2.0/src/rp2_common/pico_runtime/runtime.c.obj
 .ARM.attributes
                0x000004e4       0x38 CMakeFiles/receiver.dir/C_/Users/luong/.pico-sdk/sdk/2.2.0/src/rp2_common/pico_runtime_init/runtime_init.c.obj
 .ARM.attributes
                0x0000051c       0x38 CMakeFiles/receiver.dir/C_/Users/luong/.pico-sdk/sdk/2.2.0/src/rp2_common/pico_runtime_init/runtime_init_clocks.c.obj
 .ARM.attributes
                0x00000554       0x28 CMakeFiles/receiver.dir/C_/Users/luong/.pico-sdk/sdk/2.2.0/src/rp2_common/pico_double/double_aeabi_dcp.S.obj
 .ARM.attributes
                0x0000057c       0x38 CMakeFiles/receiver.dir/C_/Users/luong/.pico-sdk/sdk/2.2.0/src/rp2_common/pico_standard_binary_info/standard_binary_info.c.obj
 .ARM.attributes
                0x000005b4       0x38 CMakeFiles/receiver.dir/C_/Users/luong/.pico-sdk/sdk/2.2.0/src/rp2_common/pico_printf/printf.c.obj
 .ARM.attributes
                0x000005ec       0x28 CMakeFiles/receiver.dir/C_/Users/luong/.pico-sdk/sdk/2.2.0/src/rp2_common/pico_crt0/crt0.S.obj
 .ARM.attributes
                0x00000614       0x38 CMakeFiles/receiver.dir/C_/Users/luong/.pico-sdk/sdk/2.2.0/src/rp2_common/pico_clib_interface/newlib_interface.c.obj
 .ARM.attributes
                0x0000064c       0x38 CMakeFiles/receiver.dir/C_/Users/luong/.pico-sdk/sdk/2.2.0/src/rp2_common/pico_stdio/stdio.c.obj
 .ARM.attributes
                0x00000684       0x38 CMakeFiles/receiver.dir/C_/Users/luong/.pico-sdk/sdk/2.2.0/src/rp2_common/pico_stdio_uart/stdio_uart.c.obj
 .ARM.attributes
                0x000006bc       0x38 CMakeFiles/receiver.dir/C_/Users/luong/.pico-sdk/sdk/2.2.0/src/rp2_common/pico_unique_id/unique_id.c.obj
 .ARM.attributes
                0x000006f4       0x26 C:/PROGRA~2/ARMGNU~1/14EFD8~1.2RE/bin/../lib/gcc/arm-none-eabi/14.2.1/thumb/v8-m.main+fp/softfp\libgcc.a(_aeabi_uldivmod.o)
 .ARM.attributes
                0x0000071a       0x36 C:/PROGRA~2/ARMGNU~1/14EFD8~1.2RE/bin/../lib/gcc/arm-none-eabi/14.2.1/thumb/v8-m.main+fp/softfp\libgcc.a(_udivmoddi4.o)
 .ARM.attributes
                0x00000750       0x26 C:/PROGRA~2/ARMGNU~1/14EFD8~1.2RE/bin/../lib/gcc/arm-none-eabi/14.2.1/thumb/v8-m.main+fp/softfp\libgcc.a(_dvmd_tls.o)
 .ARM.attributes
                0x00000776       0x36 C:/PROGRA~2/ARMGNU~1/14EFD8~1.2RE/bin/../lib/gcc/arm-none-eabi/14.2.1/thumb/v8-m.main+fp/softfp\libg.a(libc_a-memset.o)
 .ARM.attributes
                0x000007ac       0x24 C:/PROGRA~2/ARMGNU~1/14EFD8~1.2RE/bin/../lib/gcc/arm-none-eabi/14.2.1/thumb/v8-m.main+fp/softfp\libg.a(libc_a-memcpy.o)
 .ARM.attributes
                0x000007d0       0x36 C:/PROGRA~2/ARMGNU~1/14EFD8~1.2RE/bin/../lib/gcc/arm-none-eabi/14.2.1/thumb/v8-m.main+fp/softfp\libg.a(libc_a-strlen-stub.o)
 .ARM.attributes
                0x00000806       0x36 C:/PROGRA~2/ARMGNU~1/14EFD8~1.2RE/bin/../lib/gcc/arm-none-eabi/14.2.1/thumb/v8-m.main+fp/softfp/crtend.o

.comment        0x00000000       0x45
 .comment       0x00000000       0x45 CMakeFiles/receiver.dir/main.c.obj
                                 0x46 (size before relaxing)
 .comment       0x00000045       0x46 CMakeFiles/receiver.dir/C_/Users/luong/.pico-sdk/sdk/2.2.0/src/rp2_common/hardware_gpio/gpio.c.obj
 .comment       0x00000045       0x46 CMakeFiles/receiver.dir/C_/Users/luong/.pico-sdk/sdk/2.2.0/src/rp2_common/pico_platform_panic/panic.c.obj
 .comment       0x00000045       0x46 CMakeFiles/receiver.dir/C_/Users/luong/.pico-sdk/sdk/2.2.0/src/common/hardware_claim/claim.c.obj
 .comment       0x00000045       0x46 CMakeFiles/receiver.dir/C_/Users/luong/.pico-sdk/sdk/2.2.0/src/rp2_common/hardware_sync/sync.c.obj
 .comment       0x00000045       0x46 CMakeFiles/receiver.dir/C_/Users/luong/.pico-sdk/sdk/2.2.0/src/rp2_common/hardware_sync_spin_lock/sync_spin_lock.c.obj
 .comment       0x00000045       0x46 CMakeFiles/receiver.dir/C_/Users/luong/.pico-sdk/sdk/2.2.0/src/rp2_common/hardware_irq/irq.c.obj
 .comment       0x00000045       0x46 CMakeFiles/receiver.dir/C_/Users/luong/.pico-sdk/sdk/2.2.0/src/common/pico_sync/lock_core.c.obj
 .comment       0x00000045       0x46 CMakeFiles/receiver.dir/C_/Users/luong/.pico-sdk/sdk/2.2.0/src/common/pico_sync/mutex.c.obj
 .comment       0x00000045       0x46 CMakeFiles/receiver.dir/C_/Users/luong/.pico-sdk/sdk/2.2.0/src/common/pico_time/time.c.obj
 .comment       0x00000045       0x46 CMakeFiles/receiver.dir/C_/Users/luong/.pico-sdk/sdk/2.2.0/src/rp2_common/hardware_timer/timer.c.obj
 .comment       0x00000045       0x46 CMakeFiles/receiver.dir/C_/Users/luong/.pico-sdk/sdk/2.2.0/src/rp2_common/hardware_uart/uart.c.obj
 .comment       0x00000045       0x46 CMakeFiles/receiver.dir/C_/Users/luong/.pico-sdk/sdk/2.2.0/src/rp2_common/hardware_clocks/clocks.c.obj
 .comment       0x00000045       0x46 CMakeFiles/receiver.dir/C_/Users/luong/.pico-sdk/sdk/2.2.0/src/rp2_common/hardware_pll/pll.c.obj
 .comment       0x00000045       0x46 CMakeFiles/receiver.dir/C_/Users/luong/.pico-sdk/sdk/2.2.0/src/rp2_common/hardware_ticks/ticks.c.obj
 .comment       0x00000045       0x46 CMakeFiles/receiver.dir/C_/Users/luong/.pico-sdk/sdk/2.2.0/src/rp2_common/pico_bootrom/bootrom.c.obj
 .comment       0x00000045       0x46 CMakeFiles/receiver.dir/C_/Users/luong/.pico-sdk/sdk/2.2.0/src/rp2_common/pico_bootrom/bootrom_lock.c.obj
 .comment       0x00000045       0x46 CMakeFiles/receiver.dir/C_/Users/luong/.pico-sdk/sdk/2.2.0/src/rp2_common/hardware_boot_lock/boot_lock.c.obj
 .comment       0x00000045       0x46 CMakeFiles/receiver.dir/C_/Users/luong/.pico-sdk/sdk/2.2.0/src/rp2_common/hardware_xosc/xosc.c.obj
 .comment       0x00000045       0x46 CMakeFiles/receiver.dir/C_/Users/luong/.pico-sdk/sdk/2.2.0/src/rp2_common/pico_runtime/runtime.c.obj
 .comment       0x00000045       0x46 CMakeFiles/receiver.dir/C_/Users/luong/.pico-sdk/sdk/2.2.0/src/rp2_common/pico_runtime_init/runtime_init.c.obj
 .comment       0x00000045       0x46 CMakeFiles/receiver.dir/C_/Users/luong/.pico-sdk/sdk/2.2.0/src/rp2_common/pico_runtime_init/runtime_init_clocks.c.obj
 .comment       0x00000045       0x46 CMakeFiles/receiver.dir/C_/Users/luong/.pico-sdk/sdk/2.2.0/src/rp2_common/pico_standard_binary_info/standard_binary_info.c.obj
 .comment       0x00000045       0x46 CMakeFiles/receiver.dir/C_/Users/luong/.pico-sdk/sdk/2.2.0/src/rp2_common/pico_printf/printf.c.obj
 .comment       0x00000045       0x46 CMakeFiles/receiver.dir/C_/Users/luong/.pico-sdk/sdk/2.2.0/src/rp2_common/pico_clib_interface/newlib_interface.c.obj
 .comment       0x00000045       0x46 CMakeFiles/receiver.dir/C_/Users/luong/.pico-sdk/sdk/2.2.0/src/rp2_common/pico_stdio/stdio.c.obj
 .comment       0x00000045       0x46 CMakeFiles/receiver.dir/C_/Users/luong/.pico-sdk/sdk/2.2.0/src/rp2_common/pico_stdio_uart/stdio_uart.c.obj
 .comment       0x00000045       0x46 CMakeFiles/receiver.dir/C_/Users/luong/.pico-sdk/sdk/2.2.0/src/rp2_common/pico_unique_id/unique_id.c.obj

.debug_info     0x00000000    0x256a8
 .debug_info    0x00000000     0x4dfb CMakeFiles/receiver.dir/main.c.obj
 .debug_info    0x00004dfb     0x2416 CMakeFiles/receiver.dir/C_/Users/luong/.pico-sdk/sdk/2.2.0/src/rp2_common/hardware_gpio/gpio.c.obj
 .debug_info    0x00007211      0x1be CMakeFiles/receiver.dir/C_/Users/luong/.pico-sdk/sdk/2.2.0/src/rp2_common/pico_platform_panic/panic.c.obj
 .debug_info    0x000073cf      0xb78 CMakeFiles/receiver.dir/C_/Users/luong/.pico-sdk/sdk/2.2.0/src/common/hardware_claim/claim.c.obj
 .debug_info    0x00007f47      0x46f CMakeFiles/receiver.dir/C_/Users/luong/.pico-sdk/sdk/2.2.0/src/rp2_common/hardware_sync/sync.c.obj
 .debug_info    0x000083b6     0x145e CMakeFiles/receiver.dir/C_/Users/luong/.pico-sdk/sdk/2.2.0/src/rp2_common/hardware_sync_spin_lock/sync_spin_lock.c.obj
 .debug_info    0x00009814     0x262d CMakeFiles/receiver.dir/C_/Users/luong/.pico-sdk/sdk/2.2.0/src/rp2_common/hardware_irq/irq.c.obj
 .debug_info    0x0000be41      0x187 CMakeFiles/receiver.dir/C_/Users/luong/.pico-sdk/sdk/2.2.0/src/common/pico_sync/lock_core.c.obj
 .debug_info    0x0000bfc8     0x1e7c CMakeFiles/receiver.dir/C_/Users/luong/.pico-sdk/sdk/2.2.0/src/common/pico_sync/mutex.c.obj
 .debug_info    0x0000de44     0x5492 CMakeFiles/receiver.dir/C_/Users/luong/.pico-sdk/sdk/2.2.0/src/common/pico_time/time.c.obj
 .debug_info    0x000132d6     0x30c6 CMakeFiles/receiver.dir/C_/Users/luong/.pico-sdk/sdk/2.2.0/src/rp2_common/hardware_timer/timer.c.obj
 .debug_info    0x0001639c     0x19a6 CMakeFiles/receiver.dir/C_/Users/luong/.pico-sdk/sdk/2.2.0/src/rp2_common/hardware_uart/uart.c.obj
 .debug_info    0x00017d42     0x28c2 CMakeFiles/receiver.dir/C_/Users/luong/.pico-sdk/sdk/2.2.0/src/rp2_common/hardware_clocks/clocks.c.obj
 .debug_info    0x0001a604      0x507 CMakeFiles/receiver.dir/C_/Users/luong/.pico-sdk/sdk/2.2.0/src/rp2_common/hardware_pll/pll.c.obj
 .debug_info    0x0001ab0b      0x26c CMakeFiles/receiver.dir/C_/Users/luong/.pico-sdk/sdk/2.2.0/src/rp2_common/hardware_ticks/ticks.c.obj
 .debug_info    0x0001ad77     0x10ab CMakeFiles/receiver.dir/C_/Users/luong/.pico-sdk/sdk/2.2.0/src/rp2_common/pico_bootrom/bootrom.c.obj
 .debug_info    0x0001be22      0x1c4 CMakeFiles/receiver.dir/C_/Users/luong/.pico-sdk/sdk/2.2.0/src/rp2_common/pico_bootrom/bootrom_lock.c.obj
 .debug_info    0x0001bfe6      0x316 CMakeFiles/receiver.dir/C_/Users/luong/.pico-sdk/sdk/2.2.0/src/rp2_common/hardware_boot_lock/boot_lock.c.obj
 .debug_info    0x0001c2fc      0x1b1 CMakeFiles/receiver.dir/C_/Users/luong/.pico-sdk/sdk/2.2.0/src/rp2_common/hardware_xosc/xosc.c.obj
 .debug_info    0x0001c4ad      0x21a CMakeFiles/receiver.dir/C_/Users/luong/.pico-sdk/sdk/2.2.0/src/rp2_common/pico_runtime/runtime.c.obj
 .debug_info    0x0001c6c7     0x1c34 CMakeFiles/receiver.dir/C_/Users/luong/.pico-sdk/sdk/2.2.0/src/rp2_common/pico_runtime_init/runtime_init.c.obj
 .debug_info    0x0001e2fb      0x7c9 CMakeFiles/receiver.dir/C_/Users/luong/.pico-sdk/sdk/2.2.0/src/rp2_common/pico_runtime_init/runtime_init_clocks.c.obj
 .debug_info    0x0001eac4       0x23 CMakeFiles/receiver.dir/C_/Users/luong/.pico-sdk/sdk/2.2.0/src/rp2_common/pico_double/double_aeabi_dcp.S.obj
 .debug_info    0x0001eae7      0x2b8 CMakeFiles/receiver.dir/C_/Users/luong/.pico-sdk/sdk/2.2.0/src/rp2_common/pico_standard_binary_info/standard_binary_info.c.obj
 .debug_info    0x0001ed9f     0x22ff CMakeFiles/receiver.dir/C_/Users/luong/.pico-sdk/sdk/2.2.0/src/rp2_common/pico_printf/printf.c.obj
 .debug_info    0x0002109e       0x23 CMakeFiles/receiver.dir/C_/Users/luong/.pico-sdk/sdk/2.2.0/src/rp2_common/pico_crt0/crt0.S.obj
 .debug_info    0x000210c1      0xc25 CMakeFiles/receiver.dir/C_/Users/luong/.pico-sdk/sdk/2.2.0/src/rp2_common/pico_clib_interface/newlib_interface.c.obj
 .debug_info    0x00021ce6     0x1e08 CMakeFiles/receiver.dir/C_/Users/luong/.pico-sdk/sdk/2.2.0/src/rp2_common/pico_stdio/stdio.c.obj
 .debug_info    0x00023aee     0x1903 CMakeFiles/receiver.dir/C_/Users/luong/.pico-sdk/sdk/2.2.0/src/rp2_common/pico_stdio_uart/stdio_uart.c.obj
 .debug_info    0x000253f1      0x2b7 CMakeFiles/receiver.dir/C_/Users/luong/.pico-sdk/sdk/2.2.0/src/rp2_common/pico_unique_id/unique_id.c.obj

.debug_abbrev   0x00000000     0x5ce7
 .debug_abbrev  0x00000000      0x6a0 CMakeFiles/receiver.dir/main.c.obj
 .debug_abbrev  0x000006a0      0x558 CMakeFiles/receiver.dir/C_/Users/luong/.pico-sdk/sdk/2.2.0/src/rp2_common/hardware_gpio/gpio.c.obj
 .debug_abbrev  0x00000bf8      0x12b CMakeFiles/receiver.dir/C_/Users/luong/.pico-sdk/sdk/2.2.0/src/rp2_common/pico_platform_panic/panic.c.obj
 .debug_abbrev  0x00000d23      0x35e CMakeFiles/receiver.dir/C_/Users/luong/.pico-sdk/sdk/2.2.0/src/common/hardware_claim/claim.c.obj
 .debug_abbrev  0x00001081      0x22f CMakeFiles/receiver.dir/C_/Users/luong/.pico-sdk/sdk/2.2.0/src/rp2_common/hardware_sync/sync.c.obj
 .debug_abbrev  0x000012b0      0x26e CMakeFiles/receiver.dir/C_/Users/luong/.pico-sdk/sdk/2.2.0/src/rp2_common/hardware_sync_spin_lock/sync_spin_lock.c.obj
 .debug_abbrev  0x0000151e      0x63b CMakeFiles/receiver.dir/C_/Users/luong/.pico-sdk/sdk/2.2.0/src/rp2_common/hardware_irq/irq.c.obj
 .debug_abbrev  0x00001b59      0x11e CMakeFiles/receiver.dir/C_/Users/luong/.pico-sdk/sdk/2.2.0/src/common/pico_sync/lock_core.c.obj
 .debug_abbrev  0x00001c77      0x49b CMakeFiles/receiver.dir/C_/Users/luong/.pico-sdk/sdk/2.2.0/src/common/pico_sync/mutex.c.obj
 .debug_abbrev  0x00002112      0x644 CMakeFiles/receiver.dir/C_/Users/luong/.pico-sdk/sdk/2.2.0/src/common/pico_time/time.c.obj
 .debug_abbrev  0x00002756      0x4f9 CMakeFiles/receiver.dir/C_/Users/luong/.pico-sdk/sdk/2.2.0/src/rp2_common/hardware_timer/timer.c.obj
 .debug_abbrev  0x00002c4f      0x367 CMakeFiles/receiver.dir/C_/Users/luong/.pico-sdk/sdk/2.2.0/src/rp2_common/hardware_uart/uart.c.obj
 .debug_abbrev  0x00002fb6      0x517 CMakeFiles/receiver.dir/C_/Users/luong/.pico-sdk/sdk/2.2.0/src/rp2_common/hardware_clocks/clocks.c.obj
 .debug_abbrev  0x000034cd      0x1a8 CMakeFiles/receiver.dir/C_/Users/luong/.pico-sdk/sdk/2.2.0/src/rp2_common/hardware_pll/pll.c.obj
 .debug_abbrev  0x00003675      0x146 CMakeFiles/receiver.dir/C_/Users/luong/.pico-sdk/sdk/2.2.0/src/rp2_common/hardware_ticks/ticks.c.obj
 .debug_abbrev  0x000037bb      0x458 CMakeFiles/receiver.dir/C_/Users/luong/.pico-sdk/sdk/2.2.0/src/rp2_common/pico_bootrom/bootrom.c.obj
 .debug_abbrev  0x00003c13       0xfb CMakeFiles/receiver.dir/C_/Users/luong/.pico-sdk/sdk/2.2.0/src/rp2_common/pico_bootrom/bootrom_lock.c.obj
 .debug_abbrev  0x00003d0e      0x1de CMakeFiles/receiver.dir/C_/Users/luong/.pico-sdk/sdk/2.2.0/src/rp2_common/hardware_boot_lock/boot_lock.c.obj
 .debug_abbrev  0x00003eec      0x109 CMakeFiles/receiver.dir/C_/Users/luong/.pico-sdk/sdk/2.2.0/src/rp2_common/hardware_xosc/xosc.c.obj
 .debug_abbrev  0x00003ff5      0x182 CMakeFiles/receiver.dir/C_/Users/luong/.pico-sdk/sdk/2.2.0/src/rp2_common/pico_runtime/runtime.c.obj
 .debug_abbrev  0x00004177      0x310 CMakeFiles/receiver.dir/C_/Users/luong/.pico-sdk/sdk/2.2.0/src/rp2_common/pico_runtime_init/runtime_init.c.obj
 .debug_abbrev  0x00004487      0x2b8 CMakeFiles/receiver.dir/C_/Users/luong/.pico-sdk/sdk/2.2.0/src/rp2_common/pico_runtime_init/runtime_init_clocks.c.obj
 .debug_abbrev  0x0000473f       0x12 CMakeFiles/receiver.dir/C_/Users/luong/.pico-sdk/sdk/2.2.0/src/rp2_common/pico_double/double_aeabi_dcp.S.obj
 .debug_abbrev  0x00004751       0xb8 CMakeFiles/receiver.dir/C_/Users/luong/.pico-sdk/sdk/2.2.0/src/rp2_common/pico_standard_binary_info/standard_binary_info.c.obj
 .debug_abbrev  0x00004809      0x505 CMakeFiles/receiver.dir/C_/Users/luong/.pico-sdk/sdk/2.2.0/src/rp2_common/pico_printf/printf.c.obj
 .debug_abbrev  0x00004d0e       0x12 CMakeFiles/receiver.dir/C_/Users/luong/.pico-sdk/sdk/2.2.0/src/rp2_common/pico_crt0/crt0.S.obj
 .debug_abbrev  0x00004d20      0x375 CMakeFiles/receiver.dir/C_/Users/luong/.pico-sdk/sdk/2.2.0/src/rp2_common/pico_clib_interface/newlib_interface.c.obj
 .debug_abbrev  0x00005095      0x60d CMakeFiles/receiver.dir/C_/Users/luong/.pico-sdk/sdk/2.2.0/src/rp2_common/pico_stdio/stdio.c.obj
 .debug_abbrev  0x000056a2      0x493 CMakeFiles/receiver.dir/C_/Users/luong/.pico-sdk/sdk/2.2.0/src/rp2_common/pico_stdio_uart/stdio_uart.c.obj
 .debug_abbrev  0x00005b35      0x1b2 CMakeFiles/receiver.dir/C_/Users/luong/.pico-sdk/sdk/2.2.0/src/rp2_common/pico_unique_id/unique_id.c.obj

.debug_loclists
                0x00000000    0x13674
 .debug_loclists
                0x00000000     0x3316 CMakeFiles/receiver.dir/main.c.obj
 .debug_loclists
                0x00003316     0x17d5 CMakeFiles/receiver.dir/C_/Users/luong/.pico-sdk/sdk/2.2.0/src/rp2_common/hardware_gpio/gpio.c.obj
 .debug_loclists
                0x00004aeb      0x42d CMakeFiles/receiver.dir/C_/Users/luong/.pico-sdk/sdk/2.2.0/src/common/hardware_claim/claim.c.obj
 .debug_loclists
                0x00004f18      0x132 CMakeFiles/receiver.dir/C_/Users/luong/.pico-sdk/sdk/2.2.0/src/rp2_common/hardware_sync/sync.c.obj
 .debug_loclists
                0x0000504a       0xa2 CMakeFiles/receiver.dir/C_/Users/luong/.pico-sdk/sdk/2.2.0/src/rp2_common/hardware_sync_spin_lock/sync_spin_lock.c.obj
 .debug_loclists
                0x000050ec     0x1034 CMakeFiles/receiver.dir/C_/Users/luong/.pico-sdk/sdk/2.2.0/src/rp2_common/hardware_irq/irq.c.obj
 .debug_loclists
                0x00006120       0x17 CMakeFiles/receiver.dir/C_/Users/luong/.pico-sdk/sdk/2.2.0/src/common/pico_sync/lock_core.c.obj
 .debug_loclists
                0x00006137      0xae7 CMakeFiles/receiver.dir/C_/Users/luong/.pico-sdk/sdk/2.2.0/src/common/pico_sync/mutex.c.obj
 .debug_loclists
                0x00006c1e     0x2c58 CMakeFiles/receiver.dir/C_/Users/luong/.pico-sdk/sdk/2.2.0/src/common/pico_time/time.c.obj
 .debug_loclists
                0x00009876     0x1a3f CMakeFiles/receiver.dir/C_/Users/luong/.pico-sdk/sdk/2.2.0/src/rp2_common/hardware_timer/timer.c.obj
 .debug_loclists
                0x0000b2b5      0xc8f CMakeFiles/receiver.dir/C_/Users/luong/.pico-sdk/sdk/2.2.0/src/rp2_common/hardware_uart/uart.c.obj
 .debug_loclists
                0x0000bf44     0x2038 CMakeFiles/receiver.dir/C_/Users/luong/.pico-sdk/sdk/2.2.0/src/rp2_common/hardware_clocks/clocks.c.obj
 .debug_loclists
                0x0000df7c      0x1b7 CMakeFiles/receiver.dir/C_/Users/luong/.pico-sdk/sdk/2.2.0/src/rp2_common/hardware_pll/pll.c.obj
 .debug_loclists
                0x0000e133       0x8b CMakeFiles/receiver.dir/C_/Users/luong/.pico-sdk/sdk/2.2.0/src/rp2_common/hardware_ticks/ticks.c.obj
 .debug_loclists
                0x0000e1be      0x812 CMakeFiles/receiver.dir/C_/Users/luong/.pico-sdk/sdk/2.2.0/src/rp2_common/pico_bootrom/bootrom.c.obj
 .debug_loclists
                0x0000e9d0       0x28 CMakeFiles/receiver.dir/C_/Users/luong/.pico-sdk/sdk/2.2.0/src/rp2_common/pico_bootrom/bootrom_lock.c.obj
 .debug_loclists
                0x0000e9f8       0x78 CMakeFiles/receiver.dir/C_/Users/luong/.pico-sdk/sdk/2.2.0/src/rp2_common/hardware_boot_lock/boot_lock.c.obj
 .debug_loclists
                0x0000ea70       0x48 CMakeFiles/receiver.dir/C_/Users/luong/.pico-sdk/sdk/2.2.0/src/rp2_common/hardware_xosc/xosc.c.obj
 .debug_loclists
                0x0000eab8       0x7e CMakeFiles/receiver.dir/C_/Users/luong/.pico-sdk/sdk/2.2.0/src/rp2_common/pico_runtime/runtime.c.obj
 .debug_loclists
                0x0000eb36      0x129 CMakeFiles/receiver.dir/C_/Users/luong/.pico-sdk/sdk/2.2.0/src/rp2_common/pico_runtime_init/runtime_init.c.obj
 .debug_loclists
                0x0000ec5f       0x74 CMakeFiles/receiver.dir/C_/Users/luong/.pico-sdk/sdk/2.2.0/src/rp2_common/pico_runtime_init/runtime_init_clocks.c.obj
 .debug_loclists
                0x0000ecd3     0x2e21 CMakeFiles/receiver.dir/C_/Users/luong/.pico-sdk/sdk/2.2.0/src/rp2_common/pico_printf/printf.c.obj
 .debug_loclists
                0x00011af4      0x425 CMakeFiles/receiver.dir/C_/Users/luong/.pico-sdk/sdk/2.2.0/src/rp2_common/pico_clib_interface/newlib_interface.c.obj
 .debug_loclists
                0x00011f19      0xb4c CMakeFiles/receiver.dir/C_/Users/luong/.pico-sdk/sdk/2.2.0/src/rp2_common/pico_stdio/stdio.c.obj
 .debug_loclists
                0x00012a65      0x882 CMakeFiles/receiver.dir/C_/Users/luong/.pico-sdk/sdk/2.2.0/src/rp2_common/pico_stdio_uart/stdio_uart.c.obj
 .debug_loclists
                0x000132e7      0x38d CMakeFiles/receiver.dir/C_/Users/luong/.pico-sdk/sdk/2.2.0/src/rp2_common/pico_unique_id/unique_id.c.obj

.debug_aranges  0x00000000      0xca0
 .debug_aranges
                0x00000000       0xa8 CMakeFiles/receiver.dir/main.c.obj
 .debug_aranges
                0x000000a8      0x118 CMakeFiles/receiver.dir/C_/Users/luong/.pico-sdk/sdk/2.2.0/src/rp2_common/hardware_gpio/gpio.c.obj
 .debug_aranges
                0x000001c0       0x28 CMakeFiles/receiver.dir/C_/Users/luong/.pico-sdk/sdk/2.2.0/src/rp2_common/pico_platform_panic/panic.c.obj
 .debug_aranges
                0x000001e8       0x48 CMakeFiles/receiver.dir/C_/Users/luong/.pico-sdk/sdk/2.2.0/src/common/hardware_claim/claim.c.obj
 .debug_aranges
                0x00000230       0x48 CMakeFiles/receiver.dir/C_/Users/luong/.pico-sdk/sdk/2.2.0/src/rp2_common/hardware_sync/sync.c.obj
 .debug_aranges
                0x00000278       0x30 CMakeFiles/receiver.dir/C_/Users/luong/.pico-sdk/sdk/2.2.0/src/rp2_common/hardware_sync_spin_lock/sync_spin_lock.c.obj
 .debug_aranges
                0x000002a8       0xb8 CMakeFiles/receiver.dir/C_/Users/luong/.pico-sdk/sdk/2.2.0/src/rp2_common/hardware_irq/irq.c.obj
 .debug_aranges
                0x00000360       0x20 CMakeFiles/receiver.dir/C_/Users/luong/.pico-sdk/sdk/2.2.0/src/common/pico_sync/lock_core.c.obj
 .debug_aranges
                0x00000380       0x98 CMakeFiles/receiver.dir/C_/Users/luong/.pico-sdk/sdk/2.2.0/src/common/pico_sync/mutex.c.obj
 .debug_aranges
                0x00000418       0xe0 CMakeFiles/receiver.dir/C_/Users/luong/.pico-sdk/sdk/2.2.0/src/common/pico_time/time.c.obj
 .debug_aranges
                0x000004f8       0xf0 CMakeFiles/receiver.dir/C_/Users/luong/.pico-sdk/sdk/2.2.0/src/rp2_common/hardware_timer/timer.c.obj
 .debug_aranges
                0x000005e8       0x58 CMakeFiles/receiver.dir/C_/Users/luong/.pico-sdk/sdk/2.2.0/src/rp2_common/hardware_uart/uart.c.obj
 .debug_aranges
                0x00000640       0x90 CMakeFiles/receiver.dir/C_/Users/luong/.pico-sdk/sdk/2.2.0/src/rp2_common/hardware_clocks/clocks.c.obj
 .debug_aranges
                0x000006d0       0x28 CMakeFiles/receiver.dir/C_/Users/luong/.pico-sdk/sdk/2.2.0/src/rp2_common/hardware_pll/pll.c.obj
 .debug_aranges
                0x000006f8       0x30 CMakeFiles/receiver.dir/C_/Users/luong/.pico-sdk/sdk/2.2.0/src/rp2_common/hardware_ticks/ticks.c.obj
 .debug_aranges
                0x00000728       0x60 CMakeFiles/receiver.dir/C_/Users/luong/.pico-sdk/sdk/2.2.0/src/rp2_common/pico_bootrom/bootrom.c.obj
 .debug_aranges
                0x00000788       0x20 CMakeFiles/receiver.dir/C_/Users/luong/.pico-sdk/sdk/2.2.0/src/rp2_common/pico_bootrom/bootrom_lock.c.obj
 .debug_aranges
                0x000007a8       0x30 CMakeFiles/receiver.dir/C_/Users/luong/.pico-sdk/sdk/2.2.0/src/rp2_common/hardware_boot_lock/boot_lock.c.obj
 .debug_aranges
                0x000007d8       0x30 CMakeFiles/receiver.dir/C_/Users/luong/.pico-sdk/sdk/2.2.0/src/rp2_common/hardware_xosc/xosc.c.obj
 .debug_aranges
                0x00000808       0x38 CMakeFiles/receiver.dir/C_/Users/luong/.pico-sdk/sdk/2.2.0/src/rp2_common/pico_runtime/runtime.c.obj
 .debug_aranges
                0x00000840       0x58 CMakeFiles/receiver.dir/C_/Users/luong/.pico-sdk/sdk/2.2.0/src/rp2_common/pico_runtime_init/runtime_init.c.obj
 .debug_aranges
                0x00000898       0x20 CMakeFiles/receiver.dir/C_/Users/luong/.pico-sdk/sdk/2.2.0/src/rp2_common/pico_runtime_init/runtime_init_clocks.c.obj
 .debug_aranges
                0x000008b8       0xf8 CMakeFiles/receiver.dir/C_/Users/luong/.pico-sdk/sdk/2.2.0/src/rp2_common/pico_double/double_aeabi_dcp.S.obj
 .debug_aranges
                0x000009b0       0x18 CMakeFiles/receiver.dir/C_/Users/luong/.pico-sdk/sdk/2.2.0/src/rp2_common/pico_standard_binary_info/standard_binary_info.c.obj
 .debug_aranges
                0x000009c8       0x90 CMakeFiles/receiver.dir/C_/Users/luong/.pico-sdk/sdk/2.2.0/src/rp2_common/pico_printf/printf.c.obj
 .debug_aranges
                0x00000a58       0x28 CMakeFiles/receiver.dir/C_/Users/luong/.pico-sdk/sdk/2.2.0/src/rp2_common/pico_crt0/crt0.S.obj
 .debug_aranges
                0x00000a80       0xa8 CMakeFiles/receiver.dir/C_/Users/luong/.pico-sdk/sdk/2.2.0/src/rp2_common/pico_clib_interface/newlib_interface.c.obj
 .debug_aranges