Archive member included to satisfy reference by file (symbol)

C:/PROGRA~2/ARMGNU~1/14EFD8~1.2RE/bin/../lib/gcc/arm-none-eabi/14.2.1/thumb/v8-m.main+fp/softfp\libm.a(libm_a-wf_sqrt.o)
                              CMakeFiles/transmitter.dir/C_/Users/luong/.pico-sdk/sdk/2.2.0/src/rp2_common/pico_float/float_math.c.obj (sqrtf)
C:/PROGRA~2/ARMGNU~1/14EFD8~1.2RE/bin/../lib/gcc/arm-none-eabi/14.2.1/thumb/v8-m.main+fp/softfp\libm.a(libm_a-ef_sqrt.o)
                              C:/PROGRA~2/ARMGNU~1/14EFD8~1.2RE/bin/../lib/gcc/arm-none-eabi/14.2.1/thumb/v8-m.main+fp/softfp\libm.a(libm_a-wf_sqrt.o) (__ieee754_sqrtf)
C:/PROGRA~2/ARMGNU~1/14EFD8~1.2RE/bin/../lib/gcc/arm-none-eabi/14.2.1/thumb/v8-m.main+fp/softfp\libgcc.a(_arm_addsubdf3.o)
                              CMakeFiles/transmitter.dir/C_/Users/luong/.pico-sdk/sdk/2.2.0/src/rp2_common/pico_float/float_math.c.obj (__aeabi_f2d)
C:/PROGRA~2/ARMGNU~1/14EFD8~1.2RE/bin/../lib/gcc/arm-none-eabi/14.2.1/thumb/v8-m.main+fp/softfp\libgcc.a(_aeabi_ldivmod.o)
                              CMakeFiles/transmitter.dir/transmitter.c.obj (__aeabi_ldivmod)
C:/PROGRA~2/ARMGNU~1/14EFD8~1.2RE/bin/../lib/gcc/arm-none-eabi/14.2.1/thumb/v8-m.main+fp/softfp\libgcc.a(_aeabi_uldivmod.o)
                              CMakeFiles/transmitter.dir/transmitter.c.obj (__aeabi_uldivmod)
C:/PROGRA~2/ARMGNU~1/14EFD8~1.2RE/bin/../lib/gcc/arm-none-eabi/14.2.1/thumb/v8-m.main+fp/softfp\libgcc.a(_udivmoddi4.o)
                              C:/PROGRA~2/ARMGNU~1/14EFD8~1.2RE/bin/../lib/gcc/arm-none-eabi/14.2.1/thumb/v8-m.main+fp/softfp\libgcc.a(_aeabi_ldivmod.o) (__udivmoddi4)
C:/PROGRA~2/ARMGNU~1/14EFD8~1.2RE/bin/../lib/gcc/arm-none-eabi/14.2.1/thumb/v8-m.main+fp/softfp\libgcc.a(_dvmd_tls.o)
                              C:/PROGRA~2/ARMGNU~1/14EFD8~1.2RE/bin/../lib/gcc/arm-none-eabi/14.2.1/thumb/v8-m.main+fp/softfp\libgcc.a(_aeabi_ldivmod.o) (__aeabi_ldiv0)
C:/PROGRA~2/ARMGNU~1/14EFD8~1.2RE/bin/../lib/gcc/arm-none-eabi/14.2.1/thumb/v8-m.main+fp/softfp\libg.a(libc_a-calloc.o)
                              CMakeFiles/transmitter.dir/C_/Users/luong/.pico-sdk/sdk/2.2.0/src/rp2_common/pico_malloc/malloc.c.obj (calloc)
C:/PROGRA~2/ARMGNU~1/14EFD8~1.2RE/bin/../lib/gcc/arm-none-eabi/14.2.1/thumb/v8-m.main+fp/softfp\libg.a(libc_a-callocr.o)
                              C:/PROGRA~2/ARMGNU~1/14EFD8~1.2RE/bin/../lib/gcc/arm-none-eabi/14.2.1/thumb/v8-m.main+fp/softfp\libg.a(libc_a-calloc.o) (_calloc_r)
C:/PROGRA~2/ARMGNU~1/14EFD8~1.2RE/bin/../lib/gcc/arm-none-eabi/14.2.1/thumb/v8-m.main+fp/softfp\libg.a(libc_a-malloc.o)
                              CMakeFiles/transmitter.dir/C_/Users/luong/.pico-sdk/sdk/2.2.0/src/rp2_common/pico_malloc/malloc.c.obj (malloc)
C:/PROGRA~2/ARMGNU~1/14EFD8~1.2RE/bin/../lib/gcc/arm-none-eabi/14.2.1/thumb/v8-m.main+fp/softfp\libg.a(libc_a-mallocr.o)
                              C:/PROGRA~2/ARMGNU~1/14EFD8~1.2RE/bin/../lib/gcc/arm-none-eabi/14.2.1/thumb/v8-m.main+fp/softfp\libg.a(libc_a-callocr.o) (_malloc_r)
C:/PROGRA~2/ARMGNU~1/14EFD8~1.2RE/bin/../lib/gcc/arm-none-eabi/14.2.1/thumb/v8-m.main+fp/softfp\libg.a(libc_a-mlock.o)
                              C:/PROGRA~2/ARMGNU~1/14EFD8~1.2RE/bin/../lib/gcc/arm-none-eabi/14.2.1/thumb/v8-m.main+fp/softfp\libg.a(libc_a-mallocr.o) (__malloc_lock)
C:/PROGRA~2/ARMGNU~1/14EFD8~1.2RE/bin/../lib/gcc/arm-none-eabi/14.2.1/thumb/v8-m.main+fp/softfp\libg.a(libc_a-realloc.o)
                              CMakeFiles/transmitter.dir/C_/Users/luong/.pico-sdk/sdk/2.2.0/src/rp2_common/pico_malloc/malloc.c.obj (realloc)
C:/PROGRA~2/ARMGNU~1/14EFD8~1.2RE/bin/../lib/gcc/arm-none-eabi/14.2.1/thumb/v8-m.main+fp/softfp\libg.a(libc_a-reallocr.o)
                              C:/PROGRA~2/ARMGNU~1/14EFD8~1.2RE/bin/../lib/gcc/arm-none-eabi/14.2.1/thumb/v8-m.main+fp/softfp\libg.a(libc_a-realloc.o) (_realloc_r)
C:/PROGRA~2/ARMGNU~1/14EFD8~1.2RE/bin/../lib/gcc/arm-none-eabi/14.2.1/thumb/v8-m.main+fp/softfp\libg.a(libc_a-sscanf.o)
                              CMakeFiles/transmitter.dir/transmitter.c.obj (sscanf)
C:/PROGRA~2/ARMGNU~1/14EFD8~1.2RE/bin/../lib/gcc/arm-none-eabi/14.2.1/thumb/v8-m.main+fp/softfp\libg.a(libc_a-stdio.o)
                              C:/PROGRA~2/ARMGNU~1/14EFD8~1.2RE/bin/../lib/gcc/arm-none-eabi/14.2.1/thumb/v8-m.main+fp/softfp\libg.a(libc_a-sscanf.o) (__seofread)
C:/PROGRA~2/ARMGNU~1/14EFD8~1.2RE/bin/../lib/gcc/arm-none-eabi/14.2.1/thumb/v8-m.main+fp/softfp\libg.a(libc_a-memcmp.o)
                              CMakeFiles/transmitter.dir/C_/Users/luong/.pico-sdk/sdk/2.2.0/src/rp2_common/pico_atomic/atomic.c.obj (memcmp)
C:/PROGRA~2/ARMGNU~1/14EFD8~1.2RE/bin/../lib/gcc/arm-none-eabi/14.2.1/thumb/v8-m.main+fp/softfp\libg.a(libc_a-memmove.o)
                              C:/PROGRA~2/ARMGNU~1/14EFD8~1.2RE/bin/../lib/gcc/arm-none-eabi/14.2.1/thumb/v8-m.main+fp/softfp\libg.a(libc_a-reallocr.o) (memmove)
[...]
Memory Configuration

Name             Origin             Length             Attributes
FLASH            0x10000000         0x00400000         xr
RAM              0x20000000         0x00080000         xrw
SCRATCH_X        0x20080000         0x00001000         xrw
SCRATCH_Y        0x20081000         0x00001000         xrw
*default*        0x00000000         0xffffffff

Linker script and memory map

LOAD C:/PROGRA~2/ARMGNU~1/14EFD8~1.2RE/bin/../lib/gcc/arm-none-eabi/14.2.1/thumb/v8-m.main+fp/softfp/crti.o
LOAD C:/PROGRA~2/ARMGNU~1/14EFD8~1.2RE/bin/../lib/gcc/arm-none-eabi/14.2.1/thumb/v8-m.main+fp/softfp/crtbegin.o
LOAD C:/PROGRA~2/ARMGNU~1/14EFD8~1.2RE/bin/../lib/gcc/arm-none-eabi/14.2.1/thumb/v8-m.main+fp/softfp/crt0.o

.flash_begin    0x10000000        0x0
                0x10000000                        __flash_binary_start = .

.text           0x10000000     0x99a8
                0x10000000                        __logical_binary_start = .
 *(.vectors)
 .vectors       0x10000000      0x124 CMakeFiles/transmitter.dir/C_/Users/luong/.pico-sdk/sdk/2.2.0/src/rp2_common/pico_crt0/crt0.S.obj
                0x10000000                __VECTOR_TABLE
                0x10000000                __vectors
                0x10000110                __unhandled_user_irq
                0x10000110                isr_irq49
                0x10000110                isr_irq13
                0x10000110                isr_irq43
                0x10000110                isr_irq45
                0x10000110                isr_irq27
                0x10000110                isr_irq32
                0x10000110                isr_irq31
                0x10000110                isr_irq12
                0x10000110                isr_irq5
                0x10000110                isr_irq11
                0x10000110                isr_irq3
                0x10000110                isr_irq23
                0x10000110                isr_usagefault
                0x10000110                isr_irq48
                0x10000110                isr_irq30
                0x10000110                isr_irq18
                0x10000110                isr_irq50
                0x10000110                isr_irq33
                0x10000110                isr_irq40
                0x10000110                isr_irq28
                0x10000110                isr_irq19
                0x10000110                isr_irq36
                0x10000110                isr_irq41
                0x10000110                isr_irq0
                0x10000110                isr_irq6
                0x10000110                isr_irq26
                0x10000110                isr_irq29
                0x10000110                isr_memmanage
                0x10000110                isr_irq37
                0x10000110                isr_irq42
                0x10000110                isr_irq22
                0x10000110                isr_irq35
                0x10000110                isr_irq17
                0x10000110                isr_irq38
                0x10000110                isr_irq14
                0x10000110                __vectors_end
                0x10000110                __default_isrs_start
                0x10000110                isr_irq2
                0x10000110                isr_irq10
                0x10000110                isr_irq8
                0x10000110                isr_debugmonitor
                0x10000110                isr_irq24
                0x10000110                isr_irq46
                0x10000110                isr_irq1
                0x10000110                isr_irq47
                0x10000110                isr_irq51
                0x10000110                isr_irq7
                0x10000110                isr_irq21
                0x10000110                isr_irq39
                0x10000110                isr_irq20
                0x10000110                isr_irq15
                0x10000110                isr_irq25
                0x10000110                isr_irq34
                0x10000110                isr_irq44
                0x10000110                isr_securefault
                0x10000110                isr_irq4
                0x10000110                isr_busfault
                0x10000110                isr_irq16
                0x10000110                isr_irq9
                0x10000116                unhandled_user_irq_num_in_r0
                0x10000118                isr_invalid
                0x1000011a                isr_nmi
                0x1000011c                isr_hardfault
                0x1000011e                isr_svcall
                0x10000120                isr_pendsv
                0x10000122                isr_systick
                0x10000124                __default_isrs_end
 *(.binary_info_header)
 .binary_info_header
                0x10000124       0x14 CMakeFiles/transmitter.dir/C_/Users/luong/.pico-sdk/sdk/2.2.0/src/rp2_common/pico_crt0/crt0.S.obj
                0x10000138                        __binary_info_header_end = .
 *(.embedded_block)
 .embedded_block
                0x10000138       0x14 CMakeFiles/transmitter.dir/C_/Users/luong/.pico-sdk/sdk/2.2.0/src/rp2_common/pico_crt0/crt0.S.obj
                0x1000014c                        __embedded_block_end = .
 *(.reset)
 .reset         0x1000014c       0x98 CMakeFiles/transmitter.dir/C_/Users/luong/.pico-sdk/sdk/2.2.0/src/rp2_common/pico_crt0/crt0.S.obj
                0x1000014c                _entry_point
 *(.init)
 .init          0x100001e4        0x4 C:/PROGRA~2/ARMGNU~1/14EFD8~1.2RE/bin/../lib/gcc/arm-none-eabi/14.2.1/thumb/v8-m.main+fp/softfp/crti.o
                0x100001e4                _init
 SORT_BY_NAME(REVERSE(*libgcc.a:cmse_nonsecure_call.o))()
 *(EXCLUDE_FILE(*libm.a: *libc.a:*lib_a-mem*.o *libgcc.a:) .text*)
 .text.register_tm_clones
                0x100001e8       0x28 C:/PROGRA~2/ARMGNU~1/14EFD8~1.2RE/bin/../lib/gcc/arm-none-eabi/14.2.1/thumb/v8-m.main+fp/softfp/crtbegin.o
 .text.frame_dummy
                0x10000210       0x24 C:/PROGRA~2/ARMGNU~1/14EFD8~1.2RE/bin/../lib/gcc/arm-none-eabi/14.2.1/thumb/v8-m.main+fp/softfp/crtbegin.o
 .text.init_buzzer
                0x10000234       0x48 CMakeFiles/transmitter.dir/transmitter.c.obj
                0x10000234                init_buzzer
 .text.send_sensor_data
                0x1000027c      0x2ac CMakeFiles/transmitter.dir/transmitter.c.obj
                0x1000027c                send_sensor_data
 .text.transmitter_loop
                0x10000528      0x1cc CMakeFiles/transmitter.dir/transmitter.c.obj
                0x10000528                transmitter_loop
 .text.startup.main
                0x100006f4       0xd0 CMakeFiles/transmitter.dir/transmitter.c.obj
                0x100006f4                main
 .text.gpio_set_function
                0x100007c4       0x3c CMakeFiles/transmitter.dir/C_/Users/luong/.pico-sdk/sdk/2.2.0/src/rp2_common/hardware_gpio/gpio.c.obj
                0x100007c4                gpio_set_function
 .text.gpio_set_pulls
                0x10000800       0x28 CMakeFiles/transmitter.dir/C_/Users/luong/.pico-sdk/sdk/2.2.0/src/rp2_common/hardware_gpio/gpio.c.obj
                0x10000800                gpio_set_pulls
 .text.gpio_init
                0x10000828       0x48 CMakeFiles/transmitter.dir/C_/Users/luong/.pico-sdk/sdk/2.2.0/src/rp2_common/hardware_gpio/gpio.c.obj
                0x10000828                gpio_init
 .text.panic    0x10000870       0x30 CMakeFiles/transmitter.dir/C_/Users/luong/.pico-sdk/sdk/2.2.0/src/rp2_common/pico_platform_panic/panic.c.obj
                0x10000870                panic
 .text.hw_claim_or_assert
                0x100008a0       0x58 CMakeFiles/transmitter.dir/C_/Users/luong/.pico-sdk/sdk/2.2.0/src/common/hardware_claim/claim.c.obj
                0x100008a0                hw_claim_or_assert
 .text.next_striped_spin_lock_num
                0x100008f8       0x18 CMakeFiles/transmitter.dir/C_/Users/luong/.pico-sdk/sdk/2.2.0/src/rp2_common/hardware_sync/sync.c.obj
                0x100008f8                next_striped_spin_lock_num
 .text.spinlock_set_extexclall
                0x10000910       0x10 CMakeFiles/transmitter.dir/C_/Users/luong/.pico-sdk/sdk/2.2.0/src/rp2_common/hardware_sync_spin_lock/sync_spin_lock.c.obj
 .text.spin_locks_reset
                0x10000920       0x18 CMakeFiles/transmitter.dir/C_/Users/luong/.pico-sdk/sdk/2.2.0/src/rp2_common/hardware_sync_spin_lock/sync_spin_lock.c.obj
                0x10000920                spin_locks_reset
 .text.runtime_init_per_core_irq_priorities
                0x10000938       0x40 CMakeFiles/transmitter.dir/C_/Users/luong/.pico-sdk/sdk/2.2.0/src/rp2_common/hardware_irq/irq.c.obj
                0x10000938                runtime_init_per_core_irq_priorities
 .text.irq_set_enabled
                0x10000978       0x2c CMakeFiles/transmitter.dir/C_/Users/luong/.pico-sdk/sdk/2.2.0/src/rp2_common/hardware_irq/irq.c.obj
                0x10000978                irq_set_enabled
 .text.irq_set_exclusive_handler
                0x100009a4       0x60 CMakeFiles/transmitter.dir/C_/Users/luong/.pico-sdk/sdk/2.2.0/src/rp2_common/hardware_irq/irq.c.obj
                0x100009a4                irq_set_exclusive_handler
 .text.irq_remove_handler
                0x10000a04      0x1f4 CMakeFiles/transmitter.dir/C_/Users/luong/.pico-sdk/sdk/2.2.0/src/rp2_common/hardware_irq/irq.c.obj
                0x10000a04                irq_remove_handler
 .text.irq_add_tail_to_free_list
                0x10000bf8       0xbc CMakeFiles/transmitter.dir/C_/Users/luong/.pico-sdk/sdk/2.2.0/src/rp2_common/hardware_irq/irq.c.obj
                0x10000bf8                irq_add_tail_to_free_list
 .text.lock_init
                0x10000cb4        0xc CMakeFiles/transmitter.dir/C_/Users/luong/.pico-sdk/sdk/2.2.0/src/common/pico_sync/lock_core.c.obj
                0x10000cb4                lock_init
 .text.runtime_init_mutex
                0x10000cc0       0x4c CMakeFiles/transmitter.dir/C_/Users/luong/.pico-sdk/sdk/2.2.0/src/common/pico_sync/mutex.c.obj
                0x10000cc0                runtime_init_mutex
 .text.sleep_until_callback
                0x10000d0c       0x3c CMakeFiles/transmitter.dir/C_/Users/luong/.pico-sdk/sdk/2.2.0/src/common/pico_time/time.c.obj
 .text.alarm_pool_irq_handler
                0x10000d48      0x2f0 CMakeFiles/transmitter.dir/C_/Users/luong/.pico-sdk/sdk/2.2.0/src/common/pico_time/time.c.obj
 .text.runtime_init_default_alarm_pool
                0x10001038      0x100 CMakeFiles/transmitter.dir/C_/Users/luong/.pico-sdk/sdk/2.2.0/src/common/pico_time/time.c.obj
                0x10001038                runtime_init_default_alarm_pool
 .text.alarm_pool_add_alarm_at_force_in_context
                0x10001138       0xc8 CMakeFiles/transmitter.dir/C_/Users/luong/.pico-sdk/sdk/2.2.0/src/common/pico_time/time.c.obj
                0x10001138                alarm_pool_add_alarm_at_force_in_context
 .text.alarm_pool_cancel_alarm
                0x10001200       0x80 CMakeFiles/transmitter.dir/C_/Users/luong/.pico-sdk/sdk/2.2.0/src/common/pico_time/time.c.obj
                0x10001200                alarm_pool_cancel_alarm
 .text.sleep_us
                0x10001280       0xd8 CMakeFiles/transmitter.dir/C_/Users/luong/.pico-sdk/sdk/2.2.0/src/common/pico_time/time.c.obj
                0x10001280                sleep_us
 .text.sleep_ms
                0x10001358       0xdc CMakeFiles/transmitter.dir/C_/Users/luong/.pico-sdk/sdk/2.2.0/src/common/pico_time/time.c.obj
                0x10001358                sleep_ms
 .text.best_effort_wfe_or_timeout
                0x10001434       0xd4 CMakeFiles/transmitter.dir/C_/Users/luong/.pico-sdk/sdk/2.2.0/src/common/pico_time/time.c.obj
                0x10001434                best_effort_wfe_or_timeout
 .text.timer_hardware_alarm_claim
                0x10001508       0x24 CMakeFiles/transmitter.dir/C_/Users/luong/.pico-sdk/sdk/2.2.0/src/rp2_common/hardware_timer/timer.c.obj
                0x10001508                timer_hardware_alarm_claim
 .text.timer_time_us_64
                0x1000152c       0x10 CMakeFiles/transmitter.dir/C_/Users/luong/.pico-sdk/sdk/2.2.0/src/rp2_common/hardware_timer/timer.c.obj
                0x1000152c                timer_time_us_64
 .text.time_us_64
                0x1000153c       0x14 CMakeFiles/transmitter.dir/C_/Users/luong/.pico-sdk/sdk/2.2.0/src/rp2_common/hardware_timer/timer.c.obj
                0x1000153c                time_us_64
 .text.busy_wait_us
                0x10001550       0x5c CMakeFiles/transmitter.dir/C_/Users/luong/.pico-sdk/sdk/2.2.0/src/rp2_common/hardware_timer/timer.c.obj
                0x10001550                busy_wait_us
 .text.busy_wait_until
                0x100015ac       0x24 CMakeFiles/transmitter.dir/C_/Users/luong/.pico-sdk/sdk/2.2.0/src/rp2_common/hardware_timer/timer.c.obj
                0x100015ac                busy_wait_until
 .text.uart_init
                0x100015d0      0x104 CMakeFiles/transmitter.dir/C_/Users/luong/.pico-sdk/sdk/2.2.0/src/rp2_common/hardware_uart/uart.c.obj
                0x100015d0                uart_init
 .text.clock_configure_undivided
                0x100016d4       0xd0 CMakeFiles/transmitter.dir/C_/Users/luong/.pico-sdk/sdk/2.2.0/src/rp2_common/hardware_clocks/clocks.c.obj
                0x100016d4                clock_configure_undivided
 .text.clock_get_hz
                0x100017a4        0xc CMakeFiles/transmitter.dir/C_/Users/luong/.pico-sdk/sdk/2.2.0/src/rp2_common/hardware_clocks/clocks.c.obj
                0x100017a4                clock_get_hz
 .text.pll_init
                0x100017b0       0x8c CMakeFiles/transmitter.dir/C_/Users/luong/.pico-sdk/sdk/2.2.0/src/rp2_common/hardware_pll/pll.c.obj
                0x100017b0                pll_init
 .text.tick_start
                0x1000183c       0x18 CMakeFiles/transmitter.dir/C_/Users/luong/.pico-sdk/sdk/2.2.0/src/rp2_common/hardware_ticks/ticks.c.obj
                0x1000183c                tick_start
 .text.rom_func_lookup
                0x10001854       0x18 CMakeFiles/transmitter.dir/C_/Users/luong/.pico-sdk/sdk/2.2.0/src/rp2_common/pico_bootrom/bootrom.c.obj
                0x10001854                rom_func_lookup
 .text.runtime_init_bootrom_locking_enable
                0x1000186c       0x14 CMakeFiles/transmitter.dir/C_/Users/luong/.pico-sdk/sdk/2.2.0/src/rp2_common/pico_bootrom/bootrom_lock.c.obj
                0x1000186c                runtime_init_bootrom_locking_enable
 .text.runtime_init_boot_locks_reset
                0x10001880       0x1c CMakeFiles/transmitter.dir/C_/Users/luong/.pico-sdk/sdk/2.2.0/src/rp2_common/hardware_boot_lock/boot_lock.c.obj
                0x10001880                runtime_init_boot_locks_reset
 .text.xosc_init
                0x1000189c       0x30 CMakeFiles/transmitter.dir/C_/Users/luong/.pico-sdk/sdk/2.2.0/src/rp2_common/hardware_xosc/xosc.c.obj
                0x1000189c                xosc_init
 .text.first_per_core_initializer
                0x100018cc        0x4 CMakeFiles/transmitter.dir/C_/Users/luong/.pico-sdk/sdk/2.2.0/src/rp2_common/pico_runtime/runtime.c.obj
 .text.hard_assertion_failure
                0x100018d0        0xc CMakeFiles/transmitter.dir/C_/Users/luong/.pico-sdk/sdk/2.2.0/src/rp2_common/pico_runtime/runtime.c.obj
                0x100018d0                hard_assertion_failure
 .text.runtime_run_initializers
                0x100018dc       0x20 CMakeFiles/transmitter.dir/C_/Users/luong/.pico-sdk/sdk/2.2.0/src/rp2_common/pico_runtime/runtime.c.obj
                0x100018dc                runtime_run_initializers
 .text.runtime_init_early_resets
                0x100018fc       0x34 CMakeFiles/transmitter.dir/C_/Users/luong/.pico-sdk/sdk/2.2.0/src/rp2_common/pico_runtime_init/runtime_init.c.obj
                0x100018fc                runtime_init_early_resets
 .text.runtime_init_usb_power_down
                0x10001930       0x1c CMakeFiles/transmitter.dir/C_/Users/luong/.pico-sdk/sdk/2.2.0/src/rp2_common/pico_runtime_init/runtime_init.c.obj
                0x10001930                runtime_init_usb_power_down
 .text.runtime_init_per_core_enable_coprocessors
                0x1000194c       0x1c CMakeFiles/transmitter.dir/C_/Users/luong/.pico-sdk/sdk/2.2.0/src/rp2_common/pico_runtime_init/runtime_init.c.obj
                0x1000194c                runtime_init_per_core_enable_coprocessors
 .text.runtime_init_post_clock_resets
                0x10001968       0x20 CMakeFiles/transmitter.dir/C_/Users/luong/.pico-sdk/sdk/2.2.0/src/rp2_common/pico_runtime_init/runtime_init.c.obj
                0x10001968                runtime_init_post_clock_resets
 .text.runtime_init_bootrom_reset
                0x10001988       0x14 CMakeFiles/transmitter.dir/C_/Users/luong/.pico-sdk/sdk/2.2.0/src/rp2_common/pico_runtime_init/runtime_init.c.obj
                0x10001988                runtime_init_bootrom_reset
 .text.runtime_init_per_core_bootrom_reset
                0x1000199c       0x14 CMakeFiles/transmitter.dir/C_/Users/luong/.pico-sdk/sdk/2.2.0/src/rp2_common/pico_runtime_init/runtime_init.c.obj
                0x1000199c                runtime_init_per_core_bootrom_reset
 .text.runtime_init_spin_locks_reset
                0x100019b0        0x4 CMakeFiles/transmitter.dir/C_/Users/luong/.pico-sdk/sdk/2.2.0/src/rp2_common/pico_runtime_init/runtime_init.c.obj
                0x100019b0                runtime_init_spin_locks_reset
 .text.runtime_init_install_ram_vector_table
                0x100019b4       0x68 CMakeFiles/transmitter.dir/C_/Users/luong/.pico-sdk/sdk/2.2.0/src/rp2_common/pico_runtime_init/runtime_init.c.obj
                0x100019b4                runtime_init_install_ram_vector_table
 .text.runtime_init_clocks
                0x10001a1c       0xdc CMakeFiles/transmitter.dir/C_/Users/luong/.pico-sdk/sdk/2.2.0/src/rp2_common/pico_runtime_init/runtime_init_clocks.c.obj
                0x10001a1c                runtime_init_clocks
 .text.__rp2350_dcp_engaged_state_save_restore
                0x10001af8       0x3a CMakeFiles/transmitter.dir/C_/Users/luong/.pico-sdk/sdk/2.2.0/src/rp2_common/pico_double/double_aeabi_dcp.S.obj
 *fill*         0x10001b32        0x2 
 .text.__wrap___aeabi_dadd
                0x10001b34       0x28 CMakeFiles/transmitter.dir/C_/Users/luong/.pico-sdk/sdk/2.2.0/src/rp2_common/pico_double/double_aeabi_dcp.S.obj
                0x10001b3c                __wrap___aeabi_dadd
 .text.__wrap___aeabi_dsub
                0x10001b5c       0x28 CMakeFiles/transmitter.dir/C_/Users/luong/.pico-sdk/sdk/2.2.0/src/rp2_common/pico_double/double_aeabi_dcp.S.obj
                0x10001b64                __wrap___aeabi_dsub
 .text.__wrap___aeabi_dmul
                0x10001b84       0x4c CMakeFiles/transmitter.dir/C_/Users/luong/.pico-sdk/sdk/2.2.0/src/rp2_common/pico_double/double_aeabi_dcp.S.obj
                0x10001b8c                __wrap___aeabi_dmul
 .text.__wrap___aeabi_ddiv
                0x10001bd0       0x9c CMakeFiles/transmitter.dir/C_/Users/luong/.pico-sdk/sdk/2.2.0/src/rp2_common/pico_double/double_aeabi_dcp.S.obj
                0x10001bd8                __wrap___aeabi_ddiv
 .text.__wrap___aeabi_d2f
                0x10001c6c       0x1c CMakeFiles/transmitter.dir/C_/Users/luong/.pico-sdk/sdk/2.2.0/src/rp2_common/pico_double/double_aeabi_dcp.S.obj
                0x10001c74                __wrap___aeabi_d2f
                0x10001c74                double2float
 .text.__wrap___aeabi_i2d
                0x10001c88       0x24 CMakeFiles/transmitter.dir/C_/Users/luong/.pico-sdk/sdk/2.2.0/src/rp2_common/pico_double/double_aeabi_dcp.S.obj
                0x10001c90                int2double
                0x10001c90                __wrap___aeabi_i2d
 .text.__wrap___aeabi_ui2d
                0x10001cac       0x24 CMakeFiles/transmitter.dir/C_/Users/luong/.pico-sdk/sdk/2.2.0/src/rp2_common/pico_double/double_aeabi_dcp.S.obj
                0x10001cb4                uint2double
                0x10001cb4                __wrap___aeabi_ui2d
 .text.__wrap___aeabi_d2iz
                0x10001cd0       0x24 CMakeFiles/transmitter.dir/C_/Users/luong/.pico-sdk/sdk/2.2.0/src/rp2_common/pico_double/double_aeabi_dcp.S.obj
                0x10001cd8                double2int_z
                0x10001cd8                __wrap___aeabi_d2iz
 .text.__wrap___aeabi_d2uiz
                0x10001cf4       0x24 CMakeFiles/transmitter.dir/C_/Users/luong/.pico-sdk/sdk/2.2.0/src/rp2_common/pico_double/double_aeabi_dcp.S.obj
                0x10001cfc                double2uint
                0x10001cfc                __wrap___aeabi_d2uiz
                0x10001cfc                double2uint_z
 .text.__wrap___aeabi_dcmpun
                0x10001d18       0x24 CMakeFiles/transmitter.dir/C_/Users/luong/.pico-sdk/sdk/2.2.0/src/rp2_common/pico_double/double_aeabi_dcp.S.obj
                0x10001d20                __wrap___aeabi_dcmpun
 .text.__wrap___aeabi_dcmpeq
                0x10001d3c       0x24 CMakeFiles/transmitter.dir/C_/Users/luong/.pico-sdk/sdk/2.2.0/src/rp2_common/pico_double/double_aeabi_dcp.S.obj
                0x10001d44                __wrap___aeabi_dcmpeq
 .text.__wrap___aeabi_dcmplt
                0x10001d60       0x28 CMakeFiles/transmitter.dir/C_/Users/luong/.pico-sdk/sdk/2.2.0/src/rp2_common/pico_double/double_aeabi_dcp.S.obj
                0x10001d68                __wrap___aeabi_dcmplt
 .text.__wrap___aeabi_dcmple
                0x10001d88       0x28 CMakeFiles/transmitter.dir/C_/Users/luong/.pico-sdk/sdk/2.2.0/src/rp2_common/pico_double/double_aeabi_dcp.S.obj
                0x10001d90                __wrap___aeabi_dcmple
 .text.__wrap___aeabi_dcmpge
                0x10001db0       0x28 CMakeFiles/transmitter.dir/C_/Users/luong/.pico-sdk/sdk/2.2.0/src/rp2_common/pico_double/double_aeabi_dcp.S.obj
                0x10001db8                __wrap___aeabi_dcmpge
 .text.__wrap___aeabi_dcmpgt
                0x10001dd8       0x28 CMakeFiles/transmitter.dir/C_/Users/luong/.pico-sdk/sdk/2.2.0/src/rp2_common/pico_double/double_aeabi_dcp.S.obj
                0x10001de0                __wrap___aeabi_dcmpgt
 .text.__wrap_conv_tod
                0x10001e00      0x20c CMakeFiles/transmitter.dir/C_/Users/luong/.pico-sdk/sdk/2.2.0/src/rp2_common/pico_double/double_conv_m33.S.obj
                0x10001e00                __wrap___aeabi_l2d
                0x10001e00                int642double
                0x10001e02                fix642double
                0x10001ea6                __wrap___aeabi_ul2d
                0x10001ea6                uint642double
                0x10001ea8                ufix642double
                0x10001f3c                fix2double
                0x10001fac                ufix2double
 .text.__wrap_conv_dtoi64_z
                0x1000200c       0xa0 CMakeFiles/transmitter.dir/C_/Users/luong/.pico-sdk/sdk/2.2.0/src/rp2_common/pico_double/double_conv_m33.S.obj
                0x1000200c                __wrap___aeabi_d2lz
                0x1000200c                double2int64_z
                0x1000200e                double2fix64_z
 .text.__wrap_malloc
                0x100020ac       0x24 CMakeFiles/transmitter.dir/C_/Users/luong/.pico-sdk/sdk/2.2.0/src/rp2_common/pico_malloc/malloc.c.obj
                0x100020ac                __wrap_malloc
 .text.__wrap_realloc
                0x100020d0       0x24 CMakeFiles/transmitter.dir/C_/Users/luong/.pico-sdk/sdk/2.2.0/src/rp2_common/pico_malloc/malloc.c.obj
                0x100020d0                __wrap_realloc
 .text.__wrap_free
                0x100020f4        0x4 CMakeFiles/transmitter.dir/C_/Users/luong/.pico-sdk/sdk/2.2.0/src/rp2_common/pico_malloc/malloc.c.obj
                0x100020f4                __wrap_free
 .text._out_buffer
                0x100020f8        0x8 CMakeFiles/transmitter.dir/C_/Users/luong/.pico-sdk/sdk/2.2.0/src/rp2_common/pico_printf/printf.c.obj
 .text._out_null
                0x10002100        0x4 CMakeFiles/transmitter.dir/C_/Users/luong/.pico-sdk/sdk/2.2.0/src/rp2_common/pico_printf/printf.c.obj
 .text._out_rev
                0x10002104       0x9c CMakeFiles/transmitter.dir/C_/Users/luong/.pico-sdk/sdk/2.2.0/src/rp2_common/pico_printf/printf.c.obj
 .text._ntoa_format
                0x100021a0      0x1d4 CMakeFiles/transmitter.dir/C_/Users/luong/.pico-sdk/sdk/2.2.0/src/rp2_common/pico_printf/printf.c.obj
 .text._out_char
                0x10002374        0x8 CMakeFiles/transmitter.dir/C_/Users/luong/.pico-sdk/sdk/2.2.0/src/rp2_common/pico_printf/printf.c.obj
 *fill*         0x1000237c        0x4 
 .text._ftoa    0x10002380      0x4bc CMakeFiles/transmitter.dir/C_/Users/luong/.pico-sdk/sdk/2.2.0/src/rp2_common/pico_printf/printf.c.obj
 *fill*         0x1000283c        0x4 
 .text._etoa    0x10002840      0x574 CMakeFiles/transmitter.dir/C_/Users/luong/.pico-sdk/sdk/2.2.0/src/rp2_common/pico_printf/printf.c.obj
 .text._vsnprintf
                0x10002db4      0x9e4 CMakeFiles/transmitter.dir/C_/Users/luong/.pico-sdk/sdk/2.2.0/src/rp2_common/pico_printf/printf.c.obj
 .text.__wrap_sprintf
                0x10003798       0x2c CMakeFiles/transmitter.dir/C_/Users/luong/.pico-sdk/sdk/2.2.0/src/rp2_common/pico_printf/printf.c.obj
                0x10003798                __wrap_sprintf
 .text.weak_raw_printf
                0x100037c4       0x48 CMakeFiles/transmitter.dir/C_/Users/luong/.pico-sdk/sdk/2.2.0/src/rp2_common/pico_printf/printf.c.obj
                0x100037c4                weak_raw_printf
 .text.weak_raw_vprintf
                0x1000380c       0x30 CMakeFiles/transmitter.dir/C_/Users/luong/.pico-sdk/sdk/2.2.0/src/rp2_common/pico_printf/printf.c.obj
                0x1000380c                weak_raw_vprintf
 .text._exit    0x1000383c        0x4 CMakeFiles/transmitter.dir/C_/Users/luong/.pico-sdk/sdk/2.2.0/src/rp2_common/pico_clib_interface/newlib_interface.c.obj
                0x1000383c                _exit
 .text._sbrk    0x10003840       0x2c CMakeFiles/transmitter.dir/C_/Users/luong/.pico-sdk/sdk/2.2.0/src/rp2_common/pico_clib_interface/newlib_interface.c.obj
                0x10003840                _sbrk
 .text.exit     0x1000386c        0x8 CMakeFiles/transmitter.dir/C_/Users/luong/.pico-sdk/sdk/2.2.0/src/rp2_common/pico_clib_interface/newlib_interface.c.obj
                0x1000386c                exit
 .text.__assert_func
                0x10003874       0x34 CMakeFiles/transmitter.dir/C_/Users/luong/.pico-sdk/sdk/2.2.0/src/rp2_common/pico_clib_interface/newlib_interface.c.obj
                0x10003874                __assert_func
 .text.runtime_init
                0x100038a8       0x24 CMakeFiles/transmitter.dir/C_/Users/luong/.pico-sdk/sdk/2.2.0/src/rp2_common/pico_clib_interface/newlib_interface.c.obj
                0x100038a8                runtime_init
 .text.stdio_out_chars_no_crlf
                0x100038cc        0x8 CMakeFiles/transmitter.dir/C_/Users/luong/.pico-sdk/sdk/2.2.0/src/rp2_common/pico_stdio/stdio.c.obj
 .text.stdio_out_chars_crlf
                0x100038d4       0xb0 CMakeFiles/transmitter.dir/C_/Users/luong/.pico-sdk/sdk/2.2.0/src/rp2_common/pico_stdio/stdio.c.obj
 .text.stdio_put_string
                0x10003984       0xec CMakeFiles/transmitter.dir/C_/Users/luong/.pico-sdk/sdk/2.2.0/src/rp2_common/pico_stdio/stdio.c.obj
                0x10003984                stdio_put_string
 .text.stdio_set_driver_enabled
                0x10003a70       0x28 CMakeFiles/transmitter.dir/C_/Users/luong/.pico-sdk/sdk/2.2.0/src/rp2_common/pico_stdio/stdio.c.obj
                0x10003a70                stdio_set_driver_enabled
 .text.__wrap_putchar
                0x10003a98       0x84 CMakeFiles/transmitter.dir/C_/Users/luong/.pico-sdk/sdk/2.2.0/src/rp2_common/pico_stdio/stdio.c.obj
                0x10003a98                __wrap_putchar
                0x10003a98                stdio_putchar
 .text.__wrap_puts
                0x10003b1c       0x3c CMakeFiles/transmitter.dir/C_/Users/luong/.pico-sdk/sdk/2.2.0/src/rp2_common/pico_stdio/stdio.c.obj
                0x10003b1c                stdio_puts
                0x10003b1c                __wrap_puts
 .text.stdio_uart_out_chars
                0x10003b58       0x50 CMakeFiles/transmitter.dir/C_/Users/luong/.pico-sdk/sdk/2.2.0/src/rp2_common/pico_stdio_uart/stdio_uart.c.obj
 .text.stdio_uart_in_chars
                0x10003ba8       0x94 CMakeFiles/transmitter.dir/C_/Users/luong/.pico-sdk/sdk/2.2.0/src/rp2_common/pico_stdio_uart/stdio_uart.c.obj
                0x10003ba8                stdio_uart_in_chars
 .text.on_uart_rx
                0x10003c3c       0x24 CMakeFiles/transmitter.dir/C_/Users/luong/.pico-sdk/sdk/2.2.0/src/rp2_common/pico_stdio_uart/stdio_uart.c.obj
 .text.stdio_uart_out_flush
                0x10003c60       0x10 CMakeFiles/transmitter.dir/C_/Users/luong/.pico-sdk/sdk/2.2.0/src/rp2_common/pico_stdio_uart/stdio_uart.c.obj
 .text.stdio_uart_set_chars_available_callback
                0x10003c70       0x88 CMakeFiles/transmitter.dir/C_/Users/luong/.pico-sdk/sdk/2.2.0/src/rp2_common/pico_stdio_uart/stdio_uart.c.obj
 .text.stdio_uart_init
                0x10003cf8       0x54 CMakeFiles/transmitter.dir/C_/Users/luong/.pico-sdk/sdk/2.2.0/src/rp2_common/pico_stdio_uart/stdio_uart.c.obj
                0x10003cf8                stdio_uart_init
 .text.startup._retrieve_unique_id_on_boot
                0x10003d4c       0x30 CMakeFiles/transmitter.dir/C_/Users/luong/.pico-sdk/sdk/2.2.0/src/rp2_common/pico_unique_id/unique_id.c.obj
 .text._calloc_r
                0x10003d7c       0x70 C:/PROGRA~2/ARMGNU~1/14EFD8~1.2RE/bin/../lib/gcc/arm-none-eabi/14.2.1/thumb/v8-m.main+fp/softfp\libg.a(libc_a-callocr.o)
                0x10003d7c                _calloc_r
 .text.malloc   0x10003dec       0x10 C:/PROGRA~2/ARMGNU~1/14EFD8~1.2RE/bin/../lib/gcc/arm-none-eabi/14.2.1/thumb/v8-m.main+fp/softfp\libg.a(libc_a-malloc.o)
                0x10003dec                malloc
 .text.free     0x10003dfc       0x10 C:/PROGRA~2/ARMGNU~1/14EFD8~1.2RE/bin/../lib/gcc/arm-none-eabi/14.2.1/thumb/v8-m.main+fp/softfp\libg.a(libc_a-malloc.o)
                0x10003dfc                free
 .text._malloc_r
                0x10003e0c      0x578 C:/PROGRA~2/ARMGNU~1/14EFD8~1.2RE/bin/../lib/gcc/arm-none-eabi/14.2.1/thumb/v8-m.main+fp/softfp\libg.a(libc_a-mallocr.o)
                0x10003e0c                _malloc_r
 .text.__malloc_lock
                0x10004384        0xc C:/PROGRA~2/ARMGNU~1/14EFD8~1.2RE/bin/../lib/gcc/arm-none-eabi/14.2.1/thumb/v8-m.main+fp/softfp\libg.a(libc_a-mlock.o)
                0x10004384                __malloc_lock
 .text.__malloc_unlock
                0x10004390        0xc C:/PROGRA~2/ARMGNU~1/14EFD8~1.2RE/bin/../lib/gcc/arm-none-eabi/14.2.1/thumb/v8-m.main+fp/softfp\libg.a(libc_a-mlock.o)
                0x10004390                __malloc_unlock
 .text.realloc  0x1000439c       0x10 C:/PROGRA~2/ARMGNU~1/14EFD8~1.2RE/bin/../lib/gcc/arm-none-eabi/14.2.1/thumb/v8-m.main+fp/softfp\libg.a(libc_a-realloc.o)
                0x1000439c                realloc
 .text._realloc_r
                0x100043ac      0x374 C:/PROGRA~2/ARMGNU~1/14EFD8~1.2RE/bin/../lib/gcc/arm-none-eabi/14.2.1/thumb/v8-m.main+fp/softfp\libg.a(libc_a-reallocr.o)
                0x100043ac                _realloc_r
 .text.sscanf   0x10004720       0x58 C:/PROGRA~2/ARMGNU~1/14EFD8~1.2RE/bin/../lib/gcc/arm-none-eabi/14.2.1/thumb/v8-m.main+fp/softfp\libg.a(libc_a-sscanf.o)
                0x10004720                sscanf
 .text.__seofread
                0x10004778        0x4 C:/PROGRA~2/ARMGNU~1/14EFD8~1.2RE/bin/../lib/gcc/arm-none-eabi/14.2.1/thumb/v8-m.main+fp/softfp\libg.a(libc_a-stdio.o)
                0x10004778                __seofread
 .text.memmove  0x1000477c       0xfc C:/PROGRA~2/ARMGNU~1/14EFD8~1.2RE/bin/../lib/gcc/arm-none-eabi/14.2.1/thumb/v8-m.main+fp/softfp\libg.a(libc_a-memmove.o)
                0x1000477c                memmove
 .text.memset   0x10004878       0x9c C:/PROGRA~2/ARMGNU~1/14EFD8~1.2RE/bin/../lib/gcc/arm-none-eabi/14.2.1/thumb/v8-m.main+fp/softfp\libg.a(libc_a-memset.o)
                0x10004878                memset
 .text._sbrk_r  0x10004914       0x24 C:/PROGRA~2/ARMGNU~1/14EFD8~1.2RE/bin/../lib/gcc/arm-none-eabi/14.2.1/thumb/v8-m.main+fp/softfp\libg.a(libc_a-sbrkr.o)
                0x10004914                _sbrk_r
 .text.__errno  0x10004938        0xc C:/PROGRA~2/ARMGNU~1/14EFD8~1.2RE/bin/../lib/gcc/arm-none-eabi/14.2.1/thumb/v8-m.main+fp/softfp\libg.a(libc_a-errno.o)
                0x10004938                __errno
 .text.__retarget_lock_acquire_recursive
                0x10004944        0x4 C:/PROGRA~2/ARMGNU~1/14EFD8~1.2RE/bin/../lib/gcc/arm-none-eabi/14.2.1/thumb/v8-m.main+fp/softfp\libg.a(libc_a-lock.o)
                0x10004944                __retarget_lock_acquire_recursive
 .text.__retarget_lock_release_recursive
                0x10004948        0x4 C:/PROGRA~2/ARMGNU~1/14EFD8~1.2RE/bin/../lib/gcc/arm-none-eabi/14.2.1/thumb/v8-m.main+fp/softfp\libg.a(libc_a-lock.o)
                0x10004948                __retarget_lock_release_recursive
 .text.sysconf  0x1000494c       0x1c C:/PROGRA~2/ARMGNU~1/14EFD8~1.2RE/bin/../lib/gcc/arm-none-eabi/14.2.1/thumb/v8-m.main+fp/softfp\libg.a(libc_a-sysconf.o)
                0x1000494c                sysconf
 .text          0x10004968      0x1bc C:/PROGRA~2/ARMGNU~1/14EFD8~1.2RE/bin/../lib/gcc/arm-none-eabi/14.2.1/thumb/v8-m.main+fp/softfp\libg.a(libc_a-strcmp.o)
                0x10004968                strcmp
 .text          0x10004b24       0xec C:/PROGRA~2/ARMGNU~1/14EFD8~1.2RE/bin/../lib/gcc/arm-none-eabi/14.2.1/thumb/v8-m.main+fp/softfp\libg.a(libc_a-memcpy.o)
                0x10004b24                memcpy
 .text.strlen   0x10004c10       0x5c C:/PROGRA~2/ARMGNU~1/14EFD8~1.2RE/bin/../lib/gcc/arm-none-eabi/14.2.1/thumb/v8-m.main+fp/softfp\libg.a(libc_a-strlen-stub.o)
                0x10004c10                strlen
 .text._malloc_trim_r
                0x10004c6c       0xb8 C:/PROGRA~2/ARMGNU~1/14EFD8~1.2RE/bin/../lib/gcc/arm-none-eabi/14.2.1/thumb/v8-m.main+fp/softfp\libg.a(libc_a-freer.o)
                0x10004c6c                _malloc_trim_r
 .text._free_r  0x10004d24      0x1e8 C:/PROGRA~2/ARMGNU~1/14EFD8~1.2RE/bin/../lib/gcc/arm-none-eabi/14.2.1/thumb/v8-m.main+fp/softfp\libg.a(libc_a-freer.o)
                0x10004d24                _free_r
 .text._strtoul_l.isra.0
                0x10004f0c      0x128 C:/PROGRA~2/ARMGNU~1/14EFD8~1.2RE/bin/../lib/gcc/arm-none-eabi/14.2.1/thumb/v8-m.main+fp/softfp\libg.a(libc_a-strtoul.o)
 .text._strtoul_r
                0x10005034        0x4 C:/PROGRA~2/ARMGNU~1/14EFD8~1.2RE/bin/../lib/gcc/arm-none-eabi/14.2.1/thumb/v8-m.main+fp/softfp\libg.a(libc_a-strtoul.o)
                0x10005034                _strtoul_r
 .text._sungetc_r
                0x10005038       0x7c C:/PROGRA~2/ARMGNU~1/14EFD8~1.2RE/bin/../lib/gcc/arm-none-eabi/14.2.1/thumb/v8-m.main+fp/softfp\libg.a(libc_a-svfiscanf.o)
                0x10005038                _sungetc_r
 .text.__ssrefill_r
                0x100050b4       0x38 C:/PROGRA~2/ARMGNU~1/14EFD8~1.2RE/bin/../lib/gcc/arm-none-eabi/14.2.1/thumb/v8-m.main+fp/softfp\libg.a(libc_a-svfiscanf.o)
                0x100050b4                __ssrefill_r
 .text._sfread_r
                0x100050ec       0xa4 C:/PROGRA~2/ARMGNU~1/14EFD8~1.2RE/bin/../lib/gcc/arm-none-eabi/14.2.1/thumb/v8-m.main+fp/softfp\libg.a(libc_a-svfiscanf.o)
                0x100050ec                _sfread_r
 .text.__ssvfscanf_r
                0x10005190     0x18e0 C:/PROGRA~2/ARMGNU~1/14EFD8~1.2RE/bin/../lib/gcc/arm-none-eabi/14.2.1/thumb/v8-m.main+fp/softfp\libg.a(libc_a-svfscanf.o)
                0x10005190                __ssvfscanf_r
 .text.__sccl   0x10006a70       0xa0 C:/PROGRA~2/ARMGNU~1/14EFD8~1.2RE/bin/../lib/gcc/arm-none-eabi/14.2.1/thumb/v8-m.main+fp/softfp\libg.a(libc_a-sccl.o)
                0x10006a70                __sccl
 .text.__submore
                0x10006b10       0x74 C:/PROGRA~2/ARMGNU~1/14EFD8~1.2RE/bin/../lib/gcc/arm-none-eabi/14.2.1/thumb/v8-m.main+fp/softfp\libg.a(libc_a-ungetc.o)
                0x10006b10                __submore
 .text.strncmp  0x10006b84       0x74 C:/PROGRA~2/ARMGNU~1/14EFD8~1.2RE/bin/../lib/gcc/arm-none-eabi/14.2.1/thumb/v8-m.main+fp/softfp\libg.a(libc_a-strncmp.o)
                0x10006b84                strncmp
 .text.stpncpy  0x10006bf8       0x6c C:/PROGRA~2/ARMGNU~1/14EFD8~1.2RE/bin/../lib/gcc/arm-none-eabi/14.2.1/thumb/v8-m.main+fp/softfp\libg.a(libc_a-stpncpy.o)
                0x10006bf8                stpncpy
 .text.__locale_mb_cur_max
                0x10006c64        0xc C:/PROGRA~2/ARMGNU~1/14EFD8~1.2RE/bin/../lib/gcc/arm-none-eabi/14.2.1/thumb/v8-m.main+fp/softfp\libg.a(libc_a-locale.o)
                0x10006c64                __locale_mb_cur_max
 .text._localeconv_r
                0x10006c70        0x8 C:/PROGRA~2/ARMGNU~1/14EFD8~1.2RE/bin/../lib/gcc/arm-none-eabi/14.2.1/thumb/v8-m.main+fp/softfp\libg.a(libc_a-localeconv.o)
                0x10006c70                _localeconv_r
 .text.nanf     0x10006c78        0x8 C:/PROGRA~2/ARMGNU~1/14EFD8~1.2RE/bin/../lib/gcc/arm-none-eabi/14.2.1/thumb/v8-m.main+fp/softfp\libg.a(libm_a-sf_nan.o)
                0x10006c78                nanf
 .text.__ascii_mbtowc
                0x10006c80       0x2c C:/PROGRA~2/ARMGNU~1/14EFD8~1.2RE/bin/../lib/gcc/arm-none-eabi/14.2.1/thumb/v8-m.main+fp/softfp\libg.a(libc_a-mbtowc_r.o)
                0x10006c80                __ascii_mbtowc
 *fill*         0x10006cac        0x4 
 .text._strtod_l
                0x10006cb0     0x1068 C:/PROGRA~2/ARMGNU~1/14EFD8~1.2RE/bin/../lib/gcc/arm-none-eabi/14.2.1/thumb/v8-m.main+fp/softfp\libg.a(libc_a-strtod.o)
                0x10006cb0                _strtod_l
 .text._strtod_r
                0x10007d18        0xc C:/PROGRA~2/ARMGNU~1/14EFD8~1.2RE/bin/../lib/gcc/arm-none-eabi/14.2.1/thumb/v8-m.main+fp/softfp\libg.a(libc_a-strtod.o)
                0x10007d18                _strtod_r
 .text._strtol_l.part.0
                0x10007d24      0x1c8 C:/PROGRA~2/ARMGNU~1/14EFD8~1.2RE/bin/../lib/gcc/arm-none-eabi/14.2.1/thumb/v8-m.main+fp/softfp\libg.a(libc_a-strtol.o)
 .text._strtol_r
                0x10007eec       0x1c C:/PROGRA~2/ARMGNU~1/14EFD8~1.2RE/bin/../lib/gcc/arm-none-eabi/14.2.1/thumb/v8-m.main+fp/softfp\libg.a(libc_a-strtol.o)
                0x10007eec                _strtol_r
 .text.__ascii_wctomb
                0x10007f08       0x1c C:/PROGRA~2/ARMGNU~1/14EFD8~1.2RE/bin/../lib/gcc/arm-none-eabi/14.2.1/thumb/v8-m.main+fp/softfp\libg.a(libc_a-wctomb_r.o)
                0x10007f08                __ascii_wctomb
 .text._strtoll_l.isra.0
                0x10007f24      0x2b8 C:/PROGRA~2/ARMGNU~1/14EFD8~1.2RE/bin/../lib/gcc/arm-none-eabi/14.2.1/thumb/v8-m.main+fp/softfp\libg.a(libc_a-strtoll.o)
 .text._strtoll_r
                0x100081dc        0x4 C:/PROGRA~2/ARMGNU~1/14EFD8~1.2RE/bin/../lib/gcc/arm-none-eabi/14.2.1/thumb/v8-m.main+fp/softfp\libg.a(libc_a-strtoll.o)
                0x100081dc                _strtoll_r
 .text._strtoull_l.isra.0
                0x100081e0      0x188 C:/PROGRA~2/ARMGNU~1/14EFD8~1.2RE/bin/../lib/gcc/arm-none-eabi/14.2.1/thumb/v8-m.main+fp/softfp\libg.a(libc_a-strtoull.o)
 .text._strtoull_r
                0x10008368        0x4 C:/PROGRA~2/ARMGNU~1/14EFD8~1.2RE/bin/../lib/gcc/arm-none-eabi/14.2.1/thumb/v8-m.main+fp/softfp\libg.a(libc_a-strtoull.o)
                0x10008368                _strtoull_r
 .text._mbrtowc_r
                0x1000836c       0x54 C:/PROGRA~2/ARMGNU~1/14EFD8~1.2RE/bin/../lib/gcc/arm-none-eabi/14.2.1/thumb/v8-m.main+fp/softfp\libg.a(libc_a-mbrtowc.o)
                0x1000836c                _mbrtowc_r
 .text.iswspace
                0x100083c0        0x8 C:/PROGRA~2/ARMGNU~1/14EFD8~1.2RE/bin/../lib/gcc/arm-none-eabi/14.2.1/thumb/v8-m.main+fp/softfp\libg.a(libc_a-iswspace.o)
                0x100083c0                iswspace
 .text.iswspace_l
                0x100083c8       0x28 C:/PROGRA~2/ARMGNU~1/14EFD8~1.2RE/bin/../lib/gcc/arm-none-eabi/14.2.1/thumb/v8-m.main+fp/softfp\libg.a(libc_a-iswspace_l.o)
                0x100083c8                iswspace_l
 .text.__jp2uc  0x100083f0      0x14c C:/PROGRA~2/ARMGNU~1/14EFD8~1.2RE/bin/../lib/gcc/arm-none-eabi/14.2.1/thumb/v8-m.main+fp/softfp\libg.a(libc_a-jp2uc.o)
 .text._jp2uc_l
                0x1000853c       0x64 C:/PROGRA~2/ARMGNU~1/14EFD8~1.2RE/bin/../lib/gcc/arm-none-eabi/14.2.1/thumb/v8-m.main+fp/softfp\libg.a(libc_a-jp2uc.o)
                0x1000853c                _jp2uc_l
 .text.nan      0x100085a0        0xc C:/PROGRA~2/ARMGNU~1/14EFD8~1.2RE/bin/../lib/gcc/arm-none-eabi/14.2.1/thumb/v8-m.main+fp/softfp\libg.a(libm_a-s_nan.o)
                0x100085a0                nan
 .text.rshift   0x100085ac       0xac C:/PROGRA~2/ARMGNU~1/14EFD8~1.2RE/bin/../lib/gcc/arm-none-eabi/14.2.1/thumb/v8-m.main+fp/softfp\libg.a(libc_a-gdtoa-gethex.o)
 .text.__gethex
                0x10008658      0x608 C:/PROGRA~2/ARMGNU~1/14EFD8~1.2RE/bin/../lib/gcc/arm-none-eabi/14.2.1/thumb/v8-m.main+fp/softfp\libg.a(libc_a-gdtoa-gethex.o)
                0x10008658                __gethex
 .text.__match  0x10008c60       0x34 C:/PROGRA~2/ARMGNU~1/14EFD8~1.2RE/bin/../lib/gcc/arm-none-eabi/14.2.1/thumb/v8-m.main+fp/softfp\libg.a(libc_a-gdtoa-hexnan.o)
                0x10008c60                __match
 .text.__hexnan
                0x10008c94      0x1c4 C:/PROGRA~2/ARMGNU~1/14EFD8~1.2RE/bin/../lib/gcc/arm-none-eabi/14.2.1/thumb/v8-m.main+fp/softfp\libg.a(libc_a-gdtoa-hexnan.o)
                0x10008c94                __hexnan
 .text._Balloc  0x10008e58       0x4c C:/PROGRA~2/ARMGNU~1/14EFD8~1.2RE/bin/../lib/gcc/arm-none-eabi/14.2.1/thumb/v8-m.main+fp/softfp\libg.a(libc_a-mprec.o)
                0x10008e58                _Balloc
 .text._Bfree   0x10008ea4       0x14 C:/PROGRA~2/ARMGNU~1/14EFD8~1.2RE/bin/../lib/gcc/arm-none-eabi/14.2.1/thumb/v8-m.main+fp/softfp\libg.a(libc_a-mprec.o)
                0x10008ea4                _Bfree
 .text.__multadd
                0x10008eb8       0xa4 C:/PROGRA~2/ARMGNU~1/14EFD8~1.2RE/bin/../lib/gcc/arm-none-eabi/14.2.1/thumb/v8-m.main+fp/softfp\libg.a(libc_a-mprec.o)
                0x10008eb8                __multadd
 .text.__s2b    0x10008f5c       0xb0 C:/PROGRA~2/ARMGNU~1/14EFD8~1.2RE/bin/../lib/gcc/arm-none-eabi/14.2.1/thumb/v8-m.main+fp/softfp\libg.a(libc_a-mprec.o)
                0x10008f5c                __s2b
 .text.__hi0bits
                0x1000900c       0x54 C:/PROGRA~2/ARMGNU~1/14EFD8~1.2RE/bin/../lib/gcc/arm-none-eabi/14.2.1/thumb/v8-m.main+fp/softfp\libg.a(libc_a-mprec.o)
                0x1000900c                __hi0bits
 .text.__lo0bits
                0x10009060       0x80 C:/PROGRA~2/ARMGNU~1/14EFD8~1.2RE/bin/../lib/gcc/arm-none-eabi/14.2.1/thumb/v8-m.main+fp/softfp\libg.a(libc_a-mprec.o)
                0x10009060                __lo0bits
 .text.__i2b    0x100090e0       0x5c C:/PROGRA~2/ARMGNU~1/14EFD8~1.2RE/bin/../lib/gcc/arm-none-eabi/14.2.1/thumb/v8-m.main+fp/softfp\libg.a(libc_a-mprec.o)
                0x100090e0                __i2b
 .text.__multiply
                0x1000913c      0x168 C:/PROGRA~2/ARMGNU~1/14EFD8~1.2RE/bin/../lib/gcc/arm-none-eabi/14.2.1/thumb/v8-m.main+fp/softfp\libg.a(libc_a-mprec.o)
                0x1000913c                __multiply
 .text.__pow5mult
                0x100092a4       0xc0 C:/PROGRA~2/ARMGNU~1/14EFD8~1.2RE/bin/../lib/gcc/arm-none-eabi/14.2.1/thumb/v8-m.main+fp/softfp\libg.a(libc_a-mprec.o)
                0x100092a4                __pow5mult
 .text.__lshift
                0x10009364       0xe4 C:/PROGRA~2/ARMGNU~1/14EFD8~1.2RE/bin/../lib/gcc/arm-none-eabi/14.2.1/thumb/v8-m.main+fp/softfp\libg.a(libc_a-mprec.o)
                0x10009364                __lshift
 .text.__mcmp   0x10009448       0x44 C:/PROGRA~2/ARMGNU~1/14EFD8~1.2RE/bin/../lib/gcc/arm-none-eabi/14.2.1/thumb/v8-m.main+fp/softfp\libg.a(libc_a-mprec.o)
                0x10009448                __mcmp
 .text.__mdiff  0x1000948c      0x170 C:/PROGRA~2/ARMGNU~1/14EFD8~1.2RE/bin/../lib/gcc/arm-none-eabi/14.2.1/thumb/v8-m.main+fp/softfp\libg.a(libc_a-mprec.o)
                0x1000948c                __mdiff
 .text.__ulp    0x100095fc       0x4c C:/PROGRA~2/ARMGNU~1/14EFD8~1.2RE/bin/../lib/gcc/arm-none-eabi/14.2.1/thumb/v8-m.main+fp/softfp\libg.a(libc_a-mprec.o)
                0x100095fc                __ulp
 .text.__b2d    0x10009648       0xc0 C:/PROGRA~2/ARMGNU~1/14EFD8~1.2RE/bin/../lib/gcc/arm-none-eabi/14.2.1/thumb/v8-m.main+fp/softfp\libg.a(libc_a-mprec.o)
                0x10009648                __b2d
 .text.__d2b    0x10009708       0xbc C:/PROGRA~2/ARMGNU~1/14EFD8~1.2RE/bin/../lib/gcc/arm-none-eabi/14.2.1/thumb/v8-m.main+fp/softfp\libg.a(libc_a-mprec.o)
                0x10009708                __d2b
 .text.__ratio  0x100097c4       0x5c C:/PROGRA~2/ARMGNU~1/14EFD8~1.2RE/bin/../lib/gcc/arm-none-eabi/14.2.1/thumb/v8-m.main+fp/softfp\libg.a(libc_a-mprec.o)
                0x100097c4                __ratio
 .text.__copybits
                0x10009820       0x5c C:/PROGRA~2/ARMGNU~1/14EFD8~1.2RE/bin/../lib/gcc/arm-none-eabi/14.2.1/thumb/v8-m.main+fp/softfp\libg.a(libc_a-mprec.o)
                0x10009820                __copybits
 .text.__any_on
                0x1000987c       0x5c C:/PROGRA~2/ARMGNU~1/14EFD8~1.2RE/bin/../lib/gcc/arm-none-eabi/14.2.1/thumb/v8-m.main+fp/softfp\libg.a(libc_a-mprec.o)
                0x1000987c                __any_on
 .text.category
                0x100098d8       0x60 C:/PROGRA~2/ARMGNU~1/14EFD8~1.2RE/bin/../lib/gcc/arm-none-eabi/14.2.1/thumb/v8-m.main+fp/softfp\libg.a(libc_a-categories.o)
                0x100098d8                category
 *(.fini)
 .fini          0x10009938        0x4 C:/PROGRA~2/ARMGNU~1/14EFD8~1.2RE/bin/../lib/gcc/arm-none-eabi/14.2.1/thumb/v8-m.main+fp/softfp/crti.o
                0x10009938                _fini
 *fill*         0x1000993c        0x4 
 .fini.__stub   0x10009940       0x20 linker stubs
 *crtbegin.o(.ctors)
 *crtbegin?.o(.ctors)
 *(EXCLUDE_FILE(*crtend.o *crtend?.o) .ctors)
 *(SORT_BY_NAME(.ctors.*))
 *(.ctors)
 *crtbegin.o(.dtors)
 *crtbegin?.o(.dtors)
 *(EXCLUDE_FILE(*crtend.o *crtend?.o) .dtors)
 *(SORT_BY_NAME(.dtors.*))
 *(.dtors)
                0x10009960                        . = ALIGN (0x4)
                0x10009960                        PROVIDE (__preinit_array_start = .)
 *(SORT_BY_NAME(.preinit_array.*))
 .preinit_array.00050
                0x10009960        0x4 CMakeFiles/transmitter.dir/C_/Users/luong/.pico-sdk/sdk/2.2.0/src/rp2_common/pico_runtime_init/runtime_init.c.obj
                0x10009960                __pre_init_runtime_init_bootrom_reset
 .preinit_array.00100
                0x10009964        0x4 CMakeFiles/transmitter.dir/C_/Users/luong/.pico-sdk/sdk/2.2.0/src/rp2_common/pico_runtime_init/runtime_init.c.obj
                0x10009964                __pre_init_runtime_init_early_resets
 .preinit_array.00101
                0x10009968        0x4 CMakeFiles/transmitter.dir/C_/Users/luong/.pico-sdk/sdk/2.2.0/src/rp2_common/pico_runtime_init/runtime_init.c.obj
                0x10009968                __pre_init_runtime_init_usb_power_down
 .preinit_array.00500
                0x1000996c        0x4 CMakeFiles/transmitter.dir/C_/Users/luong/.pico-sdk/sdk/2.2.0/src/rp2_common/pico_runtime_init/runtime_init.c.obj
                0x1000996c                __pre_init_runtime_init_clocks
 .preinit_array.00600
                0x10009970        0x4 CMakeFiles/transmitter.dir/C_/Users/luong/.pico-sdk/sdk/2.2.0/src/rp2_common/pico_runtime_init/runtime_init.c.obj
                0x10009970                __pre_init_runtime_init_post_clock_resets
 .preinit_array.01000
                0x10009974        0x4 CMakeFiles/transmitter.dir/C_/Users/luong/.pico-sdk/sdk/2.2.0/src/rp2_common/hardware_boot_lock/boot_lock.c.obj
                0x10009974                __pre_init_runtime_init_boot_locks_reset
 .preinit_array.01000
                0x10009978        0x4 CMakeFiles/transmitter.dir/C_/Users/luong/.pico-sdk/sdk/2.2.0/src/rp2_common/pico_runtime_init/runtime_init.c.obj
                0x10009978                __pre_init_runtime_init_spin_locks_reset
 .preinit_array.01010
                0x1000997c        0x4 CMakeFiles/transmitter.dir/C_/Users/luong/.pico-sdk/sdk/2.2.0/src/rp2_common/pico_bootrom/bootrom_lock.c.obj
                0x1000997c                __pre_init_runtime_init_bootrom_locking_enable
 .preinit_array.01100
                0x10009980        0x4 CMakeFiles/transmitter.dir/C_/Users/luong/.pico-sdk/sdk/2.2.0/src/common/pico_sync/mutex.c.obj
                0x10009980                __pre_init_runtime_init_mutex
 .preinit_array.10080
                0x10009984        0x4 CMakeFiles/transmitter.dir/C_/Users/luong/.pico-sdk/sdk/2.2.0/src/rp2_common/pico_runtime_init/runtime_init.c.obj
                0x10009984                __pre_init_runtime_init_install_ram_vector_table
 .preinit_array.11000
                0x10009988        0x4 CMakeFiles/transmitter.dir/C_/Users/luong/.pico-sdk/sdk/2.2.0/src/common/pico_time/time.c.obj
                0x10009988                __pre_init_runtime_init_default_alarm_pool
 .preinit_array.YYYYY
                0x1000998c        0x4 CMakeFiles/transmitter.dir/C_/Users/luong/.pico-sdk/sdk/2.2.0/src/rp2_common/pico_runtime/runtime.c.obj
                0x1000998c                __pre_init_first_per_core_initializer
 .preinit_array.ZZZZZ.00051
                0x10009990        0x4 CMakeFiles/transmitter.dir/C_/Users/luong/.pico-sdk/sdk/2.2.0/src/rp2_common/pico_runtime_init/runtime_init.c.obj
                0x10009990                __pre_init_runtime_init_per_core_bootrom_reset
 .preinit_array.ZZZZZ.00200
                0x10009994        0x4 CMakeFiles/transmitter.dir/C_/Users/luong/.pico-sdk/sdk/2.2.0/src/rp2_common/pico_runtime_init/runtime_init.c.obj
                0x10009994                __pre_init_runtime_init_per_core_enable_coprocessors
 .preinit_array.ZZZZZ.01000
                0x10009998        0x4 CMakeFiles/transmitter.dir/C_/Users/luong/.pico-sdk/sdk/2.2.0/src/rp2_common/hardware_sync_spin_lock/sync_spin_lock.c.obj
                0x10009998                __pre_init_spinlock_set_extexclall
 .preinit_array.ZZZZZ.01200
                0x1000999c        0x4 CMakeFiles/transmitter.dir/C_/Users/luong/.pico-sdk/sdk/2.2.0/src/rp2_common/hardware_irq/irq.c.obj
                0x1000999c                __pre_init_runtime_init_per_core_irq_priorities
 *(.preinit_array)
                0x100099a0                        PROVIDE (__preinit_array_end = .)
                0x100099a0                        . = ALIGN (0x4)
                0x100099a0                        PROVIDE (__init_array_start = .)
 *(SORT_BY_NAME(.init_array.*))
 .init_array.01000
                0x100099a0        0x4 CMakeFiles/transmitter.dir/C_/Users/luong/.pico-sdk/sdk/2.2.0/src/rp2_common/pico_unique_id/unique_id.c.obj
 *(.init_array)
 .init_array    0x100099a4        0x4 C:/PROGRA~2/ARMGNU~1/14EFD8~1.2RE/bin/../lib/gcc/arm-none-eabi/14.2.1/thumb/v8-m.main+fp/softfp/crtbegin.o
                0x100099a8                        PROVIDE (__init_array_end = .)
                0x100099a8                        . = ALIGN (0x4)
                [!provide]                        PROVIDE (__fini_array_start = .)
 *(SORT_BY_NAME(.fini_array.*))
 *(.fini_array)
                [!provide]                        PROVIDE (__fini_array_end = .)
 *(.eh_frame*)
 .eh_frame      0x100099a8        0x0 C:/PROGRA~2/ARMGNU~1/14EFD8~1.2RE/bin/../lib/gcc/arm-none-eabi/14.2.1/thumb/v8-m.main+fp/softfp/crtbegin.o
                0x100099a8                        . = ALIGN (0x4)

.glue_7         0x100099a8        0x0
 .glue_7        0x100099a8        0x0 linker stubs

.glue_7t        0x100099a8        0x0
 .glue_7t       0x100099a8        0x0 linker stubs

.vfp11_veneer   0x100099a8        0x0
 .vfp11_veneer  0x100099a8        0x0 linker stubs

.v4_bx          0x100099a8        0x0
 .v4_bx         0x100099a8        0x0 linker stubs

.iplt           0x100099a8        0x0
 .iplt          0x100099a8        0x0 C:/PROGRA~2/ARMGNU~1/14EFD8~1.2RE/bin/../lib/gcc/arm-none-eabi/14.2.1/thumb/v8-m.main+fp/softfp/crtbegin.o

.boot2          0x100099a8        0x0
                0x100099a8                        __boot2_start__ = .
 *(.boot2)
                0x100099a8                        __boot2_end__ = .
                0x00000001                        ASSERT (((__boot2_end__ - __boot2_start__) <= 0x100), ERROR: Pico second stage bootloader must be no more than 256 bytes in size)

.rodata         0x100099a8     0x71cc
 *(EXCLUDE_FILE(*libm.a: *libc.a:*lib_a-mem*.o *libgcc.a:) .rodata*)
 .rodata.send_sensor_data.str1.4
                0x100099a8      0x296 CMakeFiles/transmitter.dir/transmitter.c.obj
                                  0xe (size before relaxing)
 .rodata.transmitter_loop.str1.4
                0x10009c3e       0x27 CMakeFiles/transmitter.dir/transmitter.c.obj
 *fill*         0x10009c3e        0x2 
 .rodata.T_pins
                0x10009c40       0x1c CMakeFiles/transmitter.dir/transmitter.c.obj
                0x10009c40                T_pins
 .rodata.status_pins
                0x10009c5c       0x10 CMakeFiles/transmitter.dir/transmitter.c.obj
                0x10009c5c                status_pins
 .rodata.seat_pins
                0x10009c6c       0x10 CMakeFiles/transmitter.dir/transmitter.c.obj
                0x10009c6c                seat_pins
 .rodata.belt_pins
                0x10009c7c       0x10 CMakeFiles/transmitter.dir/transmitter.c.obj
                0x10009c7c                belt_pins
 .rodata.panic.str1.4
                0x10009c8c       0x12 CMakeFiles/transmitter.dir/C_/Users/luong/.pico-sdk/sdk/2.2.0/src/rp2_common/pico_platform_panic/panic.c.obj
 .rodata.timer_hardware_alarm_claim.str1.4
                0x10009c8c       0x22 CMakeFiles/transmitter.dir/C_/Users/luong/.pico-sdk/sdk/2.2.0/src/rp2_common/hardware_timer/timer.c.obj
 .rodata.hard_assertion_failure.str1.4
                0x10009c8c        0xc CMakeFiles/transmitter.dir/C_/Users/luong/.pico-sdk/sdk/2.2.0/src/rp2_common/pico_runtime/runtime.c.obj
 .rodata.__wrap_malloc.str1.4
                0x10009c8c        0xe CMakeFiles/transmitter.dir/C_/Users/luong/.pico-sdk/sdk/2.2.0/src/rp2_common/pico_malloc/malloc.c.obj
 .rodata.str1.4
                0x10009c8c       0x40 CMakeFiles/transmitter.dir/C_/Users/luong/.pico-sdk/sdk/2.2.0/src/rp2_common/pico_standard_binary_info/standard_binary_info.c.obj
 .rodata.__bi_84
                0x10009c8c        0xc CMakeFiles/transmitter.dir/C_/Users/luong/.pico-sdk/sdk/2.2.0/src/rp2_common/pico_standard_binary_info/standard_binary_info.c.obj
 .rodata.__bi_78
                0x10009c98        0xc CMakeFiles/transmitter.dir/C_/Users/luong/.pico-sdk/sdk/2.2.0/src/rp2_common/pico_standard_binary_info/standard_binary_info.c.obj
 .rodata.__bi_54
                0x10009ca4        0xc CMakeFiles/transmitter.dir/C_/Users/luong/.pico-sdk/sdk/2.2.0/src/rp2_common/pico_standard_binary_info/standard_binary_info.c.obj
 .rodata.__bi_48
                0x10009cb0        0xc CMakeFiles/transmitter.dir/C_/Users/luong/.pico-sdk/sdk/2.2.0/src/rp2_common/pico_standard_binary_info/standard_binary_info.c.obj
 .rodata.__bi_42
                0x10009cbc        0xc CMakeFiles/transmitter.dir/C_/Users/luong/.pico-sdk/sdk/2.2.0/src/rp2_common/pico_standard_binary_info/standard_binary_info.c.obj
 .rodata.__bi_34
                0x10009cc8        0xc CMakeFiles/transmitter.dir/C_/Users/luong/.pico-sdk/sdk/2.2.0/src/rp2_common/pico_standard_binary_info/standard_binary_info.c.obj
 .rodata.__bi_26
                0x10009cd4        0xc CMakeFiles/transmitter.dir/C_/Users/luong/.pico-sdk/sdk/2.2.0/src/rp2_common/pico_standard_binary_info/standard_binary_info.c.obj
 .rodata._ftoa.str1.4
                0x10009ce0       0x15 CMakeFiles/transmitter.dir/C_/Users/luong/.pico-sdk/sdk/2.2.0/src/rp2_common/pico_printf/printf.c.obj
 .rodata.pow10.0
                0x10009ce0       0x50 CMakeFiles/transmitter.dir/C_/Users/luong/.pico-sdk/sdk/2.2.0/src/rp2_common/pico_printf/printf.c.obj
 .rodata.__assert_func.str1.4
                0x10009d30       0x43 CMakeFiles/transmitter.dir/C_/Users/luong/.pico-sdk/sdk/2.2.0/src/rp2_common/pico_clib_interface/newlib_interface.c.obj
 .rodata.crlf_str.0
                0x10009d30        0x2 CMakeFiles/transmitter.dir/C_/Users/luong/.pico-sdk/sdk/2.2.0/src/rp2_common/pico_stdio/stdio.c.obj
 .rodata.str1.4
                0x10009d32       0x2c CMakeFiles/transmitter.dir/C_/Users/luong/.pico-sdk/sdk/2.2.0/src/rp2_common/pico_stdio_uart/stdio_uart.c.obj
 *fill*         0x10009d32        0x2 
 .rodata.__bi_45.4
                0x10009d34        0xc CMakeFiles/transmitter.dir/C_/Users/luong/.pico-sdk/sdk/2.2.0/src/rp2_common/pico_stdio_uart/stdio_uart.c.obj
 .rodata.__bi_49.5
                0x10009d40        0x8 CMakeFiles/transmitter.dir/C_/Users/luong/.pico-sdk/sdk/2.2.0/src/rp2_common/pico_stdio_uart/stdio_uart.c.obj
 .rodata.__bi_50.6
                0x10009d48        0x8 CMakeFiles/transmitter.dir/C_/Users/luong/.pico-sdk/sdk/2.2.0/src/rp2_common/pico_stdio_uart/stdio_uart.c.obj
 .rodata._ctype_
                0x10009d50      0x101 C:/PROGRA~2/ARMGNU~1/14EFD8~1.2RE/bin/../lib/gcc/arm-none-eabi/14.2.1/thumb/v8-m.main+fp/softfp\libg.a(libc_a-ctype_.o)
                0x10009d50                _ctype_
 .rodata.__ssvfscanf_r.str1.4
                0x10009e51        0x9 C:/PROGRA~2/ARMGNU~1/14EFD8~1.2RE/bin/../lib/gcc/arm-none-eabi/14.2.1/thumb/v8-m.main+fp/softfp\libg.a(libc_a-svfscanf.o)
 *fill*         0x10009e51        0x3 
 .rodata.basefix.0
                0x10009e54       0x22 C:/PROGRA~2/ARMGNU~1/14EFD8~1.2RE/bin/../lib/gcc/arm-none-eabi/14.2.1/thumb/v8-m.main+fp/softfp\libg.a(libc_a-svfscanf.o)
 .rodata.str1.4
                0x10009e76       0x4c C:/PROGRA~2/ARMGNU~1/14EFD8~1.2RE/bin/../lib/gcc/arm-none-eabi/14.2.1/thumb/v8-m.main+fp/softfp\libg.a(libc_a-locale.o)
 .rodata._strtod_l.str1.4
                0x10009e76       0x15 C:/PROGRA~2/ARMGNU~1/14EFD8~1.2RE/bin/../lib/gcc/arm-none-eabi/14.2.1/thumb/v8-m.main+fp/softfp\libg.a(libc_a-strtod.o)
 *fill*         0x10009e76        0x2 
 .rodata.fpinan.0
                0x10009e78       0x14 C:/PROGRA~2/ARMGNU~1/14EFD8~1.2RE/bin/../lib/gcc/arm-none-eabi/14.2.1/thumb/v8-m.main+fp/softfp\libg.a(libc_a-strtod.o)
 .rodata.fpi.1  0x10009e8c       0x14 C:/PROGRA~2/ARMGNU~1/14EFD8~1.2RE/bin/../lib/gcc/arm-none-eabi/14.2.1/thumb/v8-m.main+fp/softfp\libg.a(libc_a-strtod.o)
 .rodata.tinytens
                0x10009ea0       0x28 C:/PROGRA~2/ARMGNU~1/14EFD8~1.2RE/bin/../lib/gcc/arm-none-eabi/14.2.1/thumb/v8-m.main+fp/softfp\libg.a(libc_a-strtod.o)
 .rodata._mbrtowc_r.str1.4
                0x10009ec8        0x1 C:/PROGRA~2/ARMGNU~1/14EFD8~1.2RE/bin/../lib/gcc/arm-none-eabi/14.2.1/thumb/v8-m.main+fp/softfp\libg.a(libc_a-mbrtowc.o)
 .rodata._jp2uc_l.str1.4
                0x10009ec8       0x12 C:/PROGRA~2/ARMGNU~1/14EFD8~1.2RE/bin/../lib/gcc/arm-none-eabi/14.2.1/thumb/v8-m.main+fp/softfp\libg.a(libc_a-jp2uc.o)
 .rodata.d02f4  0x10009ec8     0x1a7c C:/PROGRA~2/ARMGNU~1/14EFD8~1.2RE/bin/../lib/gcc/arm-none-eabi/14.2.1/thumb/v8-m.main+fp/softfp\libg.a(libc_a-jp2uc.o)
 .rodata.b02cf  0x1000b944     0x172a C:/PROGRA~2/ARMGNU~1/14EFD8~1.2RE/bin/../lib/gcc/arm-none-eabi/14.2.1/thumb/v8-m.main+fp/softfp\libg.a(libc_a-jp2uc.o)
 *fill*         0x1000d06e        0x2 
 .rodata.a8     0x1000d070       0x40 C:/PROGRA~2/ARMGNU~1/14EFD8~1.2RE/bin/../lib/gcc/arm-none-eabi/14.2.1/thumb/v8-m.main+fp/softfp\libg.a(libc_a-jp2uc.o)
 .rodata.a7     0x1000d0b0       0xa2 C:/PROGRA~2/ARMGNU~1/14EFD8~1.2RE/bin/../lib/gcc/arm-none-eabi/14.2.1/thumb/v8-m.main+fp/softfp\libg.a(libc_a-jp2uc.o)
 *fill*         0x1000d152        0x2 
 .rodata.a6     0x1000d154       0x70 C:/PROGRA~2/ARMGNU~1/14EFD8~1.2RE/bin/../lib/gcc/arm-none-eabi/14.2.1/thumb/v8-m.main+fp/softfp\libg.a(libc_a-jp2uc.o)
 .rodata.a3     0x1000d1c4       0x5b C:/PROGRA~2/ARMGNU~1/14EFD8~1.2RE/bin/../lib/gcc/arm-none-eabi/14.2.1/thumb/v8-m.main+fp/softfp\libg.a(libc_a-jp2uc.o)
 *fill*         0x1000d21f        0x1 
 .rodata.a2     0x1000d220       0xbc C:/PROGRA~2/ARMGNU~1/14EFD8~1.2RE/bin/../lib/gcc/arm-none-eabi/14.2.1/thumb/v8-m.main+fp/softfp\libg.a(libc_a-jp2uc.o)
 .rodata.a1     0x1000d2dc       0xbc C:/PROGRA~2/ARMGNU~1/14EFD8~1.2RE/bin/../lib/gcc/arm-none-eabi/14.2.1/thumb/v8-m.main+fp/softfp\libg.a(libc_a-jp2uc.o)
 .rodata.__gethex.str1.4
                0x1000d398       0x79 C:/PROGRA~2/ARMGNU~1/14EFD8~1.2RE/bin/../lib/gcc/arm-none-eabi/14.2.1/thumb/v8-m.main+fp/softfp\libg.a(libc_a-gdtoa-gethex.o)
 .rodata.__hexdig
                0x1000d398      0x100 C:/PROGRA~2/ARMGNU~1/14EFD8~1.2RE/bin/../lib/gcc/arm-none-eabi/14.2.1/thumb/v8-m.main+fp/softfp\libg.a(libc_a-gdtoa-gethex.o)
                0x1000d398                __hexdig
 .rodata.__multadd.str1.4
                0x1000d498       0x6e C:/PROGRA~2/ARMGNU~1/14EFD8~1.2RE/bin/../lib/gcc/arm-none-eabi/14.2.1/thumb/v8-m.main+fp/softfp\libg.a(libc_a-mprec.o)
 .rodata.p05.0  0x1000d498        0xc C:/PROGRA~2/ARMGNU~1/14EFD8~1.2RE/bin/../lib/gcc/arm-none-eabi/14.2.1/thumb/v8-m.main+fp/softfp\libg.a(libc_a-mprec.o)
 *fill*         0x1000d4a4        0x4 
 .rodata.__mprec_bigtens
                0x1000d4a8       0x28 C:/PROGRA~2/ARMGNU~1/14EFD8~1.2RE/bin/../lib/gcc/arm-none-eabi/14.2.1/thumb/v8-m.main+fp/softfp\libg.a(libc_a-mprec.o)
                0x1000d4a8                __mprec_bigtens
 .rodata.__mprec_tens
                0x1000d4d0       0xc8 C:/PROGRA~2/ARMGNU~1/14EFD8~1.2RE/bin/../lib/gcc/arm-none-eabi/14.2.1/thumb/v8-m.main+fp/softfp\libg.a(libc_a-mprec.o)
                0x1000d4d0                __mprec_tens
 .rodata.categories
                0x1000d598     0x35dc C:/PROGRA~2/ARMGNU~1/14EFD8~1.2RE/bin/../lib/gcc/arm-none-eabi/14.2.1/thumb/v8-m.main+fp/softfp\libg.a(libc_a-categories.o)
 *(.srodata*)
                0x10010b74                        . = ALIGN (0x4)
 *(SORT_BY_ALIGNMENT(SORT_BY_NAME(.flashdata*)))
                0x10010b74                        . = ALIGN (0x4)

.ARM.extab
 *(.ARM.extab* .gnu.linkonce.armextab.*)
                0x10010b74                        __exidx_start = .

.ARM.exidx      0x10010b74        0x8
 *(.ARM.exidx* .gnu.linkonce.armexidx.*)
 .ARM.exidx     0x10010b74        0x8 C:/PROGRA~2/ARMGNU~1/14EFD8~1.2RE/bin/../lib/gcc/arm-none-eabi/14.2.1/thumb/v8-m.main+fp/softfp\libg.a(libc_a-strcmp.o)
 .ARM.exidx     0x10010b7c        0x0 C:/PROGRA~2/ARMGNU~1/14EFD8~1.2RE/bin/../lib/gcc/arm-none-eabi/14.2.1/thumb/v8-m.main+fp/softfp\libg.a(libc_a-memcpy.o)
                                  0x8 (size before relaxing)
 .ARM.exidx.text.__udivmoddi4
                0x10010b7c        0x0 C:/PROGRA~2/ARMGNU~1/14EFD8~1.2RE/bin/../lib/gcc/arm-none-eabi/14.2.1/thumb/v8-m.main+fp/softfp\libgcc.a(_udivmoddi4.o)
                                  0x8 (size before relaxing)
                0x10010b7c                        __exidx_end = .
                0x10010b7c                        . = ALIGN (0x4)
                0x10010b7c                        __binary_info_start = .

.binary_info    0x10010b7c       0x28
 *(.binary_info.keep.*)
 .binary_info.keep.__bi_ptr84
                0x10010b7c        0x4 CMakeFiles/transmitter.dir/C_/Users/luong/.pico-sdk/sdk/2.2.0/src/rp2_common/pico_standard_binary_info/standard_binary_info.c.obj
 .binary_info.keep.__bi_ptr78
                0x10010b80        0x4 CMakeFiles/transmitter.dir/C_/Users/luong/.pico-sdk/sdk/2.2.0/src/rp2_common/pico_standard_binary_info/standard_binary_info.c.obj
 .binary_info.keep.__bi_ptr54
                0x10010b84        0x4 CMakeFiles/transmitter.dir/C_/Users/luong/.pico-sdk/sdk/2.2.0/src/rp2_common/pico_standard_binary_info/standard_binary_info.c.obj
 .binary_info.keep.__bi_ptr48
                0x10010b88        0x4 CMakeFiles/transmitter.dir/C_/Users/luong/.pico-sdk/sdk/2.2.0/src/rp2_common/pico_standard_binary_info/standard_binary_info.c.obj
 .binary_info.keep.__bi_ptr42
                0x10010b8c        0x4 CMakeFiles/transmitter.dir/C_/Users/luong/.pico-sdk/sdk/2.2.0/src/rp2_common/pico_standard_binary_info/standard_binary_info.c.obj
 .binary_info.keep.__bi_ptr34
                0x10010b90        0x4 CMakeFiles/transmitter.dir/C_/Users/luong/.pico-sdk/sdk/2.2.0/src/rp2_common/pico_standard_binary_info/standard_binary_info.c.obj
 .binary_info.keep.__bi_ptr26
                0x10010b94        0x4 CMakeFiles/transmitter.dir/C_/Users/luong/.pico-sdk/sdk/2.2.0/src/rp2_common/pico_standard_binary_info/standard_binary_info.c.obj
 *(.binary_info.*)
 .binary_info.__bi_ptr50
                0x10010b98        0x4 CMakeFiles/transmitter.dir/C_/Users/luong/.pico-sdk/sdk/2.2.0/src/rp2_common/pico_stdio_uart/stdio_uart.c.obj
 .binary_info.__bi_ptr49
                0x10010b9c        0x4 CMakeFiles/transmitter.dir/C_/Users/luong/.pico-sdk/sdk/2.2.0/src/rp2_common/pico_stdio_uart/stdio_uart.c.obj
 .binary_info.__bi_ptr45
                0x10010ba0        0x4 CMakeFiles/transmitter.dir/C_/Users/luong/.pico-sdk/sdk/2.2.0/src/rp2_common/pico_stdio_uart/stdio_uart.c.obj
                0x10010ba4                        __binary_info_end = .
                0x10010ba4                        . = ALIGN (0x4)

.ram_vector_table
                0x20000000      0x110
 *(.ram_vector_table)
 .ram_vector_table
                0x20000000      0x110 CMakeFiles/transmitter.dir/C_/Users/luong/.pico-sdk/sdk/2.2.0/src/rp2_common/pico_runtime_init/runtime_init.c.obj
                0x20000000                ram_vector_table

.uninitialized_data
                0x20000110        0x0
                0x20000110                        . = ALIGN (0x4)
 *(.uninitialized_data*)

.data           0x20000110      0xc84 load address 0x10010ba4
                0x20000110                        __data_start__ = .
 *(vtable)
 *(.time_critical*)
 .time_critical.mutex_enter_block_until
                0x20000110       0x6c CMakeFiles/transmitter.dir/C_/Users/luong/.pico-sdk/sdk/2.2.0/src/common/pico_sync/mutex.c.obj
                0x20000110                mutex_enter_block_until
 .time_critical.mutex_try_enter_block_until
                0x2000017c       0x68 CMakeFiles/transmitter.dir/C_/Users/luong/.pico-sdk/sdk/2.2.0/src/common/pico_sync/mutex.c.obj
                0x2000017c                mutex_try_enter_block_until
 .time_critical.mutex_exit
                0x200001e4       0x3c CMakeFiles/transmitter.dir/C_/Users/luong/.pico-sdk/sdk/2.2.0/src/common/pico_sync/mutex.c.obj
                0x200001e4                mutex_exit
 *(.text*)
 .text          0x20000220       0xa0 C:/PROGRA~2/ARMGNU~1/14EFD8~1.2RE/bin/../lib/gcc/arm-none-eabi/14.2.1/thumb/v8-m.main+fp/softfp\libgcc.a(_aeabi_ldivmod.o)
                0x20000220                __aeabi_ldivmod
 .text          0x200002c0       0x30 C:/PROGRA~2/ARMGNU~1/14EFD8~1.2RE/bin/../lib/gcc/arm-none-eabi/14.2.1/thumb/v8-m.main+fp/softfp\libgcc.a(_aeabi_uldivmod.o)
                0x200002c0                __aeabi_uldivmod
 .text.__udivmoddi4
                0x200002f0      0x34c C:/PROGRA~2/ARMGNU~1/14EFD8~1.2RE/bin/../lib/gcc/arm-none-eabi/14.2.1/thumb/v8-m.main+fp/softfp\libgcc.a(_udivmoddi4.o)
                0x200002f0                __udivmoddi4
 .text          0x2000063c        0x4 C:/PROGRA~2/ARMGNU~1/14EFD8~1.2RE/bin/../lib/gcc/arm-none-eabi/14.2.1/thumb/v8-m.main+fp/softfp\libgcc.a(_dvmd_tls.o)
                0x2000063c                __aeabi_idiv0
                0x2000063c                __aeabi_ldiv0
 .text.__stub   0x20000640        0x8 linker stubs
                0x20000648                        . = ALIGN (0x4)
 *(.rodata*)
                0x20000648                        . = ALIGN (0x4)
 *(.data*)
 .data.buzzer_enabled
                0x20000648        0x1 CMakeFiles/transmitter.dir/transmitter.c.obj
                0x20000648                buzzer_enabled
 .data.door_was_open
                0x20000649        0x1 CMakeFiles/transmitter.dir/transmitter.c.obj
                0x20000649                door_was_open
 .data.striped_spin_lock_num
                0x2000064a        0x1 CMakeFiles/transmitter.dir/C_/Users/luong/.pico-sdk/sdk/2.2.0/src/rp2_common/hardware_sync/sync.c.obj
 *fill*         0x2000064b        0x1 
 .data          0x2000064c       0x48 CMakeFiles/transmitter.dir/C_/Users/luong/.pico-sdk/sdk/2.2.0/src/rp2_common/hardware_irq/irq_handler_chain.S.obj
                0x2000064c                irq_handler_chain_slots
                0x2000067c                irq_handler_chain_first_slot
                0x20000686                irq_handler_chain_remove_tail
 .data.default_alarm_pool
                0x20000694       0x18 CMakeFiles/transmitter.dir/C_/Users/luong/.pico-sdk/sdk/2.2.0/src/common/pico_time/time.c.obj
 .data.stdio_uart
                0x200006ac       0x18 CMakeFiles/transmitter.dir/C_/Users/luong/.pico-sdk/sdk/2.2.0/src/rp2_common/pico_stdio_uart/stdio_uart.c.obj
                0x200006ac                stdio_uart
 .data.__malloc_sbrk_base
                0x200006c4        0x4 C:/PROGRA~2/ARMGNU~1/14EFD8~1.2RE/bin/../lib/gcc/arm-none-eabi/14.2.1/thumb/v8-m.main+fp/softfp\libg.a(libc_a-mallocr.o)
                0x200006c4                __malloc_sbrk_base
 .data.__malloc_trim_threshold
                0x200006c8        0x4 C:/PROGRA~2/ARMGNU~1/14EFD8~1.2RE/bin/../lib/gcc/arm-none-eabi/14.2.1/thumb/v8-m.main+fp/softfp\libg.a(libc_a-mallocr.o)
                0x200006c8                __malloc_trim_threshold
 *fill*         0x200006cc        0x4 
 .data.__malloc_av_
                0x200006d0      0x408 C:/PROGRA~2/ARMGNU~1/14EFD8~1.2RE/bin/../lib/gcc/arm-none-eabi/14.2.1/thumb/v8-m.main+fp/softfp\libg.a(libc_a-mallocr.o)
                0x200006d0                __malloc_av_
 .data._impure_ptr
                0x20000ad8        0x4 C:/PROGRA~2/ARMGNU~1/14EFD8~1.2RE/bin/../lib/gcc/arm-none-eabi/14.2.1/thumb/v8-m.main+fp/softfp\libg.a(libc_a-impure.o)
                0x20000ad8                _impure_ptr
 *fill*         0x20000adc        0x4 
 .data._impure_data
                0x20000ae0      0x140 C:/PROGRA~2/ARMGNU~1/14EFD8~1.2RE/bin/../lib/gcc/arm-none-eabi/14.2.1/thumb/v8-m.main+fp/softfp\libg.a(libc_a-impure.o)
                0x20000ae0                _impure_data
 .data.__global_locale
                0x20000c20      0x16c C:/PROGRA~2/ARMGNU~1/14EFD8~1.2RE/bin/../lib/gcc/arm-none-eabi/14.2.1/thumb/v8-m.main+fp/softfp\libg.a(libc_a-locale.o)
                0x20000c20                __global_locale
 *(.sdata*)
                0x20000d8c                        . = ALIGN (0x4)
 *(.after_data.*)
                0x20000d8c                        . = ALIGN (0x4)
                0x20000d8c                        PROVIDE (__mutex_array_start = .)
 *(SORT_BY_NAME(.mutex_array.*))
 *(.mutex_array)
 .mutex_array   0x20000d8c        0x8 CMakeFiles/transmitter.dir/C_/Users/luong/.pico-sdk/sdk/2.2.0/src/rp2_common/pico_stdio/stdio.c.obj
                0x20000d94                        PROVIDE (__mutex_array_end = .)
 *(.jcr)
                0x20000d94                        . = ALIGN (0x4)

.tm_clone_table
                0x20000d94        0x0 load address 0x10011828
 .tm_clone_table
                0x20000d94        0x0 C:/PROGRA~2/ARMGNU~1/14EFD8~1.2RE/bin/../lib/gcc/arm-none-eabi/14.2.1/thumb/v8-m.main+fp/softfp/crtbegin.o
 .tm_clone_table
                0x20000d94        0x0 C:/PROGRA~2/ARMGNU~1/14EFD8~1.2RE/bin/../lib/gcc/arm-none-eabi/14.2.1/thumb/v8-m.main+fp/softfp/crtend.o

.igot.plt       0x20000d94        0x0 load address 0x10011828
 .igot.plt      0x20000d94        0x0 C:/PROGRA~2/ARMGNU~1/14EFD8~1.2RE/bin/../lib/gcc/arm-none-eabi/14.2.1/thumb/v8-m.main+fp/softfp/crtbegin.o

.tdata          0x20000d94        0x0 load address 0x10011828
                0x20000d94                        . = ALIGN (0x4)
 *(.tdata .tdata.* .gnu.linkonce.td.*)
                0x20000d94                        __tdata_end = .
                0x20000d94                        PROVIDE (__data_end__ = .)
                0x10010ba4                        __etext = LOADADDR (.data)

.tbss           0x20000d94        0x0 load address 0x10011828
                0x20000d94                        . = ALIGN (0x4)
                0x20000d94                        __bss_start__ = .
                0x20000d94                        __tls_base = .
 *(.tbss .tbss.* .gnu.linkonce.tb.*)
 *(.tcommon)
                0x20000d94                        __tls_end = .

.bss            0x20000d98      0x3b8 load address 0x10011828
                0x20000d98                        . = ALIGN (0x4)
                0x20000d98                        __tbss_end = .
 *(SORT_BY_ALIGNMENT(SORT_BY_NAME(.bss*)))
 .bss.default_alarm_pool_entries
                0x20000d98      0x180 CMakeFiles/transmitter.dir/C_/Users/luong/.pico-sdk/sdk/2.2.0/src/common/pico_time/time.c.obj
 .bss.__lock___malloc_recursive_mutex
                0x20000f18        0x1 C:/PROGRA~2/ARMGNU~1/14EFD8~1.2RE/bin/../lib/gcc/arm-none-eabi/14.2.1/thumb/v8-m.main+fp/softfp\libg.a(libc_a-lock.o)
                0x20000f18                __lock___malloc_recursive_mutex
 *fill*         0x20000f19        0x3 
 .bss.__malloc_current_mallinfo
                0x20000f1c       0x28 C:/PROGRA~2/ARMGNU~1/14EFD8~1.2RE/bin/../lib/gcc/arm-none-eabi/14.2.1/thumb/v8-m.main+fp/softfp\libg.a(libc_a-mallocr.o)
                0x20000f1c                __malloc_current_mallinfo
 .bss.__malloc_max_sbrked_mem
                0x20000f44        0x4 C:/PROGRA~2/ARMGNU~1/14EFD8~1.2RE/bin/../lib/gcc/arm-none-eabi/14.2.1/thumb/v8-m.main+fp/softfp\libg.a(libc_a-mallocr.o)
                0x20000f44                __malloc_max_sbrked_mem
 .bss.__malloc_max_total_mem
                0x20000f48        0x4 C:/PROGRA~2/ARMGNU~1/14EFD8~1.2RE/bin/../lib/gcc/arm-none-eabi/14.2.1/thumb/v8-m.main+fp/softfp\libg.a(libc_a-mallocr.o)
                0x20000f48                __malloc_max_total_mem
 .bss.__malloc_top_pad
                0x20000f4c        0x4 C:/PROGRA~2/ARMGNU~1/14EFD8~1.2RE/bin/../lib/gcc/arm-none-eabi/14.2.1/thumb/v8-m.main+fp/softfp\libg.a(libc_a-mallocr.o)
                0x20000f4c                __malloc_top_pad
 .bss.__sf      0x20000f50      0x138 C:/PROGRA~2/ARMGNU~1/14EFD8~1.2RE/bin/../lib/gcc/arm-none-eabi/14.2.1/thumb/v8-m.main+fp/softfp\libg.a(libc_a-findfp.o)
                0x20000f50                __sf
 .bss._sw_spin_locks
                0x20001088       0x20 CMakeFiles/transmitter.dir/C_/Users/luong/.pico-sdk/sdk/2.2.0/src/rp2_common/hardware_sync_spin_lock/sync_spin_lock.c.obj
                0x20001088                _sw_spin_locks
 .bss.chars_available_callback
                0x200010a8        0x4 CMakeFiles/transmitter.dir/C_/Users/luong/.pico-sdk/sdk/2.2.0/src/rp2_common/pico_stdio_uart/stdio_uart.c.obj
 .bss.chars_available_param
                0x200010ac        0x4 CMakeFiles/transmitter.dir/C_/Users/luong/.pico-sdk/sdk/2.2.0/src/rp2_common/pico_stdio_uart/stdio_uart.c.obj
 .bss.claimed   0x200010b0        0x2 CMakeFiles/transmitter.dir/C_/Users/luong/.pico-sdk/sdk/2.2.0/src/rp2_common/hardware_timer/timer.c.obj
 *fill*         0x200010b2        0x2 
 .bss.configured_freq
                0x200010b4       0x28 CMakeFiles/transmitter.dir/C_/Users/luong/.pico-sdk/sdk/2.2.0/src/rp2_common/hardware_clocks/clocks.c.obj
 .bss.door_close_time
                0x200010dc        0x4 CMakeFiles/transmitter.dir/transmitter.c.obj
                0x200010dc                door_close_time
 .bss.drivers   0x200010e0        0x4 CMakeFiles/transmitter.dir/C_/Users/luong/.pico-sdk/sdk/2.2.0/src/rp2_common/pico_stdio/stdio.c.obj
 .bss.errno     0x200010e4        0x4 C:/PROGRA~2/ARMGNU~1/14EFD8~1.2RE/bin/../lib/gcc/arm-none-eabi/14.2.1/thumb/v8-m.main+fp/softfp\libg.a(libc_a-reent.o)
                0x200010e4                errno
 .bss.filter    0x200010e8        0x4 CMakeFiles/transmitter.dir/C_/Users/luong/.pico-sdk/sdk/2.2.0/src/rp2_common/pico_stdio/stdio.c.obj
 .bss.heap_end.0
                0x200010ec        0x4 CMakeFiles/transmitter.dir/C_/Users/luong/.pico-sdk/sdk/2.2.0/src/rp2_common/pico_clib_interface/newlib_interface.c.obj
 .bss.last_version_print.0
                0x200010f0        0x4 CMakeFiles/transmitter.dir/transmitter.c.obj
 .bss.lazy_vsnprintf
                0x200010f4        0x4 CMakeFiles/transmitter.dir/C_/Users/luong/.pico-sdk/sdk/2.2.0/src/rp2_common/pico_printf/printf.c.obj
 .bss.object.0  0x200010f8       0x18 C:/PROGRA~2/ARMGNU~1/14EFD8~1.2RE/bin/../lib/gcc/arm-none-eabi/14.2.1/thumb/v8-m.main+fp/softfp/crtbegin.o
 .bss.pools     0x20001110       0x20 CMakeFiles/transmitter.dir/C_/Users/luong/.pico-sdk/sdk/2.2.0/src/common/pico_time/time.c.obj
 .bss.pwm_channel
                0x20001130        0x4 CMakeFiles/transmitter.dir/transmitter.c.obj
                0x20001130                pwm_channel
 .bss.pwm_slice_num
                0x20001134        0x4 CMakeFiles/transmitter.dir/transmitter.c.obj
                0x20001134                pwm_slice_num
 .bss.retrieved_id
                0x20001138        0x8 CMakeFiles/transmitter.dir/C_/Users/luong/.pico-sdk/sdk/2.2.0/src/rp2_common/pico_unique_id/unique_id.c.obj
 .bss.sleep_notifier
                0x20001140        0x4 CMakeFiles/transmitter.dir/C_/Users/luong/.pico-sdk/sdk/2.2.0/src/common/pico_time/time.c.obj
 .bss.uart_char_to_line_feed
                0x20001144        0x4 CMakeFiles/transmitter.dir/C_/Users/luong/.pico-sdk/sdk/2.2.0/src/rp2_common/hardware_uart/uart.c.obj
                0x20001144                uart_char_to_line_feed
 .bss.uart_instance
                0x20001148        0x4 CMakeFiles/transmitter.dir/C_/Users/luong/.pico-sdk/sdk/2.2.0/src/rp2_common/pico_stdio_uart/stdio_uart.c.obj
 .bss.door_status
                0x2000114c        0x1 CMakeFiles/transmitter.dir/transmitter.c.obj
                0x2000114c                door_status
 .bss.irq_handler_chain_free_slot_head
                0x2000114d        0x1 CMakeFiles/transmitter.dir/C_/Users/luong/.pico-sdk/sdk/2.2.0/src/rp2_common/hardware_irq/irq.c.obj
 *(COMMON)
                [!provide]                        PROVIDE (__global_pointer$ = (. + 0x800))
 *(.sbss*)
                0x20001150                        . = ALIGN (0x4)
 *fill*         0x2000114e        0x2 
                0x20001150                        __bss_end__ = .

.heap           0x20001150      0x800 load address 0x10011828
                0x20001150                        __end__ = .
                0x20001150                        end = __end__
 *(.heap*)
 .heap          0x20001150      0x800 CMakeFiles/transmitter.dir/C_/Users/luong/.pico-sdk/sdk/2.2.0/src/rp2_common/pico_crt0/crt0.S.obj
                0x20080000                        __HeapLimit = (ORIGIN (RAM) + LENGTH (RAM))

.scratch_x      0x20080000        0x0 load address 0x10011828
                0x20080000                        __scratch_x_start__ = .
 *(.scratch_x.*)
                0x20080000                        . = ALIGN (0x4)
                0x20080000                        __scratch_x_end__ = .
                0x10011828                        __scratch_x_source__ = LOADADDR (.scratch_x)

.scratch_y      0x20081000        0x0 load address 0x10011828
                0x20081000                        __scratch_y_start__ = .
 *(.scratch_y.*)
                0x20081000                        . = ALIGN (0x4)
                0x20081000                        __scratch_y_end__ = .
                0x10011828                        __scratch_y_source__ = LOADADDR (.scratch_y)

.stack1_dummy
 *(.stack1*)

.stack_dummy    0x20081000      0x800
 *(.stack*)
 .stack         0x20081000      0x800 CMakeFiles/transmitter.dir/C_/Users/luong/.pico-sdk/sdk/2.2.0/src/rp2_common/pico_crt0/crt0.S.obj

.flash_end      0x10011828       0x14
 *(.embedded_end_block*)
 .embedded_end_block
                0x10011828       0x14 CMakeFiles/transmitter.dir/C_/Users/luong/.pico-sdk/sdk/2.2.0/src/rp2_common/pico_crt0/crt0.S.obj
                0x1001183c                        PROVIDE (__flash_binary_end = .)
                0x20080000                        __StackLimit = (ORIGIN (RAM) + LENGTH (RAM))
                0x20081000                        __StackOneTop = (ORIGIN (SCRATCH_X) + LENGTH (SCRATCH_X))
                0x20082000                        __StackTop = (ORIGIN (SCRATCH_Y) + LENGTH (SCRATCH_Y))
                0x20081000                        __StackOneBottom = (__StackOneTop - SIZEOF (.stack1_dummy))
                0x20081800                        __StackBottom = (__StackTop - SIZEOF (.stack_dummy))
                0x20082000                        PROVIDE (__stack = __StackTop)
                [!provide]                        PROVIDE (__heap_start = __end__)
                [!provide]                        PROVIDE (__heap_end = __HeapLimit)
                [!provide]                        PROVIDE (__tls_align = MAX (ALIGNOF (.tdata), ALIGNOF (.tbss)))
                [!provide]                        PROVIDE (__tls_size_align = (((__tls_size + __tls_align) - 0x1) & ~ ((__tls_align - 0x1))))
                [!provide]                        PROVIDE (__arm32_tls_tcb_offset = MAX (0x8, __tls_align))
                [!provide]                        PROVIDE (_end = __end__)
                [!provide]                        PROVIDE (__llvm_libc_heap_limit = __HeapLimit)
                0x00000001                        ASSERT ((__StackLimit >= __HeapLimit), region RAM overflowed)
                0x00000001                        ASSERT (((__binary_info_header_end - __logical_binary_start) <= 0x400), Binary info must be in first 1024 bytes of the binary)
                0x00000001                        ASSERT (((__embedded_block_end - __logical_binary_start) <= 0x1000), Embedded block must be in first 4096 bytes of the binary)
LOAD CMakeFiles/transmitter.dir/transmitter.c.obj
LOAD CMakeFiles/transmitter.dir/C_/Users/luong/.pico-sdk/sdk/2.2.0/src/rp2_common/pico_stdlib/stdlib.c.obj
LOAD CMakeFiles/transmitter.dir/C_/Users/luong/.pico-sdk/sdk/2.2.0/src/rp2_common/hardware_gpio/gpio.c.obj
LOAD CMakeFiles/transmitter.dir/C_/Users/luong/.pico-sdk/sdk/2.2.0/src/rp2350/pico_platform/platform.c.obj
LOAD CMakeFiles/transmitter.dir/C_/Users/luong/.pico-sdk/sdk/2.2.0/src/rp2_common/pico_platform_common/common.c.obj
LOAD CMakeFiles/transmitter.dir/C_/Users/luong/.pico-sdk/sdk/2.2.0/src/rp2_common/pico_platform_panic/panic.c.obj
LOAD CMakeFiles/transmitter.dir/C_/Users/luong/.pico-sdk/sdk/2.2.0/src/common/hardware_claim/claim.c.obj
LOAD CMakeFiles/transmitter.dir/C_/Users/luong/.pico-sdk/sdk/2.2.0/src/rp2_common/hardware_sync/sync.c.obj
LOAD CMakeFiles/transmitter.dir/C_/Users/luong/.pico-sdk/sdk/2.2.0/src/rp2_common/hardware_sync_spin_lock/sync_spin_lock.c.obj
LOAD CMakeFiles/transmitter.dir/C_/Users/luong/.pico-sdk/sdk/2.2.0/src/rp2_common/hardware_irq/irq.c.obj
LOAD CMakeFiles/transmitter.dir/C_/Users/luong/.pico-sdk/sdk/2.2.0/src/rp2_common/hardware_irq/irq_handler_chain.S.obj
LOAD CMakeFiles/transmitter.dir/C_/Users/luong/.pico-sdk/sdk/2.2.0/src/common/pico_sync/sem.c.obj
LOAD CMakeFiles/transmitter.dir/C_/Users/luong/.pico-sdk/sdk/2.2.0/src/common/pico_sync/lock_core.c.obj
LOAD CMakeFiles/transmitter.dir/C_/Users/luong/.pico-sdk/sdk/2.2.0/src/common/pico_sync/mutex.c.obj
LOAD CMakeFiles/transmitter.dir/C_/Users/luong/.pico-sdk/sdk/2.2.0/src/common/pico_sync/critical_section.c.obj
LOAD CMakeFiles/transmitter.dir/C_/Users/luong/.pico-sdk/sdk/2.2.0/src/common/pico_time/time.c.obj
LOAD CMakeFiles/transmitter.dir/C_/Users/luong/.pico-sdk/sdk/2.2.0/src/common/pico_time/timeout_helper.c.obj
LOAD CMakeFiles/transmitter.dir/C_/Users/luong/.pico-sdk/sdk/2.2.0/src/rp2_common/hardware_timer/timer.c.obj
LOAD CMakeFiles/transmitter.dir/C_/Users/luong/.pico-sdk/sdk/2.2.0/src/common/pico_util/datetime.c.obj
LOAD CMakeFiles/transmitter.dir/C_/Users/luong/.pico-sdk/sdk/2.2.0/src/common/pico_util/pheap.c.obj
LOAD CMakeFiles/transmitter.dir/C_/Users/luong/.pico-sdk/sdk/2.2.0/src/common/pico_util/queue.c.obj
LOAD CMakeFiles/transmitter.dir/C_/Users/luong/.pico-sdk/sdk/2.2.0/src/rp2_common/hardware_uart/uart.c.obj
LOAD CMakeFiles/transmitter.dir/C_/Users/luong/.pico-sdk/sdk/2.2.0/src/rp2_common/hardware_clocks/clocks.c.obj
LOAD CMakeFiles/transmitter.dir/C_/Users/luong/.pico-sdk/sdk/2.2.0/src/rp2_common/hardware_pll/pll.c.obj
LOAD CMakeFiles/transmitter.dir/C_/Users/luong/.pico-sdk/sdk/2.2.0/src/rp2_common/hardware_vreg/vreg.c.obj
LOAD CMakeFiles/transmitter.dir/C_/Users/luong/.pico-sdk/sdk/2.2.0/src/rp2_common/hardware_watchdog/watchdog.c.obj
LOAD CMakeFiles/transmitter.dir/C_/Users/luong/.pico-sdk/sdk/2.2.0/src/rp2_common/hardware_ticks/ticks.c.obj
LOAD CMakeFiles/transmitter.dir/C_/Users/luong/.pico-sdk/sdk/2.2.0/src/rp2_common/pico_bootrom/bootrom.c.obj
LOAD CMakeFiles/transmitter.dir/C_/Users/luong/.pico-sdk/sdk/2.2.0/src/rp2_common/pico_bootrom/bootrom_lock.c.obj
LOAD CMakeFiles/transmitter.dir/C_/Users/luong/.pico-sdk/sdk/2.2.0/src/rp2_common/hardware_boot_lock/boot_lock.c.obj
LOAD CMakeFiles/transmitter.dir/C_/Users/luong/.pico-sdk/sdk/2.2.0/src/rp2_common/pico_flash/flash.c.obj
LOAD CMakeFiles/transmitter.dir/C_/Users/luong/.pico-sdk/sdk/2.2.0/src/rp2_common/hardware_xosc/xosc.c.obj
LOAD CMakeFiles/transmitter.dir/C_/Users/luong/.pico-sdk/sdk/2.2.0/src/rp2_common/hardware_divider/divider.c.obj
LOAD CMakeFiles/transmitter.dir/C_/Users/luong/.pico-sdk/sdk/2.2.0/src/rp2_common/pico_runtime/runtime.c.obj
LOAD CMakeFiles/transmitter.dir/C_/Users/luong/.pico-sdk/sdk/2.2.0/src/rp2_common/pico_runtime_init/runtime_init.c.obj
LOAD CMakeFiles/transmitter.dir/C_/Users/luong/.pico-sdk/sdk/2.2.0/src/rp2_common/pico_runtime_init/runtime_init_clocks.c.obj
LOAD CMakeFiles/transmitter.dir/C_/Users/luong/.pico-sdk/sdk/2.2.0/src/rp2_common/pico_runtime_init/runtime_init_stack_guard.c.obj
LOAD CMakeFiles/transmitter.dir/C_/Users/luong/.pico-sdk/sdk/2.2.0/src/rp2_common/pico_bit_ops/bit_ops_aeabi.S.obj
LOAD CMakeFiles/transmitter.dir/C_/Users/luong/.pico-sdk/sdk/2.2.0/src/rp2_common/pico_divider/divider_compiler.c.obj
LOAD CMakeFiles/transmitter.dir/C_/Users/luong/.pico-sdk/sdk/2.2.0/src/rp2_common/pico_double/double_math.c.obj
LOAD CMakeFiles/transmitter.dir/C_/Users/luong/.pico-sdk/sdk/2.2.0/src/rp2_common/pico_double/double_aeabi_dcp.S.obj
LOAD CMakeFiles/transmitter.dir/C_/Users/luong/.pico-sdk/sdk/2.2.0/src/rp2_common/pico_double/double_fma_dcp.S.obj
LOAD CMakeFiles/transmitter.dir/C_/Users/luong/.pico-sdk/sdk/2.2.0/src/rp2_common/pico_double/double_sci_m33.S.obj
LOAD CMakeFiles/transmitter.dir/C_/Users/luong/.pico-sdk/sdk/2.2.0/src/rp2_common/pico_double/double_conv_m33.S.obj
LOAD CMakeFiles/transmitter.dir/C_/Users/luong/.pico-sdk/sdk/2.2.0/src/rp2_common/pico_float/float_math.c.obj
LOAD CMakeFiles/transmitter.dir/C_/Users/luong/.pico-sdk/sdk/2.2.0/src/rp2_common/pico_float/float_conv32_vfp.S.obj
LOAD CMakeFiles/transmitter.dir/C_/Users/luong/.pico-sdk/sdk/2.2.0/src/rp2_common/pico_float/float_common_m33.S.obj
LOAD CMakeFiles/transmitter.dir/C_/Users/luong/.pico-sdk/sdk/2.2.0/src/rp2_common/pico_float/float_sci_m33_vfp.S.obj
LOAD CMakeFiles/transmitter.dir/C_/Users/luong/.pico-sdk/sdk/2.2.0/src/rp2_common/pico_malloc/malloc.c.obj
LOAD CMakeFiles/transmitter.dir/C_/Users/luong/.pico-sdk/sdk/2.2.0/src/rp2_common/pico_atomic/atomic.c.obj
LOAD CMakeFiles/transmitter.dir/C_/Users/luong/.pico-sdk/sdk/2.2.0/src/rp2_common/pico_cxx_options/new_delete.cpp.obj
LOAD CMakeFiles/transmitter.dir/C_/Users/luong/.pico-sdk/sdk/2.2.0/src/rp2_common/pico_standard_binary_info/standard_binary_info.c.obj
LOAD CMakeFiles/transmitter.dir/C_/Users/luong/.pico-sdk/sdk/2.2.0/src/rp2_common/pico_printf/printf.c.obj
LOAD CMakeFiles/transmitter.dir/C_/Users/luong/.pico-sdk/sdk/2.2.0/src/rp2_common/pico_crt0/crt0.S.obj
LOAD CMakeFiles/transmitter.dir/C_/Users/luong/.pico-sdk/sdk/2.2.0/src/rp2_common/pico_clib_interface/newlib_interface.c.obj
LOAD CMakeFiles/transmitter.dir/C_/Users/luong/.pico-sdk/sdk/2.2.0/src/rp2_common/pico_stdio/stdio.c.obj
LOAD CMakeFiles/transmitter.dir/C_/Users/luong/.pico-sdk/sdk/2.2.0/src/rp2_common/pico_stdio_uart/stdio_uart.c.obj
LOAD CMakeFiles/transmitter.dir/C_/Users/luong/.pico-sdk/sdk/2.2.0/src/rp2_common/pico_stdio_usb/reset_interface.c.obj
LOAD CMakeFiles/transmitter.dir/C_/Users/luong/.pico-sdk/sdk/2.2.0/src/rp2_common/pico_stdio_usb/stdio_usb.c.obj
LOAD CMakeFiles/transmitter.dir/C_/Users/luong/.pico-sdk/sdk/2.2.0/src/rp2_common/pico_stdio_usb/stdio_usb_descriptors.c.obj
LOAD CMakeFiles/transmitter.dir/C_/Users/luong/.pico-sdk/sdk/2.2.0/src/rp2_common/pico_unique_id/unique_id.c.obj
LOAD CMakeFiles/transmitter.dir/C_/Users/luong/.pico-sdk/sdk/2.2.0/src/rp2_common/hardware_flash/flash.c.obj
LOAD CMakeFiles/transmitter.dir/C_/Users/luong/.pico-sdk/sdk/2.2.0/src/rp2_common/hardware_xip_cache/xip_cache.c.obj
LOAD CMakeFiles/transmitter.dir/C_/Users/luong/.pico-sdk/sdk/2.2.0/lib/tinyusb/src/portable/raspberrypi/rp2040/dcd_rp2040.c.obj
LOAD CMakeFiles/transmitter.dir/C_/Users/luong/.pico-sdk/sdk/2.2.0/lib/tinyusb/src/portable/raspberrypi/rp2040/rp2040_usb.c.obj
LOAD CMakeFiles/transmitter.dir/C_/Users/luong/.pico-sdk/sdk/2.2.0/lib/tinyusb/src/device/usbd.c.obj
LOAD CMakeFiles/transmitter.dir/C_/Users/luong/.pico-sdk/sdk/2.2.0/lib/tinyusb/src/device/usbd_control.c.obj
LOAD CMakeFiles/transmitter.dir/C_/Users/luong/.pico-sdk/sdk/2.2.0/lib/tinyusb/src/class/audio/audio_device.c.obj
LOAD CMakeFiles/transmitter.dir/C_/Users/luong/.pico-sdk/sdk/2.2.0/lib/tinyusb/src/class/cdc/cdc_device.c.obj
LOAD CMakeFiles/transmitter.dir/C_/Users/luong/.pico-sdk/sdk/2.2.0/lib/tinyusb/src/class/dfu/dfu_device.c.obj
LOAD CMakeFiles/transmitter.dir/C_/Users/luong/.pico-sdk/sdk/2.2.0/lib/tinyusb/src/class/dfu/dfu_rt_device.c.obj
LOAD CMakeFiles/transmitter.dir/C_/Users/luong/.pico-sdk/sdk/2.2.0/lib/tinyusb/src/class/hid/hid_device.c.obj
LOAD CMakeFiles/transmitter.dir/C_/Users/luong/.pico-sdk/sdk/2.2.0/lib/tinyusb/src/class/midi/midi_device.c.obj
LOAD CMakeFiles/transmitter.dir/C_/Users/luong/.pico-sdk/sdk/2.2.0/lib/tinyusb/src/class/msc/msc_device.c.obj
LOAD CMakeFiles/transmitter.dir/C_/Users/luong/.pico-sdk/sdk/2.2.0/lib/tinyusb/src/class/net/ecm_rndis_device.c.obj
LOAD CMakeFiles/transmitter.dir/C_/Users/luong/.pico-sdk/sdk/2.2.0/lib/tinyusb/src/class/net/ncm_device.c.obj
LOAD CMakeFiles/transmitter.dir/C_/Users/luong/.pico-sdk/sdk/2.2.0/lib/tinyusb/src/class/usbtmc/usbtmc_device.c.obj
LOAD CMakeFiles/transmitter.dir/C_/Users/luong/.pico-sdk/sdk/2.2.0/lib/tinyusb/src/class/vendor/vendor_device.c.obj
LOAD CMakeFiles/transmitter.dir/C_/Users/luong/.pico-sdk/sdk/2.2.0/lib/tinyusb/src/class/video/video_device.c.obj
LOAD CMakeFiles/transmitter.dir/C_/Users/luong/.pico-sdk/sdk/2.2.0/lib/tinyusb/src/tusb.c.obj
LOAD CMakeFiles/transmitter.dir/C_/Users/luong/.pico-sdk/sdk/2.2.0/lib/tinyusb/src/common/tusb_fifo.c.obj
LOAD CMakeFiles/transmitter.dir/C_/Users/luong/.pico-sdk/sdk/2.2.0/src/rp2_common/pico_fix/rp2040_usb_device_enumeration/rp2040_usb_device_enumeration.c.obj
LOAD pico-sdk/src/rp2350/boot_stage2/CMakeFiles/bs2_default_library.dir/./bs2_default_padded_checksummed.S.obj
LOAD C:/PROGRA~2/ARMGNU~1/14EFD8~1.2RE/bin/../lib/gcc/arm-none-eabi/14.2.1/thumb/v8-m.main+fp/softfp\libstdc++.a
LOAD C:/PROGRA~2/ARMGNU~1/14EFD8~1.2RE/bin/../lib/gcc/arm-none-eabi/14.2.1/thumb/v8-m.main+fp/softfp\libm.a
START GROUP
LOAD C:/PROGRA~2/ARMGNU~1/14EFD8~1.2RE/bin/../lib/gcc/arm-none-eabi/14.2.1/thumb/v8-m.main+fp/softfp\libgcc.a
LOAD C:/PROGRA~2/ARMGNU~1/14EFD8~1.2RE/bin/../lib/gcc/arm-none-eabi/14.2.1/thumb/v8-m.main+fp/softfp\libg.a
LOAD C:/PROGRA~2/ARMGNU~1/14EFD8~1.2RE/bin/../lib/gcc/arm-none-eabi/14.2.1/thumb/v8-m.main+fp/softfp\libc.a
END GROUP
START GROUP
LOAD C:/PROGRA~2/ARMGNU~1/14EFD8~1.2RE/bin/../lib/gcc/arm-none-eabi/14.2.1/thumb/v8-m.main+fp/softfp\libgcc.a
LOAD C:/PROGRA~2/ARMGNU~1/14EFD8~1.2RE/bin/../lib/gcc/arm-none-eabi/14.2.1/thumb/v8-m.main+fp/softfp\libc.a
LOAD C:/PROGRA~2/ARMGNU~1/14EFD8~1.2RE/bin/../lib/gcc/arm-none-eabi/14.2.1/thumb/v8-m.main+fp/softfp\libnosys.a
END GROUP
LOAD C:/PROGRA~2/ARMGNU~1/14EFD8~1.2RE/bin/../lib/gcc/arm-none-eabi/14.2.1/thumb/v8-m.main+fp/softfp/crtend.o
LOAD C:/PROGRA~2/ARMGNU~1/14EFD8~1.2RE/bin/../lib/gcc/arm-none-eabi/14.2.1/thumb/v8-m.main+fp/softfp/crtn.o
OUTPUT(transmitter.elf elf32-littlearm)
LOAD linker stubs

.rel.dyn        0x1001183c        0x0
 .rel.iplt      0x1001183c        0x0 C:/PROGRA~2/ARMGNU~1/14EFD8~1.2RE/bin/../lib/gcc/arm-none-eabi/14.2.1/thumb/v8-m.main+fp/softfp/crtbegin.o

.ARM.attributes
                0x00000000       0x34
 .ARM.attributes
                0x00000000       0x26 C:/PROGRA~2/ARMGNU~1/14EFD8~1.2RE/bin/../lib/gcc/arm-none-eabi/14.2.1/thumb/v8-m.main+fp/softfp/crti.o
 .ARM.attributes
                0x00000026       0x36 C:/PROGRA~2/ARMGNU~1/14EFD8~1.2RE/bin/../lib/gcc/arm-none-eabi/14.2.1/thumb/v8-m.main+fp/softfp/crtbegin.o
 .ARM.attributes
                0x0000005c       0x38 CMakeFiles/transmitter.dir/transmitter.c.obj
 .ARM.attributes
                0x00000094       0x38 CMakeFiles/transmitter.dir/C_/Users/luong/.pico-sdk/sdk/2.2.0/src/rp2_common/hardware_gpio/gpio.c.obj
 .ARM.attributes
                0x000000cc       0x38 CMakeFiles/transmitter.dir/C_/Users/luong/.pico-sdk/sdk/2.2.0/src/rp2_common/pico_platform_panic/panic.c.obj
 .ARM.attributes
                0x00000104       0x38 CMakeFiles/transmitter.dir/C_/Users/luong/.pico-sdk/sdk/2.2.0/src/common/hardware_claim/claim.c.obj
 .ARM.attributes